Component: ARM Compiler 5.06 update 4 (build 422) Tool: armlink [4d35d2]

==============================================================================

Section Cross References

    api_quaternion.o(i.QuaternionEKF_A_Update) refers to rt_memclr_w.o(.text) for __aeabi_memclr4
    api_quaternion.o(i.QuaternionEKF_A_Update) refers to api_quaternion.o(i.Fast_InverseSqrt) for Fast_InverseSqrt
    api_quaternion.o(i.QuaternionEKF_ChiSqrtTest) refers to arm_mat_mult_f32.o(.text) for arm_mat_mult_f32
    api_quaternion.o(i.QuaternionEKF_ChiSqrtTest) refers to arm_mat_trans_f32.o(.text) for arm_mat_trans_f32
    api_quaternion.o(i.QuaternionEKF_ChiSqrtTest) refers to rt_memcpy_w.o(.text) for __aeabi_memcpy4
    api_quaternion.o(i.QuaternionEKF_H_Update) refers to rt_memclr_w.o(.text) for __aeabi_memclr4
    api_quaternion.o(i.QuaternionEKF_Init) refers to kalman.o(i.Kalman_Filter_Init) for Kalman_Filter_Init
    api_quaternion.o(i.QuaternionEKF_Init) refers to rt_memcpy_w.o(.text) for __aeabi_memcpy4
    api_quaternion.o(i.QuaternionEKF_Init) refers to api_quaternion.o(i.QuaternionEKF_A_Update) for QuaternionEKF_A_Update
    api_quaternion.o(i.QuaternionEKF_Init) refers to api_quaternion.o(i.QuaternionEKF_H_Update) for QuaternionEKF_H_Update
    api_quaternion.o(i.QuaternionEKF_Init) refers to api_quaternion.o(i.QuaternionEKF_xhat_Update) for QuaternionEKF_xhat_Update
    api_quaternion.o(i.QuaternionEKF_Update) refers to api_quaternion.o(i.Fast_InverseSqrt) for Fast_InverseSqrt
    api_quaternion.o(i.QuaternionEKF_Update) refers to rt_memcpy_w.o(.text) for __aeabi_memcpy4
    api_quaternion.o(i.QuaternionEKF_Update) refers to kalman.o(i.Kalman_Filter_Update) for Kalman_Filter_Update
    api_quaternion.o(i.QuaternionEKF_Update) refers to atan2f.o(i.__hardfp_atan2f) for __hardfp_atan2f
    api_quaternion.o(i.QuaternionEKF_Update) refers to asinf.o(i.__hardfp_asinf) for __hardfp_asinf
    api_quaternion.o(i.QuaternionEKF_xhat_Update) refers to arm_mat_trans_f32.o(.text) for arm_mat_trans_f32
    api_quaternion.o(i.QuaternionEKF_xhat_Update) refers to arm_mat_mult_f32.o(.text) for arm_mat_mult_f32
    api_quaternion.o(i.QuaternionEKF_xhat_Update) refers to arm_mat_add_f32.o(.text) for arm_mat_add_f32
    api_quaternion.o(i.QuaternionEKF_xhat_Update) refers to arm_mat_inverse_f32.o(.text) for arm_mat_inverse_f32
    api_quaternion.o(i.QuaternionEKF_xhat_Update) refers to acosf.o(i.__hardfp_acosf) for __hardfp_acosf
    api_quaternion.o(i.QuaternionEKF_xhat_Update) refers to arm_mat_sub_f32.o(.text) for arm_mat_sub_f32
    api_quaternion.o(i.QuaternionEKF_xhat_Update) refers to api_quaternion.o(i.QuaternionEKF_ChiSqrtTest) for QuaternionEKF_ChiSqrtTest
    ins_task.o(i.BMI088_Temp_Control) refers to pid.o(i.f_PID_Calculate) for f_PID_Calculate
    ins_task.o(i.BMI088_Temp_Control) refers to bsp_tim.o(i.Heat_Power_Control) for Heat_Power_Control
    ins_task.o(i.BMI088_Temp_Control) refers to ins_task.o(.bss) for .bss
    ins_task.o(i.INSTask_Init) refers to lpf.o(i.LowPassFilter2p_Init) for LowPassFilter2p_Init
    ins_task.o(i.INSTask_Init) refers to pid.o(i.PID_Init) for PID_Init
    ins_task.o(i.INSTask_Init) refers to api_quaternion.o(i.QuaternionEKF_Init) for QuaternionEKF_Init
    ins_task.o(i.INSTask_Init) refers to ins_task.o(.data) for .data
    ins_task.o(i.INSTask_Init) refers to ins_task.o(.bss) for .bss
    ins_task.o(i.INS_Task) refers to ins_task.o(i.INSTask_Init) for INSTask_Init
    ins_task.o(i.INS_Task) refers to cmsis_os.o(i.osKernelSysTick) for osKernelSysTick
    ins_task.o(i.INS_Task) refers to bmi088.o(i.BMI088_Info_Update) for BMI088_Info_Update
    ins_task.o(i.INS_Task) refers to lpf.o(i.LowPassFilter2p_Update) for LowPassFilter2p_Update
    ins_task.o(i.INS_Task) refers to api_quaternion.o(i.QuaternionEKF_Update) for QuaternionEKF_Update
    ins_task.o(i.INS_Task) refers to ins_task.o(i.BMI088_Temp_Control) for BMI088_Temp_Control
    ins_task.o(i.INS_Task) refers to cmsis_os.o(i.osDelayUntil) for osDelayUntil
    ins_task.o(i.INS_Task) refers to ins_task.o(.bss) for .bss
    ins_task.o(i.INS_Task) refers to bmi088.o(.bss) for BMI088_Info
    cantxtask.o(i.CANTx_Task) refers to cmsis_os.o(i.osDelay) for osDelay
    cantxtask.o(i.CANTx_Task) refers to bsp_can.o(i.USER_CAN_TxMessage) for USER_CAN_TxMessage
    cantxtask.o(i.CANTx_Task) refers to chassistask.o(.data) for Chassis_Ctrl
    cantxtask.o(i.CANTx_Task) refers to bsp_can.o(.data) for ChassisTxFrame
    cantxtask.o(i.CANTx_Task) refers to bsp_can.o(.data) for Referee_Message
    cantxtask.o(i.CANTx_Task) refers to bsp_can.o(.data) for Send2GimbalTxFrame
    cantxtask.o(i.CANTx_Task) refers to ins_task.o(.bss) for INS_Info
    cantxtask.o(i.CANTx_Task) refers to cantxtask.o(.data) for .data
    cantxtask.o(i.CANTx_Task) refers to bsp_can.o(.data) for SupercapTxFrame
    cantxtask.o(i.CANTx_Task) refers to referee.o(.bss) for power_heat_data_t
    cantxtask.o(i.CANTx_Task) refers to cantxtask.o(.bss) for .bss
[...]
    __user_perthread_libspace                0x08001241   Thumb Code     0  libspace.o(.text)
    __aeabi_errno_addr                       0x08001249   Thumb Code     8  rt_errno_addr_intlibspace.o(.text)
    __errno$intlibspace                      0x08001249   Thumb Code     0  rt_errno_addr_intlibspace.o(.text)
    __rt_errno_addr$intlibspace              0x08001249   Thumb Code     0  rt_errno_addr_intlibspace.o(.text)
    __Heap_ProvideMemory                     0x08001251   Thumb Code    52  h1_extend.o(.text)
    _fp_trap                                 0x08001285   Thumb Code    44  _fptrap.o(.text)
    __rt_SIGRTMEM                            0x080012b5   Thumb Code    14  defsig_rtmem_outer.o(.text)
    __I$use$semihosting                      0x080012c3   Thumb Code     0  use_no_semi.o(.text)
    __use_no_semihosting_swi                 0x080012c3   Thumb Code     2  use_no_semi.o(.text)
    __semihosting_library_function           0x080012c5   Thumb Code     0  indicate_semi.o(.text)
    __user_setup_stackheap                   0x080012c5   Thumb Code    74  sys_stackheap_outer.o(.text)
    exit                                     0x0800130f   Thumb Code    18  exit.o(.text)
    __sig_exit                               0x08001321   Thumb Code    10  defsig_exit.o(.text)
    __rt_SIGFPE                              0x0800132b   Thumb Code    14  defsig_fpe_outer.o(.text)
    __rt_SIGRTMEM_inner                      0x08001339   Thumb Code    22  defsig_rtmem_inner.o(.text)
    _sys_exit                                0x08001389   Thumb Code     8  sys_exit.o(.text)
    __default_signal_display                 0x08001395   Thumb Code    50  defsig_general.o(.text)
    __rt_SIGFPE_inner                        0x080013c9   Thumb Code    62  defsig_fpe_inner.o(.text)
    _ttywrch                                 0x08001475   Thumb Code    14  sys_wrch.o(.text)
    BMI088_ACCEL_NS_H                        0x08001485   Thumb Code    10  bsp_gpio.o(i.BMI088_ACCEL_NS_H)
    BMI088_ACCEL_NS_L                        0x08001495   Thumb Code    10  bsp_gpio.o(i.BMI088_ACCEL_NS_L)
    BMI088_GYRO_NS_H                         0x080015b1   Thumb Code    10  bsp_gpio.o(i.BMI088_GYRO_NS_H)
    BMI088_GYRO_NS_L                         0x080015c1   Thumb Code    10  bsp_gpio.o(i.BMI088_GYRO_NS_L)
    BMI088_Info_Update                       0x080016ad   Thumb Code   362  bmi088.o(i.BMI088_Info_Update)
    BMI088_Init                              0x0800181d   Thumb Code    40  bmi088.o(i.BMI088_Init)
    BMI088_Read_Write_Byte                   0x080018b1   Thumb Code    32  bsp_spi.o(i.BMI088_Read_Write_Byte)
    BusFault_Handler                         0x0800194f   Thumb Code     2  stm32f4xx_it.o(i.BusFault_Handler)
    CAN1_RX0_IRQHandler                      0x08001951   Thumb Code     6  stm32f4xx_it.o(i.CAN1_RX0_IRQHandler)
    CAN1_rxDataHandler                       0x0800195d   Thumb Code    74  bsp_can.o(i.CAN1_rxDataHandler)
    CAN2_RX0_IRQHandler                      0x080019b1   Thumb Code     6  stm32f4xx_it.o(i.CAN2_RX0_IRQHandler)
    CAN2_rxDataHandler                       0x080019bd   Thumb Code   100  bsp_can.o(i.CAN2_rxDataHandler)
    CANTx_Task                               0x08001a29   Thumb Code   212  cantxtask.o(i.CANTx_Task)
    CAN_Init                                 0x08001b29   Thumb Code    86  bsp_can.o(i.CAN_Init)
    Char_Graphic                             0x08001b89   Thumb Code   168  ui.o(i.Char_Graphic)
    Chassis_Task                             0x08001d11   Thumb Code   194  chassistask.o(i.Chassis_Task)
    Client_Char_Init                         0x080020ad   Thumb Code   122  ui.o(i.Client_Char_Init)
    Client_Graph_Init                        0x08002139   Thumb Code   116  ui.o(i.Client_Graph_Init)
    DMA1_Stream1_IRQHandler                  0x080021b9   Thumb Code     6  stm32f4xx_it.o(i.DMA1_Stream1_IRQHandler)
    DMA2_Stream1_IRQHandler                  0x080021c5   Thumb Code     6  stm32f4xx_it.o(i.DMA2_Stream1_IRQHandler)
    DMA2_Stream6_IRQHandler                  0x080021d1   Thumb Code     6  stm32f4xx_it.o(i.DMA2_Stream6_IRQHandler)
    DebugMon_Handler                         0x080022ab   Thumb Code     2  stm32f4xx_it.o(i.DebugMon_Handler)
    Delay_ms                                 0x080022ad   Thumb Code    22  bsp_tick.o(i.Delay_ms)
    Delay_us                                 0x080022c3   Thumb Code    22  bsp_tick.o(i.Delay_us)
    EXTI9_5_IRQHandler                       0x080024f1   Thumb Code     6  stm32f4xx_it.o(i.EXTI9_5_IRQHandler)
    Error_Handler                            0x080024f7   Thumb Code     4  main.o(i.Error_Handler)
    Figure_Graphic                           0x08002529   Thumb Code   146  ui.o(i.Figure_Graphic)
    HAL_CAN_ActivateNotification             0x080026b9   Thumb Code    36  stm32f4xx_hal_can.o(i.HAL_CAN_ActivateNotification)
    HAL_CAN_AddTxMessage                     0x080026dd   Thumb Code   242  stm32f4xx_hal_can.o(i.HAL_CAN_AddTxMessage)
    HAL_CAN_ConfigFilter                     0x080027d1   Thumb Code   266  stm32f4xx_hal_can.o(i.HAL_CAN_ConfigFilter)
    HAL_CAN_ErrorCallback                    0x080028e1   Thumb Code     2  stm32f4xx_hal_can.o(i.HAL_CAN_ErrorCallback)
    HAL_CAN_GetRxMessage                     0x080028e3   Thumb Code   262  stm32f4xx_hal_can.o(i.HAL_CAN_GetRxMessage)
    HAL_CAN_IRQHandler                       0x080029e9   Thumb Code   508  stm32f4xx_hal_can.o(i.HAL_CAN_IRQHandler)
    HAL_CAN_Init                             0x08002be5   Thumb Code   338  stm32f4xx_hal_can.o(i.HAL_CAN_Init)
    HAL_CAN_MspInit                          0x08002d39   Thumb Code   230  can.o(i.HAL_CAN_MspInit)
    HAL_CAN_RxFifo0FullCallback              0x08002e39   Thumb Code     2  stm32f4xx_hal_can.o(i.HAL_CAN_RxFifo0FullCallback)
    HAL_CAN_RxFifo0MsgPendingCallback        0x08002e3d   Thumb Code    68  bsp_can.o(i.HAL_CAN_RxFifo0MsgPendingCallback)
    HAL_CAN_RxFifo1FullCallback              0x08002e8d   Thumb Code     2  stm32f4xx_hal_can.o(i.HAL_CAN_RxFifo1FullCallback)
    HAL_CAN_RxFifo1MsgPendingCallback        0x08002e8f   Thumb Code     2  stm32f4xx_hal_can.o(i.HAL_CAN_RxFifo1MsgPendingCallback)
    HAL_CAN_SleepCallback                    0x08002e91   Thumb Code     2  stm32f4xx_hal_can.o(i.HAL_CAN_SleepCallback)
    HAL_CAN_Start                            0x08002e93   Thumb Code    88  stm32f4xx_hal_can.o(i.HAL_CAN_Start)
    HAL_CAN_TxMailbox0AbortCallback          0x08002eeb   Thumb Code     2  stm32f4xx_hal_can.o(i.HAL_CAN_TxMailbox0AbortCallback)
    HAL_CAN_TxMailbox0CompleteCallback       0x08002eed   Thumb Code     2  stm32f4xx_hal_can.o(i.HAL_CAN_TxMailbox0CompleteCallback)
    HAL_CAN_TxMailbox1AbortCallback          0x08002eef   Thumb Code     2  stm32f4xx_hal_can.o(i.HAL_CAN_TxMailbox1AbortCallback)
    HAL_CAN_TxMailbox1CompleteCallback       0x08002ef1   Thumb Code     2  stm32f4xx_hal_can.o(i.HAL_CAN_TxMailbox1CompleteCallback)
    HAL_CAN_TxMailbox2AbortCallback          0x08002ef3   Thumb Code     2  stm32f4xx_hal_can.o(i.HAL_CAN_TxMailbox2AbortCallback)
    HAL_CAN_TxMailbox2CompleteCallback       0x08002ef5   Thumb Code     2  stm32f4xx_hal_can.o(i.HAL_CAN_TxMailbox2CompleteCallback)
    HAL_CAN_WakeUpFromRxMsgCallback          0x08002ef7   Thumb Code     2  stm32f4xx_hal_can.o(i.HAL_CAN_WakeUpFromRxMsgCallback)
    HAL_DMA_Abort                            0x08002ef9   Thumb Code   142  stm32f4xx_hal_dma.o(i.HAL_DMA_Abort)
    HAL_DMA_Abort_IT                         0x08002f87   Thumb Code    36  stm32f4xx_hal_dma.o(i.HAL_DMA_Abort_IT)
    HAL_DMA_IRQHandler                       0x08002fad   Thumb Code   460  stm32f4xx_hal_dma.o(i.HAL_DMA_IRQHandler)
    HAL_DMA_Init                             0x0800317d   Thumb Code   208  stm32f4xx_hal_dma.o(i.HAL_DMA_Init)
    HAL_DMA_Start_IT                         0x08003251   Thumb Code   110  stm32f4xx_hal_dma.o(i.HAL_DMA_Start_IT)
    HAL_GPIO_EXTI_Callback                   0x080032bf   Thumb Code     2  stm32f4xx_hal_gpio.o(i.HAL_GPIO_EXTI_Callback)
    HAL_GPIO_EXTI_IRQHandler                 0x080032c1   Thumb Code    18  stm32f4xx_hal_gpio.o(i.HAL_GPIO_EXTI_IRQHandler)
    HAL_GPIO_Init                            0x080032d9   Thumb Code   420  stm32f4xx_hal_gpio.o(i.HAL_GPIO_Init)
    HAL_GPIO_WritePin                        0x080034a9   Thumb Code    14  stm32f4xx_hal_gpio.o(i.HAL_GPIO_WritePin)
    HAL_GetTick                              0x080034b9   Thumb Code     6  stm32f4xx_hal.o(i.HAL_GetTick)
    HAL_IncTick                              0x080034c5   Thumb Code    12  stm32f4xx_hal.o(i.HAL_IncTick)
    HAL_Init                                 0x080034d5   Thumb Code    48  stm32f4xx_hal.o(i.HAL_Init)
    HAL_InitTick                             0x08003509   Thumb Code   134  stm32f4xx_hal_timebase_tim.o(i.HAL_InitTick)
    HAL_MspInit                              0x080035a1   Thumb Code    52  stm32f4xx_hal_msp.o(i.HAL_MspInit)
    HAL_NVIC_EnableIRQ                       0x080035d9   Thumb Code    26  stm32f4xx_hal_cortex.o(i.HAL_NVIC_EnableIRQ)
    HAL_NVIC_SetPriority                     0x080035f5   Thumb Code    60  stm32f4xx_hal_cortex.o(i.HAL_NVIC_SetPriority)
    HAL_NVIC_SetPriorityGrouping             0x08003635   Thumb Code    26  stm32f4xx_hal_cortex.o(i.HAL_NVIC_SetPriorityGrouping)
    HAL_RCC_CSSCallback                      0x08003659   Thumb Code     2  stm32f4xx_hal_rcc.o(i.HAL_RCC_CSSCallback)
    HAL_RCC_ClockConfig                      0x0800365d   Thumb Code   310  stm32f4xx_hal_rcc.o(i.HAL_RCC_ClockConfig)
    HAL_RCC_EnableCSS                        0x080037a9   Thumb Code     8  stm32f4xx_hal_rcc.o(i.HAL_RCC_EnableCSS)
    HAL_RCC_GetClockConfig                   0x080037b5   Thumb Code    52  stm32f4xx_hal_rcc.o(i.HAL_RCC_GetClockConfig)
    HAL_RCC_GetHCLKFreq                      0x080037f1   Thumb Code     6  stm32f4xx_hal_rcc.o(i.HAL_RCC_GetHCLKFreq)
    HAL_RCC_GetPCLK1Freq                     0x080037fd   Thumb Code    22  stm32f4xx_hal_rcc.o(i.HAL_RCC_GetPCLK1Freq)
    HAL_RCC_GetPCLK2Freq                     0x0800381d   Thumb Code    22  stm32f4xx_hal_rcc.o(i.HAL_RCC_GetPCLK2Freq)
    HAL_RCC_GetSysClockFreq                  0x0800383d   Thumb Code    94  stm32f4xx_hal_rcc.o(i.HAL_RCC_GetSysClockFreq)
    HAL_RCC_NMI_IRQHandler                   0x080038a9   Thumb Code    24  stm32f4xx_hal_rcc.o(i.HAL_RCC_NMI_IRQHandler)
    HAL_RCC_OscConfig                        0x080038c5   Thumb Code   942  stm32f4xx_hal_rcc.o(i.HAL_RCC_OscConfig)
    HAL_SPI_Init                             0x08003c85   Thumb Code   190  stm32f4xx_hal_spi.o(i.HAL_SPI_Init)
    HAL_SPI_MspInit                          0x08003d45   Thumb Code   128  spi.o(i.HAL_SPI_MspInit)
    HAL_SPI_TransmitReceive                  0x08003dd5   Thumb Code   484  stm32f4xx_hal_spi.o(i.HAL_SPI_TransmitReceive)
    HAL_TIMEx_BreakCallback                  0x08003fb9   Thumb Code     2  stm32f4xx_hal_tim_ex.o(i.HAL_TIMEx_BreakCallback)
    HAL_TIMEx_CommutCallback                 0x08003fbb   Thumb Code     2  stm32f4xx_hal_tim_ex.o(i.HAL_TIMEx_CommutCallback)
    HAL_TIMEx_ConfigBreakDeadTime            0x08003fbd   Thumb Code    84  stm32f4xx_hal_tim_ex.o(i.HAL_TIMEx_ConfigBreakDeadTime)
    HAL_TIMEx_MasterConfigSynchronization    0x08004011   Thumb Code   114  stm32f4xx_hal_tim_ex.o(i.HAL_TIMEx_MasterConfigSynchronization)
    HAL_TIM_Base_Init                        0x080040a1   Thumb Code    74  stm32f4xx_hal_tim.o(i.HAL_TIM_Base_Init)
    HAL_TIM_Base_MspInit                     0x080040ed   Thumb Code    82  tim.o(i.HAL_TIM_Base_MspInit)
    HAL_TIM_Base_Start_IT                    0x08004151   Thumb Code   110  stm32f4xx_hal_tim.o(i.HAL_TIM_Base_Start_IT)
    HAL_TIM_ConfigClockSource                0x080041dd   Thumb Code   232  stm32f4xx_hal_tim.o(i.HAL_TIM_ConfigClockSource)
    HAL_TIM_IC_CaptureCallback               0x080042c5   Thumb Code     2  stm32f4xx_hal_tim.o(i.HAL_TIM_IC_CaptureCallback)
    HAL_TIM_IRQHandler                       0x080042c7   Thumb Code   366  stm32f4xx_hal_tim.o(i.HAL_TIM_IRQHandler)
    HAL_TIM_MspPostInit                      0x08004435   Thumb Code   162  tim.o(i.HAL_TIM_MspPostInit)
    HAL_TIM_OC_ConfigChannel                 0x080044f5   Thumb Code    82  stm32f4xx_hal_tim.o(i.HAL_TIM_OC_ConfigChannel)
    HAL_TIM_OC_DelayElapsedCallback          0x08004547   Thumb Code     2  stm32f4xx_hal_tim.o(i.HAL_TIM_OC_DelayElapsedCallback)
    HAL_TIM_OC_Init                          0x08004549   Thumb Code    74  stm32f4xx_hal_tim.o(i.HAL_TIM_OC_Init)
    HAL_TIM_OC_MspInit                       0x08004593   Thumb Code     2  stm32f4xx_hal_tim.o(i.HAL_TIM_OC_MspInit)
    HAL_TIM_PWM_ConfigChannel                0x08004595   Thumb Code   216  stm32f4xx_hal_tim.o(i.HAL_TIM_PWM_ConfigChannel)
    HAL_TIM_PWM_Init                         0x0800466d   Thumb Code    74  stm32f4xx_hal_tim.o(i.HAL_TIM_PWM_Init)
    HAL_TIM_PWM_MspInit                      0x080046b7   Thumb Code     2  stm32f4xx_hal_tim.o(i.HAL_TIM_PWM_MspInit)
    HAL_TIM_PWM_PulseFinishedCallback        0x080046b9   Thumb Code     2  stm32f4xx_hal_tim.o(i.HAL_TIM_PWM_PulseFinishedCallback)
    HAL_TIM_PeriodElapsedCallback            0x080046bb   Thumb Code    14  main.o(i.HAL_TIM_PeriodElapsedCallback)
    HAL_TIM_TriggerCallback                  0x080046c9   Thumb Code     2  stm32f4xx_hal_tim.o(i.HAL_TIM_TriggerCallback)
    HAL_UARTEx_RxEventCallback               0x080046cb   Thumb Code     2  stm32f4xx_hal_uart.o(i.HAL_UARTEx_RxEventCallback)
    HAL_UART_ErrorCallback                   0x080046cd   Thumb Code     2  stm32f4xx_hal_uart.o(i.HAL_UART_ErrorCallback)
    HAL_UART_IRQHandler                      0x080046d1   Thumb Code   546  stm32f4xx_hal_uart.o(i.HAL_UART_IRQHandler)
    HAL_UART_Init                            0x080048f9   Thumb Code   100  stm32f4xx_hal_uart.o(i.HAL_UART_Init)
    HAL_UART_MspInit                         0x0800495d   Thumb Code   460  usart.o(i.HAL_UART_MspInit)
    HAL_UART_RxCpltCallback                  0x08004b55   Thumb Code     2  stm32f4xx_hal_uart.o(i.HAL_UART_RxCpltCallback)
    HAL_UART_Transmit_DMA                    0x08004b59   Thumb Code   134  stm32f4xx_hal_uart.o(i.HAL_UART_Transmit_DMA)
    HAL_UART_TxCpltCallback                  0x08004bed   Thumb Code     2  stm32f4xx_hal_uart.o(i.HAL_UART_TxCpltCallback)
    HAL_UART_TxHalfCpltCallback              0x08004bef   Thumb Code     2  stm32f4xx_hal_uart.o(i.HAL_UART_TxHalfCpltCallback)
    HardFault_Handler                        0x08004c0b   Thumb Code     2  stm32f4xx_it.o(i.HardFault_Handler)
    Heat_Power_Control                       0x08004c0d   Thumb Code    10  bsp_tim.o(i.Heat_Power_Control)
    INS_Task                                 0x08004c7d   Thumb Code   336  ins_task.o(i.INS_Task)
    Kalman_Filter_Init                       0x08004de9   Thumb Code   874  kalman.o(i.Kalman_Filter_Init)
    Kalman_Filter_Update                     0x0800531f   Thumb Code   134  kalman.o(i.Kalman_Filter_Update)
    LowPassFilter2p_Init                     0x08005499   Thumb Code    46  lpf.o(i.LowPassFilter2p_Init)
    LowPassFilter2p_Update                   0x080054cd   Thumb Code    76  lpf.o(i.LowPassFilter2p_Update)
    MX_CAN1_Init                             0x08005519   Thumb Code    62  can.o(i.MX_CAN1_Init)
    MX_CAN2_Init                             0x08005561   Thumb Code    62  can.o(i.MX_CAN2_Init)
    MX_DMA_Init                              0x080055a9   Thumb Code    88  dma.o(i.MX_DMA_Init)
    MX_FREERTOS_Init                         0x08005605   Thumb Code   118  freertos.o(i.MX_FREERTOS_Init)
    MX_GPIO_Init                             0x08005685   Thumb Code   282  gpio.o(i.MX_GPIO_Init)
    MX_SPI1_Init                             0x080057b1   Thumb Code    62  spi.o(i.MX_SPI1_Init)
    MX_TIM10_Init                            0x080057f9   Thumb Code    94  tim.o(i.MX_TIM10_Init)
    MX_TIM1_Init                             0x08005861   Thumb Code   254  tim.o(i.MX_TIM1_Init)
    MX_TIM4_Init                             0x08005969   Thumb Code   144  tim.o(i.MX_TIM4_Init)
    MX_USART1_UART_Init                      0x08005a01   Thumb Code    48  usart.o(i.MX_USART1_UART_Init)
    MX_USART3_UART_Init                      0x08005a39   Thumb Code    46  usart.o(i.MX_USART3_UART_Init)
    MX_USART6_UART_Init                      0x08005a75   Thumb Code    48  usart.o(i.MX_USART6_UART_Init)
    MemManage_Handler                        0x08005aad   Thumb Code     2  stm32f4xx_it.o(i.MemManage_Handler)
    NMI_Handler                              0x08005aaf   Thumb Code     6  stm32f4xx_it.o(i.NMI_Handler)
    PID_Init                                 0x08005b09   Thumb Code    36  pid.o(i.PID_Init)
    QuaternionEKF_Init                       0x08005f41   Thumb Code   166  api_quaternion.o(i.QuaternionEKF_Init)
    QuaternionEKF_Update                     0x08005ffd   Thumb Code   816  api_quaternion.o(i.QuaternionEKF_Update)
    REFEREE_IRQHandler_Called                0x080065f9   Thumb Code   160  refereetask.o(i.REFEREE_IRQHandler_Called)
    Referee_Task                             0x08006781   Thumb Code   156  refereetask.o(i.Referee_Task)
    Startjudge_task                          0x08006a19   Thumb Code    60  ui.o(i.Startjudge_task)
    SysTick_Handler                          0x08006a59   Thumb Code    38  port.o(i.SysTick_Handler)
    SystemClock_Config                       0x08006a85   Thumb Code   142  main.o(i.SystemClock_Config)
    SystemInit                               0x08006b1d   Thumb Code    12  system_stm32f4xx.o(i.SystemInit)
    TIM2_IRQHandler                          0x08006b2d   Thumb Code     6  stm32f4xx_it.o(i.TIM2_IRQHandler)
    TIM_Base_SetConfig                       0x08006b39   Thumb Code   160  stm32f4xx_hal_tim.o(i.TIM_Base_SetConfig)
    TIM_ETR_SetConfig                        0x08006c05   Thumb Code    20  stm32f4xx_hal_tim.o(i.TIM_ETR_SetConfig)
    TIM_OC2_SetConfig                        0x08006c91   Thumb Code   106  stm32f4xx_hal_tim.o(i.TIM_OC2_SetConfig)
    UI_Task                                  0x08007173   Thumb Code    12  ui_task.o(i.UI_Task)
    USART3_IRQHandler                        0x08007181   Thumb Code    18  stm32f4xx_it.o(i.USART3_IRQHandler)
    USART6_IRQHandler                        0x08007199   Thumb Code    16  stm32f4xx_it.o(i.USART6_IRQHandler)
    USER_CAN_TxMessage                       0x0800724d   Thumb Code    34  bsp_can.o(i.USER_CAN_TxMessage)
    USER_UART_IRQHandler                     0x08007271   Thumb Code    58  remote_control.o(i.USER_UART_IRQHandler)
    UsageFault_Handler                       0x080072b5   Thumb Code     2  stm32f4xx_it.o(i.UsageFault_Handler)
    __ARM_fpclassifyf                        0x080072df   Thumb Code    38  fpclassifyf.o(i.__ARM_fpclassifyf)
    __hardfp_acosf                           0x08007325   Thumb Code   234  acosf.o(i.__hardfp_acosf)
    __hardfp_asinf                           0x0800743d   Thumb Code   258  asinf.o(i.__hardfp_asinf)
    __hardfp_atan2f                          0x08007569   Thumb Code   502  atan2f.o(i.__hardfp_atan2f)
    __hardfp_fabs                            0x080077b9   Thumb Code    20  fabs.o(i.__hardfp_fabs)
    __mathlib_flt_infnan                     0x080077cd   Thumb Code     6  funder.o(i.__mathlib_flt_infnan)
    __mathlib_flt_infnan2                    0x080077d3   Thumb Code     6  funder.o(i.__mathlib_flt_infnan2)
    __mathlib_flt_invalid                    0x080077d9   Thumb Code    10  funder.o(i.__mathlib_flt_invalid)
    __mathlib_flt_underflow                  0x080077e9   Thumb Code    10  funder.o(i.__mathlib_flt_underflow)
    append_CRC16_check_sum                   0x080077f9   Thumb Code    38  crc.o(i.append_CRC16_check_sum)
    append_CRC8_check_sum                    0x08007825   Thumb Code    32  crc.o(i.append_CRC8_check_sum)
    chassis_ramp                             0x08007845   Thumb Code   158  ramp.o(i.chassis_ramp)
    f_PID_Calculate                          0x08007989   Thumb Code   392  pid.o(i.f_PID_Calculate)
    fifo_s_get                               0x08007b15   Thumb Code    46  fifo.o(i.fifo_s_get)
    fifo_s_init                              0x08007b43   Thumb Code    22  fifo.o(i.fifo_s_init)
    fifo_s_puts                              0x08007b59   Thumb Code   132  fifo.o(i.fifo_s_puts)
    fifo_s_used                              0x08007bdd   Thumb Code     4  fifo.o(i.fifo_s_used)
    get_CRC16_check_sum                      0x08007be1   Thumb Code    44  crc.o(i.get_CRC16_check_sum)
    get_CRC8_check_sum                       0x08007c11   Thumb Code    24  crc.o(i.get_CRC8_check_sum)
    get_Motor_Data                           0x08007c2d   Thumb Code   156  motor.o(i.get_Motor_Data)
    init_referee_struct_data                 0x08007ce9   Thumb Code   104  referee.o(i.init_referee_struct_data)
    main                                     0x08007d59   Thumb Code    84  main.o(i.main)
    osDelay                                  0x08007dbd   Thumb Code    16  cmsis_os.o(i.osDelay)
    osDelayUntil                             0x08007dcd   Thumb Code    16  cmsis_os.o(i.osDelayUntil)
    osKernelStart                            0x08007ddd   Thumb Code    10  cmsis_os.o(i.osKernelStart)
    osKernelSysTick                          0x08007de7   Thumb Code    24  cmsis_os.o(i.osKernelSysTick)
    osThreadCreate                           0x08007dff   Thumb Code    88  cmsis_os.o(i.osThreadCreate)
    pvPortMalloc                             0x080081f1   Thumb Code   214  heap_4.o(i.pvPortMalloc)
    pxPortInitialiseStack                    0x080082cd   Thumb Code    30  port.o(i.pxPortInitialiseStack)
    referee_data_solve                       0x08008529   Thumb Code   296  referee.o(i.referee_data_solve)
    remote_control_init                      0x08008785   Thumb Code    12  remote_control.o(i.remote_control_init)
    sqrtf                                    0x08008795   Thumb Code    62  sqrtf_full.o(i.sqrtf)
    uxListRemove                             0x080087d3   Thumb Code    38  list.o(i.uxListRemove)
    vApplicationGetIdleTaskMemory            0x080087f9   Thumb Code    18  freertos.o(i.vApplicationGetIdleTaskMemory)
    vListInitialise                          0x08008811   Thumb Code    22  list.o(i.vListInitialise)
    vListInitialiseItem                      0x08008827   Thumb Code     6  list.o(i.vListInitialiseItem)
    vListInsert                              0x0800882d   Thumb Code    48  list.o(i.vListInsert)
    vListInsertEnd                           0x0800885d   Thumb Code    24  list.o(i.vListInsertEnd)
    vPortEnterCritical                       0x08008875   Thumb Code    54  port.o(i.vPortEnterCritical)
    vPortExitCritical                        0x080088b5   Thumb Code    38  port.o(i.vPortExitCritical)
    vPortFree                                0x080088e1   Thumb Code    94  heap_4.o(i.vPortFree)
    vPortSetupTimerInterrupt                 0x08008945   Thumb Code    32  port.o(i.vPortSetupTimerInterrupt)
    vPortValidateInterruptPriority           0x08008969   Thumb Code    74  port.o(i.vPortValidateInterruptPriority)
    vTaskDelay                               0x080089bd   Thumb Code    70  tasks.o(i.vTaskDelay)
    vTaskDelayUntil                          0x08008a0d   Thumb Code   142  tasks.o(i.vTaskDelayUntil)
    vTaskStartScheduler                      0x08008aa5   Thumb Code   118  tasks.o(i.vTaskStartScheduler)
    vTaskSuspendAll                          0x08008b2d   Thumb Code    10  tasks.o(i.vTaskSuspendAll)
    vTaskSwitchContext                       0x08008b3d   Thumb Code    86  tasks.o(i.vTaskSwitchContext)
    verify_CRC16_check_sum                   0x08008b9d   Thumb Code    60  crc.o(i.verify_CRC16_check_sum)
    verify_CRC8_check_sum                    0x08008bdd   Thumb Code    46  crc.o(i.verify_CRC8_check_sum)
    xPortStartScheduler                      0x08008d49   Thumb Code   222  port.o(i.xPortStartScheduler)
    xTaskCreate                              0x08008e3d   Thumb Code   100  tasks.o(i.xTaskCreate)
    xTaskCreateStatic                        0x08008ea1   Thumb Code    92  tasks.o(i.xTaskCreateStatic)
    xTaskGetTickCount                        0x08008efd   Thumb Code     6  tasks.o(i.xTaskGetTickCount)
    xTaskGetTickCountFromISR                 0x08008f09   Thumb Code    12  tasks.o(i.xTaskGetTickCountFromISR)
    xTaskIncrementTick                       0x08008f19   Thumb Code   198  tasks.o(i.xTaskIncrementTick)
    xTaskResumeAll                           0x08008fe9   Thumb Code   192  tasks.o(i.xTaskResumeAll)
    __aeabi_d2f                              0x080090b5   Thumb Code     0  d2f_clz.o(x$fpl$d2f)
    _d2f                                     0x080090b5   Thumb Code   700  d2f_clz.o(x$fpl$d2f)
    __aeabi_dadd                             0x08009379   Thumb Code     0  daddsub_clz.o(x$fpl$dadd)
    _dadd                                    0x08009379   Thumb Code   580  daddsub_clz.o(x$fpl$dadd)
    __fpl_dcmp_Inf                           0x080095c5   Thumb Code    24  dcmpi.o(x$fpl$dcmpinf)
    __aeabi_ddiv                             0x080095dd   Thumb Code     0  ddiv_clz.o(x$fpl$ddiv)
    _ddiv                                    0x080095dd   Thumb Code   748  ddiv_clz.o(x$fpl$ddiv)
    __aeabi_cdcmpeq                          0x08009959   Thumb Code     0  deqf.o(x$fpl$deqf)
    _dcmpeq                                  0x08009959   Thumb Code   116  deqf.o(x$fpl$deqf)
    __aeabi_d2uiz                            0x080099cd   Thumb Code     0  dfixu.o(x$fpl$dfixu)
    _dfixu                                   0x080099cd   Thumb Code   212  dfixu.o(x$fpl$dfixu)
    __aeabi_i2d                              0x08009aa9   Thumb Code     0  dflt_clz.o(x$fpl$dflt)
    _dflt                                    0x08009aa9   Thumb Code    46  dflt_clz.o(x$fpl$dflt)
    __dflt_normalise                         0x08009ad7   Thumb Code    26  dflt_clz.o(x$fpl$dfltn)
    __aeabi_ui2d                             0x08009af1   Thumb Code     0  dflt_clz.o(x$fpl$dfltu)
    _dfltu                                   0x08009af1   Thumb Code    38  dflt_clz.o(x$fpl$dfltu)
    __aeabi_dmul                             0x08009b19   Thumb Code     0  dmul_clz.o(x$fpl$dmul)
    _dmul                                    0x08009b19   Thumb Code   440  dmul_clz.o(x$fpl$dmul)
    __fpl_dnaninf                            0x08009cd9   Thumb Code   258  dnaninf.o(x$fpl$dnaninf)
    __fpl_drenorm2                           0x08009ddb   Thumb Code   106  drenorm_clz.o(x$fpl$drenorm)
    __fpl_drenorm1                           0x08009e45   Thumb Code     6  drenorm_clz.o(x$fpl$drenorm)
    __fpl_dretinf                            0x08009e4b   Thumb Code    12  dretinf.o(x$fpl$dretinf)
    __aeabi_dsub                             0x08009e59   Thumb Code     0  daddsub_clz.o(x$fpl$dsub)
    _dsub                                    0x08009e59   Thumb Code   664  daddsub_clz.o(x$fpl$dsub)
    __dunder                                 0x0800a0f5   Thumb Code   314  dunder_clz.o(x$fpl$dunder)
    __dunder_d                               0x0800a22f   Thumb Code    64  dunder_clz.o(x$fpl$dunder)
    __fpl_exception                          0x0800a271   Thumb Code   454  except.o(x$fpl$exception)
    __aeabi_f2d                              0x0800a45d   Thumb Code     0  f2d.o(x$fpl$f2d)
    _f2d                                     0x0800a45d   Thumb Code   122  f2d.o(x$fpl$f2d)
    __fpl_fnaninf                            0x0800a4d7   Thumb Code   242  fnaninf.o(x$fpl$fnaninf)
    _fp_init                                 0x0800a5c9   Thumb Code    10  fpinit.o(x$fpl$fpinit)
    __fplib_config_fpu_vfp                   0x0800a5d1   Thumb Code     0  fpinit.o(x$fpl$fpinit)
    __fplib_config_pureend_doubles           0x0800a5d1   Thumb Code     0  fpinit.o(x$fpl$fpinit)
    __fpl_fretinf                            0x0800a5d3   Thumb Code    10  fretinf.o(x$fpl$fretinf)
    __funder                                 0x0800a5dd   Thumb Code   254  funder_clz.o(x$fpl$funder)
    __funder_d                               0x0800a6db   Thumb Code    62  funder_clz.o(x$fpl$funder)
    __fpl_return_NaN                         0x0800a719   Thumb Code   178  retnan.o(x$fpl$retnan)
    _fp_trapveneer                           0x0800a7cb   Thumb Code    36  trapv.o(x$fpl$trapveneer)
    __fpl_cmpreturn                          0x0800a7ef   Thumb Code    90  trapv.o(x$fpl$trapveneer)
    CRC8_table                               0x0800a848   Data         256  crc.o(.constdata)
    __I$use$fp                               0x0800a848   Number         0  usenofp.o(x$fpl$usenofp)
    wCRC_table                               0x0800a948   Data         512  crc.o(.constdata)
    AHBPrescTable                            0x0800abd4   Data          16  system_stm32f4xx.o(.constdata)
    APBPrescTable                            0x0800abe4   Data           8  system_stm32f4xx.o(.constdata)
    sinTable_f32                             0x0800abf4   Data        2052  arm_common_tables.o(.constdata)
    Region$$Table$$Base                      0x0800b444   Number         0  anon$$obj.o(Region$$Table)
    Region$$Table$$Limit                     0x0800b464   Number         0  anon$$obj.o(Region$$Table)
    Send2SuperCap_Info                       0x20000144   Data           6  cantxtask.o(.data)
    Buff                                     0x2000014c   Data           4  chassistask.o(.data)
    Sup_buff                                 0x20000150   Data           4  chassistask.o(.data)
    Exp_buff                                 0x20000154   Data           4  chassistask.o(.data)
    sin_folo                                 0x20000164   Data           4  chassistask.o(.data)
    cos_folo                                 0x20000168   Data           4  chassistask.o(.data)
    wheel_PID_Param1                         0x2000016c   Data          24  chassistask.o(.data)
    wheel_PID_Param2                         0x20000184   Data          24  chassistask.o(.data)
    wheel_PID_Param3                         0x2000019c   Data          24  chassistask.o(.data)
    wheel_PID_Param4                         0x200001b4   Data          24  chassistask.o(.data)
    wheel_PID_Param5                         0x200001cc   Data          24  chassistask.o(.data)
    Chassis_Ctrl                             0x200001e4   Data          64  chassistask.o(.data)
    ChassisTxFrame                           0x20000228   Data          36  bsp_can.o(.data)
    SupercapTxFrame                          0x2000024c   Data          36  bsp_can.o(.data)
    Send2GimbalTxFrame                       0x20000270   Data          36  bsp_can.o(.data)
    Referee_Message                          0x20000294   Data           6  bsp_can.o(.data)
    CRC16_INIT                               0x2000029a   Data           2  crc.o(.data)
    Chassis_Motor                            0x200002c8   Data         120  motor.o(.data)
    UART1_TX_BUF                             0x20000342   Data           6  remote_control.o(.data)
    game_result                              0x20000348   Data           1  referee.o(.data)
    buff_musk_t                              0x20000349   Data           1  referee.o(.data)
    robot_energy_t                           0x2000034a   Data           1  referee.o(.data)
    robot_hurt_t                             0x2000034b   Data           1  referee.o(.data)
    referee_warning_t                        0x2000034c   Data           2  referee.o(.data)
    game_state                               0x2000034e   Data           3  referee.o(.data)
    supply_projectile_booking_t              0x20000351   Data           3  referee.o(.data)
    field_event                              0x20000354   Data           4  referee.o(.data)
    supply_projectile_action_t               0x20000358   Data           4  referee.o(.data)
    referee_receive_header                   0x2000035c   Data           5  referee.o(.data)
    referee_send_header                      0x20000361   Data           5  referee.o(.data)
    bullet_remaining_t                       0x20000366   Data           6  referee.o(.data)
    shoot_data_t                             0x2000036c   Data           7  referee.o(.data)
    state_first_graphic                      0x20000373   Data           1  ui.o(.data)
    update_draw_flag                         0x20000376   Data           1  ui.o(.data)
    first_line                               0x20000377   Data          30  ui.o(.data)
    second_line                              0x20000395   Data          30  ui.o(.data)
    third_line                               0x200003b3   Data          30  ui.o(.data)
    empty_line                               0x200003d1   Data          30  ui.o(.data)
    StartINSTaskTASHandle                    0x200003f0   Data           4  freertos.o(.data)
    myChassis_TaskHandle                     0x200003f4   Data           4  freertos.o(.data)
    myCANTx_TaskHandle                       0x200003f8   Data           4  freertos.o(.data)
    myUITaskHandle                           0x200003fc   Data           4  freertos.o(.data)
    myREFEREE_TaskHandle                     0x20000400   Data           4  freertos.o(.data)
    SystemCoreClock                          0x20000408   Data           4  system_stm32f4xx.o(.data)
    pxCurrentTCB                             0x2000040c   Data           4  tasks.o(.data)
    uwTickFreq                               0x20000474   Data           1  stm32f4xx_hal.o(.data)
    uwTickPrio                               0x20000478   Data           4  stm32f4xx_hal.o(.data)
    uwTick                                   0x2000047c   Data           4  stm32f4xx_hal.o(.data)
    INS_Info                                 0x20000480   Data          72  ins_task.o(.bss)
    INS_AcceLPF2p                            0x200004c8   Data          96  ins_task.o(.bss)
    TempCtrl_PID                             0x20000528   Data          80  ins_task.o(.bss)
    Quaternion_Info                          0x20000578   Data         420  ins_task.o(.bss)
    Gimbal2Chassis                           0x2000071c   Data          10  cantxtask.o(.bss)
    SuperCap_Info                            0x20000726   Data          10  cantxtask.o(.bss)
    Chassis_PID                              0x20000730   Data         400  chassistask.o(.bss)
    usart6_buf                               0x200008c0   Data        1024  refereetask.o(.bss)
    referee_fifo                             0x20000cc0   Data          24  refereetask.o(.bss)
    referee_fifo_buf                         0x20000cd8   Data        1024  refereetask.o(.bss)
    referee_unpack_obj                       0x200010d8   Data         137  refereetask.o(.bss)
    hcanRxFrame                              0x20001164   Data          40  bsp_can.o(.bss)
    BMI088_Info                              0x2000118c   Data          60  bmi088.o(.bss)
    rc_ctrl                                  0x200011f0   Data          24  remote_control.o(.bss)
    SBUS_rx_buf                              0x20001208   Data          72  remote_control.o(.bss)
    game_robot_HP_t                          0x20001250   Data          28  referee.o(.bss)
    robot_state                              0x2000126c   Data          27  referee.o(.bss)
    power_heat_data_t                        0x20001287   Data          16  referee.o(.bss)
    game_robot_pos_t                         0x20001297   Data          16  referee.o(.bss)
    student_interactive_data_t               0x200012a7   Data          12  referee.o(.bss)
    tx_client_char                           0x200012b3   Data          60  ui.o(.bss)
    tx_client_line                           0x200012ef   Data          90  ui.o(.bss)
    CliendTxBuffer                           0x20001349   Data         200  ui.o(.bss)
    hcan1                                    0x20001868   Data          40  can.o(.bss)
    hcan2                                    0x20001890   Data          40  can.o(.bss)
    hspi1                                    0x200018b8   Data          88  spi.o(.bss)
    htim1                                    0x20001910   Data          72  tim.o(.bss)
    htim4                                    0x20001958   Data          72  tim.o(.bss)
    htim10                                   0x200019a0   Data          72  tim.o(.bss)
    huart1                                   0x200019e8   Data          68  usart.o(.bss)
    huart3                                   0x20001a2c   Data          68  usart.o(.bss)
    huart6                                   0x20001a70   Data          68  usart.o(.bss)
    hdma_usart3_rx                           0x20001ab4   Data          96  usart.o(.bss)
    hdma_usart6_rx                           0x20001b14   Data          96  usart.o(.bss)
    hdma_usart6_tx                           0x20001b74   Data          96  usart.o(.bss)
    htim2                                    0x20001bd4   Data          72  stm32f4xx_hal_timebase_tim.o(.bss)
    __libspace_start                         0x20007d0c   Data          96  libspace.o(.bss)
    __temporary_stack_top$libspace           0x20007d6c   Data           0  libspace.o(.bss)



==============================================================================

Memory Map of the image

  Image Entry point : 0x08000189

  Load Region LR_IROM1 (Base: 0x08000000, Size: 0x0000b8e4, Max: 0x00100000, ABSOLUTE, COMPRESSED[0x0000b554])

    Execution Region ER_IROM1 (Base: 0x08000000, Size: 0x0000b464, Max: 0x00100000, ABSOLUTE)

    Base Addr    Size         Type   Attr      Idx    E Section Name        Object

    0x08000000   0x00000188   Data   RO         2148    RESET               startup_stm32f407xx.o
    0x08000188   0x00000008   Code   RO         7030  * !!!main             c_w.l(__main.o)
    0x08000190   0x00000034   Code   RO         7430    !!!scatter          c_w.l(__scatter.o)
    0x080001c4   0x0000005a   Code   RO         7428    !!dczerorl2         c_w.l(__dczerorl2.o)
    0x0800021e   0x00000002   PAD
    0x08000220   0x0000001c   Code   RO         7432    !!handler_zi        c_w.l(__scatter_zi.o)
    0x0800023c   0x00000002   Code   RO         7367    .ARM.Collect$$libinit$$00000000  c_w.l(libinit.o)
    0x0800023e   0x00000004   Code   RO         7152    .ARM.Collect$$libinit$$00000001  c_w.l(libinit2.o)
    0x08000242   0x00000000   Code   RO         7155    .ARM.Collect$$libinit$$00000004  c_w.l(libinit2.o)
    0x08000242   0x00000008   Code   RO         7156    .ARM.Collect$$libinit$$00000005  c_w.l(libinit2.o)
    0x0800024a   0x00000000   Code   RO         7158    .ARM.Collect$$libinit$$0000000A  c_w.l(libinit2.o)
    0x0800024a   0x00000000   Code   RO         7160    .ARM.Collect$$libinit$$0000000C  c_w.l(libinit2.o)
    0x0800024a   0x00000000   Code   RO         7162    .ARM.Collect$$libinit$$0000000E  c_w.l(libinit2.o)
    0x0800024a   0x00000000   Code   RO         7165    .ARM.Collect$$libinit$$00000011  c_w.l(libinit2.o)
    0x0800024a   0x00000000   Code   RO         7167    .ARM.Collect$$libinit$$00000013  c_w.l(libinit2.o)
    0x0800024a   0x00000000   Code   RO         7169    .ARM.Collect$$libinit$$00000015  c_w.l(libinit2.o)
    0x0800024a   0x00000000   Code   RO         7171    .ARM.Collect$$libinit$$00000017  c_w.l(libinit2.o)
    0x0800024a   0x00000000   Code   RO         7173    .ARM.Collect$$libinit$$00000019  c_w.l(libinit2.o)
    0x0800024a   0x00000000   Code   RO         7175    .ARM.Collect$$libinit$$0000001B  c_w.l(libinit2.o)
    0x0800024a   0x00000000   Code   RO         7177    .ARM.Collect$$libinit$$0000001D  c_w.l(libinit2.o)
    0x0800024a   0x00000000   Code   RO         7179    .ARM.Collect$$libinit$$0000001F  c_w.l(libinit2.o)
    0x0800024a   0x00000000   Code   RO         7181    .ARM.Collect$$libinit$$00000021  c_w.l(libinit2.o)
    0x0800024a   0x00000000   Code   RO         7183    .ARM.Collect$$libinit$$00000023  c_w.l(libinit2.o)
    0x0800024a   0x00000000   Code   RO         7185    .ARM.Collect$$libinit$$00000025  c_w.l(libinit2.o)
    0x0800024a   0x00000000   Code   RO         7189    .ARM.Collect$$libinit$$0000002C  c_w.l(libinit2.o)
    0x0800024a   0x00000000   Code   RO         7191    .ARM.Collect$$libinit$$0000002E  c_w.l(libinit2.o)
    0x0800024a   0x00000000   Code   RO         7193    .ARM.Collect$$libinit$$00000030  c_w.l(libinit2.o)
    0x0800024a   0x00000000   Code   RO         7195    .ARM.Collect$$libinit$$00000032  c_w.l(libinit2.o)
    0x0800024a   0x00000002   Code   RO         7196    .ARM.Collect$$libinit$$00000033  c_w.l(libinit2.o)
    0x0800024c   0x00000002   Code   RO         7425    .ARM.Collect$$libshutdown$$00000000  c_w.l(libshutdown.o)
    0x0800024e   0x00000000   Code   RO         7383    .ARM.Collect$$libshutdown$$00000002  c_w.l(libshutdown2.o)
    0x0800024e   0x00000000   Code   RO         7385    .ARM.Collect$$libshutdown$$00000004  c_w.l(libshutdown2.o)
    0x0800024e   0x00000000   Code   RO         7388    .ARM.Collect$$libshutdown$$00000007  c_w.l(libshutdown2.o)
    0x0800024e   0x00000000   Code   RO         7391    .ARM.Collect$$libshutdown$$0000000A  c_w.l(libshutdown2.o)
    0x0800024e   0x00000000   Code   RO         7393    .ARM.Collect$$libshutdown$$0000000C  c_w.l(libshutdown2.o)
    0x0800024e   0x00000000   Code   RO         7396    .ARM.Collect$$libshutdown$$0000000F  c_w.l(libshutdown2.o)
    0x0800024e   0x00000002   Code   RO         7397    .ARM.Collect$$libshutdown$$00000010  c_w.l(libshutdown2.o)
    0x08000250   0x00000000   Code   RO         7118    .ARM.Collect$$rtentry$$00000000  c_w.l(__rtentry.o)
    0x08000250   0x00000000   Code   RO         7289    .ARM.Collect$$rtentry$$00000002  c_w.l(__rtentry2.o)
    0x08000250   0x00000006   Code   RO         7301    .ARM.Collect$$rtentry$$00000004  c_w.l(__rtentry4.o)
    0x08000256   0x00000000   Code   RO         7291    .ARM.Collect$$rtentry$$00000009  c_w.l(__rtentry2.o)
    0x08000256   0x00000004   Code   RO         7292    .ARM.Collect$$rtentry$$0000000A  c_w.l(__rtentry2.o)
    0x0800025a   0x00000000   Code   RO         7294    .ARM.Collect$$rtentry$$0000000C  c_w.l(__rtentry2.o)
    0x0800025a   0x00000008   Code   RO         7295    .ARM.Collect$$rtentry$$0000000D  c_w.l(__rtentry2.o)
    0x08000262   0x00000002   Code   RO         7370    .ARM.Collect$$rtexit$$00000000  c_w.l(rtexit.o)
    0x08000264   0x00000000   Code   RO         7401    .ARM.Collect$$rtexit$$00000002  c_w.l(rtexit2.o)
    0x08000264   0x00000004   Code   RO         7402    .ARM.Collect$$rtexit$$00000003  c_w.l(rtexit2.o)
    0x08000268   0x00000006   Code   RO         7403    .ARM.Collect$$rtexit$$00000004  c_w.l(rtexit2.o)
    0x0800026e   0x00000002   PAD
    0x08000270   0x000000be   Code   RO         3487    .emb_text           port.o
    0x0800032e   0x00000002   PAD
    0x08000330   0x00000000   Code   RO         7312    .emb_text           c_w.l(maybetermalloc1.o)
    0x08000330   0x00000040   Code   RO         2149    .text               startup_stm32f407xx.o
    0x08000370   0x00000078   Code   RO         6651    .text               arm_cortexM4lf_math.lib(arm_cos_f32.o)
    0x080003e8   0x00000094   Code   RO         6701    .text               arm_cortexM4lf_math.lib(arm_sin_f32.o)
    0x0800047c   0x00000108   Code   RO         6725    .text               arm_cortexM4lf_math.lib(arm_mat_add_f32.o)
    0x08000584   0x00000008   Code   RO         6749    .text               arm_cortexM4lf_math.lib(arm_mat_init_f32.o)
    0x0800058c   0x00000530   Code   RO         6773    .text               arm_cortexM4lf_math.lib(arm_mat_inverse_f32.o)
    0x08000abc   0x0000013c   Code   RO         6797    .text               arm_cortexM4lf_math.lib(arm_mat_mult_f32.o)
    0x08000bf8   0x00000108   Code   RO         6821    .text               arm_cortexM4lf_math.lib(arm_mat_sub_f32.o)
    0x08000d00   0x00000114   Code   RO         6845    .text               arm_cortexM4lf_math.lib(arm_mat_trans_f32.o)
    0x08000e14   0x0000005e   Code   RO         6954    .text               c_w.l(h1_alloc.o)
    0x08000e72   0x0000004e   Code   RO         6956    .text               c_w.l(h1_free.o)
    0x08000ec0   0x000000ee   Code   RO         7012    .text               c_w.l(lludivv7m.o)
    0x08000fae   0x0000003e   Code   RO         7014    .text               c_w.l(strlen.o)
    0x08000fec   0x0000008a   Code   RO         7016    .text               c_w.l(rt_memcpy_v6.o)
    0x08001076   0x00000064   Code   RO         7018    .text               c_w.l(rt_memcpy_w.o)
    0x080010da   0x00000010   Code   RO         7022    .text               c_w.l(aeabi_memset.o)
    0x080010ea   0x00000044   Code   RO         7024    .text               c_w.l(rt_memclr.o)
    0x0800112e   0x0000004e   Code   RO         7026    .text               c_w.l(rt_memclr_w.o)
    0x0800117c   0x00000006   Code   RO         7028    .text               c_w.l(heapauxi.o)
    0x08001182   0x00000002   PAD
    0x08001184   0x00000008   Code   RO         7126    .text               c_w.l(rt_heap_descriptor_intlibspace.o)
    0x0800118c   0x00000004   Code   RO         7128    .text               c_w.l(hguard.o)
    0x08001190   0x0000008a   Code   RO         7130    .text               c_w.l(init_alloc.o)
    0x0800121a   0x0000000e   Code   RO         7134    .text               c_w.l(h1_init.o)
    0x08001228   0x00000016   Code   RO         7148    .text               c_w.l(_rserrno.o)
    0x0800123e   0x00000002   PAD
    0x08001240   0x00000008   Code   RO         7285    .text               c_w.l(libspace.o)
    0x08001248   0x00000008   Code   RO         7308    .text               c_w.l(rt_errno_addr_intlibspace.o)
    0x08001250   0x00000034   Code   RO         7314    .text               c_w.l(h1_extend.o)
    0x08001284   0x00000030   Code   RO         7318    .text               c_w.l(_fptrap.o)
    0x080012b4   0x0000000e   Code   RO         7320    .text               c_w.l(defsig_rtmem_outer.o)
    0x080012c2   0x00000002   Code   RO         7339    .text               c_w.l(use_no_semi.o)
    0x080012c4   0x00000000   Code   RO         7341    .text               c_w.l(indicate_semi.o)
    0x080012c4   0x0000004a   Code   RO         7342    .text               c_w.l(sys_stackheap_outer.o)
    0x0800130e   0x00000012   Code   RO         7348    .text               c_w.l(exit.o)
    0x08001320   0x0000000a   Code   RO         7350    .text               c_w.l(defsig_exit.o)
    0x0800132a   0x0000000e   Code   RO         7352    .text               c_w.l(defsig_fpe_outer.o)
    0x08001338   0x00000050   Code   RO         7356    .text               c_w.l(defsig_rtmem_inner.o)
    0x08001388   0x0000000c   Code   RO         7368    .text               c_w.l(sys_exit.o)
    0x08001394   0x00000032   Code   RO         7378    .text               c_w.l(defsig_general.o)
    0x080013c6   0x00000002   PAD
    0x080013c8   0x000000ac   Code   RO         7380    .text               c_w.l(defsig_fpe_inner.o)
    0x08001474   0x0000000e   Code   RO         7398    .text               c_w.l(sys_wrch.o)
    0x08001482   0x00000002   PAD
    0x08001484   0x00000010   Code   RO          692    i.BMI088_ACCEL_NS_H  bsp_gpio.o
    0x08001494   0x00000010   Code   RO          693    i.BMI088_ACCEL_NS_L  bsp_gpio.o
    0x080014a4   0x0000010c   Code   RO         1329    i.BMI088_Accel_Init  bmi088.o
    0x080015b0   0x00000010   Code   RO          694    i.BMI088_GYRO_NS_H  bsp_gpio.o
    0x080015c0   0x00000010   Code   RO          695    i.BMI088_GYRO_NS_L  bsp_gpio.o
    0x080015d0   0x000000dc   Code   RO         1330    i.BMI088_Gyro_Init  bmi088.o
    0x080016ac   0x00000170   Code   RO         1331    i.BMI088_Info_Update  bmi088.o
    0x0800181c   0x0000002c   Code   RO         1332    i.BMI088_Init       bmi088.o
    0x08001848   0x0000002c   Code   RO         1333    i.BMI088_Offset_Update  bmi088.o
    0x08001874   0x00000024   Code   RO         1334    i.BMI088_Read_Multi_Reg  bmi088.o
    0x08001898   0x00000016   Code   RO         1335    i.BMI088_Read_Single_Reg  bmi088.o
    0x080018ae   0x00000002   PAD
    0x080018b0   0x00000024   Code   RO          737    i.BMI088_Read_Write_Byte  bsp_spi.o
    0x080018d4   0x00000068   Code   RO          108    i.BMI088_Temp_Control  ins_task.o
    0x0800193c   0x00000012   Code   RO         1336    i.BMI088_Write_Single_Reg  bmi088.o
    0x0800194e   0x00000002   Code   RO         1970    i.BusFault_Handler  stm32f4xx_it.o
    0x08001950   0x0000000c   Code   RO         1971    i.CAN1_RX0_IRQHandler  stm32f4xx_it.o
    0x0800195c   0x00000054   Code   RO          542    i.CAN1_rxDataHandler  bsp_can.o
    0x080019b0   0x0000000c   Code   RO         1972    i.CAN2_RX0_IRQHandler  stm32f4xx_it.o
    0x080019bc   0x0000006c   Code   RO          543    i.CAN2_rxDataHandler  bsp_can.o
    0x08001a28   0x00000100   Code   RO          224    i.CANTx_Task        cantxtask.o
    0x08001b28   0x00000060   Code   RO          544    i.CAN_Init          bsp_can.o
    0x08001b88   0x000000ac   Code   RO         1533    i.Char_Graphic      ui.o
    0x08001c34   0x000000dc   Code   RO          392    i.Chassis_Info_Update  chassistask.o
    0x08001d10   0x000000e4   Code   RO          393    i.Chassis_Task      chassistask.o
    0x08001df4   0x00000054   Code   RO          394    i.Chassis_init      chassistask.o
    0x08001e48   0x00000210   Code   RO          395    i.Chassis_power_limit  chassistask.o
    0x08002058   0x00000054   Code   RO          396    i.Chasssis_SendValue_Update  chassistask.o
    0x080020ac   0x0000008c   Code   RO         1534    i.Client_Char_Init  ui.o
    0x08002138   0x00000080   Code   RO         1535    i.Client_Graph_Init  ui.o
    0x080021b8   0x0000000c   Code   RO         1973    i.DMA1_Stream1_IRQHandler  stm32f4xx_it.o
    0x080021c4   0x0000000c   Code   RO         1974    i.DMA2_Stream1_IRQHandler  stm32f4xx_it.o
    0x080021d0   0x0000000c   Code   RO         1975    i.DMA2_Stream6_IRQHandler  stm32f4xx_it.o
    0x080021dc   0x0000002c   Code   RO         4305    i.DMA_CalcBaseAndBitshift  stm32f4xx_hal_dma.o
    0x08002208   0x00000078   Code   RO         4306    i.DMA_CheckFifoParam  stm32f4xx_hal_dma.o
    0x08002280   0x0000002a   Code   RO         4307    i.DMA_SetConfig     stm32f4xx_hal_dma.o
    0x080022aa   0x00000002   Code   RO         1976    i.DebugMon_Handler  stm32f4xx_it.o
    0x080022ac   0x00000016   Code   RO          768    i.Delay_ms          bsp_tick.o
    0x080022c2   0x00000016   Code   RO          769    i.Delay_us          bsp_tick.o
    0x080022d8   0x0000015c   Code   RO         1536    i.Draw_char         ui.o
    0x08002434   0x000000bc   Code   RO         1537    i.Draw_line         ui.o
    0x080024f0   0x00000006   Code   RO         1977    i.EXTI9_5_IRQHandler  stm32f4xx_it.o
    0x080024f6   0x00000004   Code   RO         1597    i.Error_Handler     main.o
    0x080024fa   0x00000002   PAD
    0x080024fc   0x0000002c   Code   RO            4    i.Fast_InverseSqrt  api_quaternion.o
    0x08002528   0x00000092   Code   RO         1538    i.Figure_Graphic    ui.o
    0x080025ba   0x00000002   PAD
    0x080025bc   0x000000fc   Code   RO          397    i.Get_Buff          chassistask.o
    0x080026b8   0x00000024   Code   RO         3568    i.HAL_CAN_ActivateNotification  stm32f4xx_hal_can.o
    0x080026dc   0x000000f2   Code   RO         3569    i.HAL_CAN_AddTxMessage  stm32f4xx_hal_can.o
    0x080027ce   0x00000002   PAD
    0x080027d0   0x00000110   Code   RO         3570    i.HAL_CAN_ConfigFilter  stm32f4xx_hal_can.o
    0x080028e0   0x00000002   Code   RO         3573    i.HAL_CAN_ErrorCallback  stm32f4xx_hal_can.o
    0x080028e2   0x00000106   Code   RO         3576    i.HAL_CAN_GetRxMessage  stm32f4xx_hal_can.o
    0x080029e8   0x000001fc   Code   RO         3580    i.HAL_CAN_IRQHandler  stm32f4xx_hal_can.o
    0x08002be4   0x00000152   Code   RO         3581    i.HAL_CAN_Init      stm32f4xx_hal_can.o
    0x08002d36   0x00000002   PAD
    0x08002d38   0x00000100   Code   RO         1742    i.HAL_CAN_MspInit   can.o
    0x08002e38   0x00000002   Code   RO         3588    i.HAL_CAN_RxFifo0FullCallback  stm32f4xx_hal_can.o
    0x08002e3a   0x00000002   PAD
    0x08002e3c   0x00000050   Code   RO          545    i.HAL_CAN_RxFifo0MsgPendingCallback  bsp_can.o
    0x08002e8c   0x00000002   Code   RO         3590    i.HAL_CAN_RxFifo1FullCallback  stm32f4xx_hal_can.o
    0x08002e8e   0x00000002   Code   RO         3591    i.HAL_CAN_RxFifo1MsgPendingCallback  stm32f4xx_hal_can.o
    0x08002e90   0x00000002   Code   RO         3592    i.HAL_CAN_SleepCallback  stm32f4xx_hal_can.o
    0x08002e92   0x00000058   Code   RO         3593    i.HAL_CAN_Start     stm32f4xx_hal_can.o
    0x08002eea   0x00000002   Code   RO         3595    i.HAL_CAN_TxMailbox0AbortCallback  stm32f4xx_hal_can.o
    0x08002eec   0x00000002   Code   RO         3596    i.HAL_CAN_TxMailbox0CompleteCallback  stm32f4xx_hal_can.o
    0x08002eee   0x00000002   Code   RO         3597    i.HAL_CAN_TxMailbox1AbortCallback  stm32f4xx_hal_can.o
    0x08002ef0   0x00000002   Code   RO         3598    i.HAL_CAN_TxMailbox1CompleteCallback  stm32f4xx_hal_can.o
    0x08002ef2   0x00000002   Code   RO         3599    i.HAL_CAN_TxMailbox2AbortCallback  stm32f4xx_hal_can.o
    0x08002ef4   0x00000002   Code   RO         3600    i.HAL_CAN_TxMailbox2CompleteCallback  stm32f4xx_hal_can.o
    0x08002ef6   0x00000002   Code   RO         3602    i.HAL_CAN_WakeUpFromRxMsgCallback  stm32f4xx_hal_can.o
    0x08002ef8   0x0000008e   Code   RO         4308    i.HAL_DMA_Abort     stm32f4xx_hal_dma.o
    0x08002f86   0x00000024   Code   RO         4309    i.HAL_DMA_Abort_IT  stm32f4xx_hal_dma.o
    0x08002faa   0x00000002   PAD
    0x08002fac   0x000001d0   Code   RO         4313    i.HAL_DMA_IRQHandler  stm32f4xx_hal_dma.o
    0x0800317c   0x000000d4   Code   RO         4314    i.HAL_DMA_Init      stm32f4xx_hal_dma.o
    0x08003250   0x0000006e   Code   RO         4318    i.HAL_DMA_Start_IT  stm32f4xx_hal_dma.o
    0x080032be   0x00000002   Code   RO         4199    i.HAL_GPIO_EXTI_Callback  stm32f4xx_hal_gpio.o
    0x080032c0   0x00000018   Code   RO         4200    i.HAL_GPIO_EXTI_IRQHandler  stm32f4xx_hal_gpio.o
    0x080032d8   0x000001d0   Code   RO         4201    i.HAL_GPIO_Init     stm32f4xx_hal_gpio.o
    0x080034a8   0x0000000e   Code   RO         4205    i.HAL_GPIO_WritePin  stm32f4xx_hal_gpio.o
    0x080034b6   0x00000002   PAD
    0x080034b8   0x0000000c   Code   RO         4733    i.HAL_GetTick       stm32f4xx_hal.o
    0x080034c4   0x00000010   Code   RO         4739    i.HAL_IncTick       stm32f4xx_hal.o
    0x080034d4   0x00000034   Code   RO         4740    i.HAL_Init          stm32f4xx_hal.o
    0x08003508   0x00000098   Code   RO         2110    i.HAL_InitTick      stm32f4xx_hal_timebase_tim.o
    0x080035a0   0x00000038   Code   RO         2086    i.HAL_MspInit       stm32f4xx_hal_msp.o
    0x080035d8   0x0000001a   Code   RO         4590    i.HAL_NVIC_EnableIRQ  stm32f4xx_hal_cortex.o
    0x080035f2   0x00000002   PAD
    0x080035f4   0x00000040   Code   RO         4596    i.HAL_NVIC_SetPriority  stm32f4xx_hal_cortex.o
    0x08003634   0x00000024   Code   RO         4597    i.HAL_NVIC_SetPriorityGrouping  stm32f4xx_hal_cortex.o
    0x08003658   0x00000002   Code   RO         3801    i.HAL_RCC_CSSCallback  stm32f4xx_hal_rcc.o
    0x0800365a   0x00000002   PAD
    0x0800365c   0x0000014c   Code   RO         3802    i.HAL_RCC_ClockConfig  stm32f4xx_hal_rcc.o
    0x080037a8   0x0000000c   Code   RO         3805    i.HAL_RCC_EnableCSS  stm32f4xx_hal_rcc.o
    0x080037b4   0x0000003c   Code   RO         3806    i.HAL_RCC_GetClockConfig  stm32f4xx_hal_rcc.o
    0x080037f0   0x0000000c   Code   RO         3807    i.HAL_RCC_GetHCLKFreq  stm32f4xx_hal_rcc.o
    0x080037fc   0x00000020   Code   RO         3809    i.HAL_RCC_GetPCLK1Freq  stm32f4xx_hal_rcc.o
    0x0800381c   0x00000020   Code   RO         3810    i.HAL_RCC_GetPCLK2Freq  stm32f4xx_hal_rcc.o
    0x0800383c   0x0000006c   Code   RO         3811    i.HAL_RCC_GetSysClockFreq  stm32f4xx_hal_rcc.o
    0x080038a8   0x0000001c   Code   RO         3813    i.HAL_RCC_NMI_IRQHandler  stm32f4xx_hal_rcc.o
    0x080038c4   0x000003c0   Code   RO         3814    i.HAL_RCC_OscConfig  stm32f4xx_hal_rcc.o
    0x08003c84   0x000000be   Code   RO         4989    i.HAL_SPI_Init      stm32f4xx_hal_spi.o
    0x08003d42   0x00000002   PAD
    0x08003d44   0x00000090   Code   RO         1815    i.HAL_SPI_MspInit   spi.o
    0x08003dd4   0x000001e4   Code   RO         4998    i.HAL_SPI_TransmitReceive  stm32f4xx_hal_spi.o
    0x08003fb8   0x00000002   Code   RO         6017    i.HAL_TIMEx_BreakCallback  stm32f4xx_hal_tim_ex.o
    0x08003fba   0x00000002   Code   RO         6018    i.HAL_TIMEx_CommutCallback  stm32f4xx_hal_tim_ex.o
    0x08003fbc   0x00000054   Code   RO         6020    i.HAL_TIMEx_ConfigBreakDeadTime  stm32f4xx_hal_tim_ex.o
    0x08004010   0x00000090   Code   RO         6036    i.HAL_TIMEx_MasterConfigSynchronization  stm32f4xx_hal_tim_ex.o
    0x080040a0   0x0000004a   Code   RO         5302    i.HAL_TIM_Base_Init  stm32f4xx_hal_tim.o
    0x080040ea   0x00000002   PAD
    0x080040ec   0x00000064   Code   RO         1857    i.HAL_TIM_Base_MspInit  tim.o
    0x08004150   0x0000008c   Code   RO         5307    i.HAL_TIM_Base_Start_IT  stm32f4xx_hal_tim.o
    0x080041dc   0x000000e8   Code   RO         5311    i.HAL_TIM_ConfigClockSource  stm32f4xx_hal_tim.o
    0x080042c4   0x00000002   Code   RO         5336    i.HAL_TIM_IC_CaptureCallback  stm32f4xx_hal_tim.o
    0x080042c6   0x0000016e   Code   RO         5350    i.HAL_TIM_IRQHandler  stm32f4xx_hal_tim.o
    0x08004434   0x000000c0   Code   RO         1858    i.HAL_TIM_MspPostInit  tim.o
    0x080044f4   0x00000052   Code   RO         5351    i.HAL_TIM_OC_ConfigChannel  stm32f4xx_hal_tim.o
    0x08004546   0x00000002   Code   RO         5353    i.HAL_TIM_OC_DelayElapsedCallback  stm32f4xx_hal_tim.o
    0x08004548   0x0000004a   Code   RO         5355    i.HAL_TIM_OC_Init   stm32f4xx_hal_tim.o
    0x08004592   0x00000002   Code   RO         5357    i.HAL_TIM_OC_MspInit  stm32f4xx_hal_tim.o
    0x08004594   0x000000d8   Code   RO         5374    i.HAL_TIM_PWM_ConfigChannel  stm32f4xx_hal_tim.o
    0x0800466c   0x0000004a   Code   RO         5377    i.HAL_TIM_PWM_Init  stm32f4xx_hal_tim.o
    0x080046b6   0x00000002   Code   RO         5379    i.HAL_TIM_PWM_MspInit  stm32f4xx_hal_tim.o
    0x080046b8   0x00000002   Code   RO         5380    i.HAL_TIM_PWM_PulseFinishedCallback  stm32f4xx_hal_tim.o
    0x080046ba   0x0000000e   Code   RO         1598    i.HAL_TIM_PeriodElapsedCallback  main.o
    0x080046c8   0x00000002   Code   RO         5393    i.HAL_TIM_TriggerCallback  stm32f4xx_hal_tim.o
    0x080046ca   0x00000002   Code   RO         6295    i.HAL_UARTEx_RxEventCallback  stm32f4xx_hal_uart.o
    0x080046cc   0x00000002   Code   RO         6309    i.HAL_UART_ErrorCallback  stm32f4xx_hal_uart.o
    0x080046ce   0x00000002   PAD
    0x080046d0   0x00000228   Code   RO         6312    i.HAL_UART_IRQHandler  stm32f4xx_hal_uart.o
    0x080048f8   0x00000064   Code   RO         6313    i.HAL_UART_Init     stm32f4xx_hal_uart.o
    0x0800495c   0x000001f8   Code   RO         1917    i.HAL_UART_MspInit  usart.o
    0x08004b54   0x00000002   Code   RO         6319    i.HAL_UART_RxCpltCallback  stm32f4xx_hal_uart.o
    0x08004b56   0x00000002   PAD
    0x08004b58   0x00000094   Code   RO         6322    i.HAL_UART_Transmit_DMA  stm32f4xx_hal_uart.o
    0x08004bec   0x00000002   Code   RO         6324    i.HAL_UART_TxCpltCallback  stm32f4xx_hal_uart.o
    0x08004bee   0x00000002   Code   RO         6325    i.HAL_UART_TxHalfCpltCallback  stm32f4xx_hal_uart.o
    0x08004bf0   0x0000001a   Code   RO          770    i.Haltick           bsp_tick.o
    0x08004c0a   0x00000002   Code   RO         1978    i.HardFault_Handler  stm32f4xx_it.o
    0x08004c0c   0x00000010   Code   RO          807    i.Heat_Power_Control  bsp_tim.o
    0x08004c1c   0x00000060   Code   RO          109    i.INSTask_Init      ins_task.o
    0x08004c7c   0x0000016c   Code   RO          110    i.INS_Task          ins_task.o
    0x08004de8   0x0000036a   Code   RO          963    i.Kalman_Filter_Init  kalman.o
    0x08005152   0x000000c0   Code   RO          964    i.Kalman_Filter_K_Update  kalman.o
    0x08005212   0x0000003a   Code   RO          965    i.Kalman_Filter_Measurement_Update  kalman.o
    0x0800524c   0x00000068   Code   RO          966    i.Kalman_Filter_P_Update  kalman.o
    0x080052b4   0x0000006a   Code   RO          967    i.Kalman_Filter_Pminus_Update  kalman.o
    0x0800531e   0x00000086   Code   RO          968    i.Kalman_Filter_Update  kalman.o
    0x080053a4   0x00000080   Code   RO          969    i.Kalman_Filter_xhat_Update  kalman.o
    0x08005424   0x00000074   Code   RO          970    i.Kalman_Filter_xhatminus_Update  kalman.o
    0x08005498   0x00000034   Code   RO          865    i.LowPassFilter2p_Init  lpf.o
    0x080054cc   0x0000004c   Code   RO          866    i.LowPassFilter2p_Update  lpf.o
    0x08005518   0x00000048   Code   RO         1743    i.MX_CAN1_Init      can.o
    0x08005560   0x00000048   Code   RO         1744    i.MX_CAN2_Init      can.o
    0x080055a8   0x0000005c   Code   RO         1790    i.MX_DMA_Init       dma.o
    0x08005604   0x00000080   Code   RO         1678    i.MX_FREERTOS_Init  freertos.o
    0x08005684   0x0000012c   Code   RO         1651    i.MX_GPIO_Init      gpio.o
    0x080057b0   0x00000048   Code   RO         1816    i.MX_SPI1_Init      spi.o
    0x080057f8   0x00000068   Code   RO         1859    i.MX_TIM10_Init     tim.o
    0x08005860   0x00000108   Code   RO         1860    i.MX_TIM1_Init      tim.o
    0x08005968   0x00000098   Code   RO         1861    i.MX_TIM4_Init      tim.o
    0x08005a00   0x00000038   Code   RO         1918    i.MX_USART1_UART_Init  usart.o
    0x08005a38   0x0000003c   Code   RO         1919    i.MX_USART3_UART_Init  usart.o
    0x08005a74   0x00000038   Code   RO         1920    i.MX_USART6_UART_Init  usart.o
    0x08005aac   0x00000002   Code   RO         1979    i.MemManage_Handler  stm32f4xx_it.o
    0x08005aae   0x00000006   Code   RO         1980    i.NMI_Handler       stm32f4xx_it.o
    0x08005ab4   0x00000028   Code   RO         1292    i.PID_Calc_Clear    pid.o
    0x08005adc   0x0000002c   Code   RO         1293    i.PID_ErrorHandle   pid.o
    0x08005b08   0x0000002c   Code   RO         1294    i.PID_Init          pid.o
    0x08005b34   0x00000046   Code   RO         1295    i.PID_Param_Init    pid.o
    0x08005b7a   0x00000002   PAD
    0x08005b7c   0x000001a4   Code   RO            5    i.QuaternionEKF_A_Update  api_quaternion.o
    0x08005d20   0x00000138   Code   RO            6    i.QuaternionEKF_ChiSqrtTest  api_quaternion.o
    0x08005e58   0x000000e6   Code   RO            7    i.QuaternionEKF_H_Update  api_quaternion.o
    0x08005f3e   0x00000002   PAD
    0x08005f40   0x000000bc   Code   RO            8    i.QuaternionEKF_Init  api_quaternion.o
    0x08005ffc   0x00000340   Code   RO            9    i.QuaternionEKF_Update  api_quaternion.o
    0x0800633c   0x000002bc   Code   RO           10    i.QuaternionEKF_xhat_Update  api_quaternion.o
    0x080065f8   0x000000b4   Code   RO          466    i.REFEREE_IRQHandler_Called  refereetask.o
    0x080066ac   0x000000d4   Code   RO          467    i.REFEREE_Init      refereetask.o
    0x08006780   0x000000bc   Code   RO          468    i.Referee_Task      refereetask.o
    0x0800683c   0x000000c4   Code   RO         1426    i.SBUS_TO_RC        remote_control.o
    0x08006900   0x0000005c   Code   RO         5027    i.SPI_EndRxTxTransaction  stm32f4xx_hal_spi.o
    0x0800695c   0x000000bc   Code   RO         5032    i.SPI_WaitFlagStateUntilTimeout  stm32f4xx_hal_spi.o
    0x08006a18   0x00000040   Code   RO         1539    i.Startjudge_task   ui.o
    0x08006a58   0x0000002c   Code   RO         3488    i.SysTick_Handler   port.o
    0x08006a84   0x00000098   Code   RO         1599    i.SystemClock_Config  main.o
    0x08006b1c   0x00000010   Code   RO         2157    i.SystemInit        system_stm32f4xx.o
    0x08006b2c   0x0000000c   Code   RO         1981    i.TIM2_IRQHandler   stm32f4xx_it.o
    0x08006b38   0x000000cc   Code   RO         5395    i.TIM_Base_SetConfig  stm32f4xx_hal_tim.o
    0x08006c04   0x00000014   Code   RO         5406    i.TIM_ETR_SetConfig  stm32f4xx_hal_tim.o
    0x08006c18   0x00000010   Code   RO         5407    i.TIM_ITRx_SetConfig  stm32f4xx_hal_tim.o
    0x08006c28   0x00000068   Code   RO         5408    i.TIM_OC1_SetConfig  stm32f4xx_hal_tim.o
    0x08006c90   0x00000074   Code   RO         5409    i.TIM_OC2_SetConfig  stm32f4xx_hal_tim.o
    0x08006d04   0x00000070   Code   RO         5410    i.TIM_OC3_SetConfig  stm32f4xx_hal_tim.o
    0x08006d74   0x00000054   Code   RO         5411    i.TIM_OC4_SetConfig  stm32f4xx_hal_tim.o
    0x08006dc8   0x00000022   Code   RO         5413    i.TIM_TI1_ConfigInputStage  stm32f4xx_hal_tim.o
    0x08006dea   0x00000024   Code   RO         5415    i.TIM_TI2_ConfigInputStage  stm32f4xx_hal_tim.o
    0x08006e0e   0x00000010   Code   RO         6326    i.UART_DMAAbortOnError  stm32f4xx_hal_uart.o
    0x08006e1e   0x0000004a   Code   RO         6327    i.UART_DMAError     stm32f4xx_hal_uart.o
    0x08006e68   0x00000042   Code   RO         6332    i.UART_DMATransmitCplt  stm32f4xx_hal_uart.o
    0x08006eaa   0x0000000a   Code   RO         6334    i.UART_DMATxHalfCplt  stm32f4xx_hal_uart.o
    0x08006eb4   0x0000004e   Code   RO         6336    i.UART_EndRxTransfer  stm32f4xx_hal_uart.o
    0x08006f02   0x0000001a   Code   RO         6337    i.UART_EndTransmit_IT  stm32f4xx_hal_uart.o
    0x08006f1c   0x0000001c   Code   RO         6338    i.UART_EndTxTransfer  stm32f4xx_hal_uart.o
    0x08006f38   0x000000c6   Code   RO         6339    i.UART_Receive_IT   stm32f4xx_hal_uart.o
    0x08006ffe   0x00000002   PAD
    0x08007000   0x00000114   Code   RO         6340    i.UART_SetConfig    stm32f4xx_hal_uart.o
    0x08007114   0x0000005e   Code   RO         6343    i.UART_Transmit_IT  stm32f4xx_hal_uart.o
    0x08007172   0x0000000c   Code   RO          515    i.UI_Task           ui_task.o
    0x0800717e   0x00000002   PAD
    0x08007180   0x00000018   Code   RO         1982    i.USART3_IRQHandler  stm32f4xx_it.o
    0x08007198   0x00000014   Code   RO         1983    i.USART6_IRQHandler  stm32f4xx_it.o
    0x080071ac   0x000000a0   Code   RO         1427    i.USAR_UART3_IDLECallback  remote_control.o
    0x0800724c   0x00000022   Code   RO          546    i.USER_CAN_TxMessage  bsp_can.o
    0x0800726e   0x00000002   PAD
    0x08007270   0x00000044   Code   RO         1428    i.USER_UART_IRQHandler  remote_control.o
    0x080072b4   0x00000002   Code   RO         1984    i.UsageFault_Handler  stm32f4xx_it.o
    0x080072b6   0x00000028   Code   RO          808    i.User_Tim_SetCompare  bsp_tim.o
    0x080072de   0x00000026   Code   RO         7240    i.__ARM_fpclassifyf  m_wm.l(fpclassifyf.o)
    0x08007304   0x00000020   Code   RO         4603    i.__NVIC_SetPriority  stm32f4xx_hal_cortex.o
    0x08007324   0x00000118   Code   RO         7060    i.__hardfp_acosf    m_wm.l(acosf.o)
    0x0800743c   0x0000012c   Code   RO         7072    i.__hardfp_asinf    m_wm.l(asinf.o)
    0x08007568   0x00000250   Code   RO         7084    i.__hardfp_atan2f   m_wm.l(atan2f.o)
    0x080077b8   0x00000014   Code   RO         7096    i.__hardfp_fabs     m_wm.l(fabs.o)
    0x080077cc   0x00000006   Code   RO         7243    i.__mathlib_flt_infnan  m_wm.l(funder.o)
    0x080077d2   0x00000006   Code   RO         7244    i.__mathlib_flt_infnan2  m_wm.l(funder.o)
    0x080077d8   0x00000010   Code   RO         7245    i.__mathlib_flt_invalid  m_wm.l(funder.o)
    0x080077e8   0x00000010   Code   RO         7248    i.__mathlib_flt_underflow  m_wm.l(funder.o)
    0x080077f8   0x0000002c   Code   RO          902    i.append_CRC16_check_sum  crc.o
    0x08007824   0x00000020   Code   RO          903    i.append_CRC8_check_sum  crc.o
    0x08007844   0x0000009e   Code   RO         1044    i.chassis_ramp      ramp.o
    0x080078e2   0x00000002   PAD
    0x080078e4   0x000000a4   Code   RO         1387    i.encoder2Angle     motor.o
    0x08007988   0x0000018c   Code   RO         1296    i.f_PID_Calculate   pid.o
    0x08007b14   0x0000002e   Code   RO         1098    i.fifo_s_get        fifo.o
    0x08007b42   0x00000016   Code   RO         1101    i.fifo_s_init       fifo.o
    0x08007b58   0x00000084   Code   RO         1107    i.fifo_s_puts       fifo.o
    0x08007bdc   0x00000004   Code   RO         1109    i.fifo_s_used       fifo.o
    0x08007be0   0x00000030   Code   RO          904    i.get_CRC16_check_sum  crc.o
    0x08007c10   0x0000001c   Code   RO          905    i.get_CRC8_check_sum  crc.o
    0x08007c2c   0x000000ac   Code   RO         1388    i.get_Motor_Data    motor.o
    0x08007cd8   0x00000010   Code   RO         3039    i.inHandlerMode     cmsis_os.o
    0x08007ce8   0x00000070   Code   RO         1486    i.init_referee_struct_data  referee.o
    0x08007d58   0x00000058   Code   RO         1600    i.main              main.o
    0x08007db0   0x0000000c   Code   RO         3041    i.makeFreeRtosPriority  cmsis_os.o
    0x08007dbc   0x00000010   Code   RO         3043    i.osDelay           cmsis_os.o
    0x08007dcc   0x00000010   Code   RO         3044    i.osDelayUntil      cmsis_os.o
    0x08007ddc   0x0000000a   Code   RO         3046    i.osKernelStart     cmsis_os.o
    0x08007de6   0x00000018   Code   RO         3047    i.osKernelSysTick   cmsis_os.o
    0x08007dfe   0x00000058   Code   RO         3080    i.osThreadCreate    cmsis_os.o
    0x08007e56   0x00000002   PAD
    0x08007e58   0x00000078   Code   RO         2667    i.prvAddCurrentTaskToDelayedList  tasks.o
    0x08007ed0   0x00000088   Code   RO         2668    i.prvAddNewTaskToReadyList  tasks.o
    0x08007f58   0x0000003c   Code   RO         2669    i.prvCheckTasksWaitingTermination  tasks.o
    0x08007f94   0x00000040   Code   RO         2670    i.prvDeleteTCB      tasks.o
    0x08007fd4   0x0000004c   Code   RO         3420    i.prvHeapInit       heap_4.o
    0x08008020   0x00000028   Code   RO         2671    i.prvIdleTask       tasks.o
    0x08008048   0x000000ac   Code   RO         2672    i.prvInitialiseNewTask  tasks.o
    0x080080f4   0x00000058   Code   RO         2673    i.prvInitialiseTaskLists  tasks.o
    0x0800814c   0x00000054   Code   RO         3421    i.prvInsertBlockIntoFreeList  heap_4.o
    0x080081a0   0x00000024   Code   RO         2674    i.prvResetNextTaskUnblockTime  tasks.o
    0x080081c4   0x0000002c   Code   RO         3489    i.prvTaskExitError  port.o
    0x080081f0   0x000000dc   Code   RO         3422    i.pvPortMalloc      heap_4.o
    0x080082cc   0x00000024   Code   RO         3490    i.pxPortInitialiseStack  port.o
    0x080082f0   0x000001cc   Code   RO          398    i.quanxiang_Chassis_Control  chassistask.o
    0x080084bc   0x0000006c   Code   RO         1430    i.rc_init           remote_control.o
    0x08008528   0x00000130   Code   RO         1487    i.referee_data_solve  referee.o
    0x08008658   0x0000012c   Code   RO          469    i.referee_unpack_fifo_data  refereetask.o
    0x08008784   0x00000010   Code   RO         1431    i.remote_control_init  remote_control.o
    0x08008794   0x0000003e   Code   RO         7267    i.sqrtf             m_wm.l(sqrtf_full.o)
    0x080087d2   0x00000026   Code   RO         2289    i.uxListRemove      list.o
    0x080087f8   0x00000018   Code   RO         1681    i.vApplicationGetIdleTaskMemory  freertos.o
    0x08008810   0x00000016   Code   RO         2290    i.vListInitialise   list.o
    0x08008826   0x00000006   Code   RO         2291    i.vListInitialiseItem  list.o
    0x0800882c   0x00000030   Code   RO         2292    i.vListInsert       list.o
    0x0800885c   0x00000018   Code   RO         2293    i.vListInsertEnd    list.o
    0x08008874   0x00000040   Code   RO         3492    i.vPortEnterCritical  port.o
    0x080088b4   0x0000002c   Code   RO         3493    i.vPortExitCritical  port.o
    0x080088e0   0x00000064   Code   RO         3423    i.vPortFree         heap_4.o
    0x08008944   0x00000024   Code   RO         3494    i.vPortSetupTimerInterrupt  port.o
    0x08008968   0x00000054   Code   RO         3495    i.vPortValidateInterruptPriority  port.o
    0x080089bc   0x00000050   Code   RO         2687    i.vTaskDelay        tasks.o
    0x08008a0c   0x00000098   Code   RO         2688    i.vTaskDelayUntil   tasks.o
    0x08008aa4   0x00000088   Code   RO         2701    i.vTaskStartScheduler  tasks.o
    0x08008b2c   0x00000010   Code   RO         2703    i.vTaskSuspendAll   tasks.o
    0x08008b3c   0x00000060   Code   RO         2704    i.vTaskSwitchContext  tasks.o
    0x08008b9c   0x00000040   Code   RO          906    i.verify_CRC16_check_sum  crc.o
    0x08008bdc   0x0000002e   Code   RO          907    i.verify_CRC8_check_sum  crc.o
    0x08008c0a   0x00000002   PAD
    0x08008c0c   0x0000013c   Code   RO          399    i.vw_get            chassistask.o
    0x08008d48   0x000000f4   Code   RO         3496    i.xPortStartScheduler  port.o
    0x08008e3c   0x00000064   Code   RO         2708    i.xTaskCreate       tasks.o
    0x08008ea0   0x0000005c   Code   RO         2709    i.xTaskCreateStatic  tasks.o
    0x08008efc   0x0000000c   Code   RO         2715    i.xTaskGetTickCount  tasks.o
    0x08008f08   0x00000010   Code   RO         2716    i.xTaskGetTickCountFromISR  tasks.o
    0x08008f18   0x000000d0   Code   RO         2717    i.xTaskIncrementTick  tasks.o
    0x08008fe8   0x000000cc   Code   RO         2723    i.xTaskResumeAll    tasks.o
    0x080090b4   0x000002c4   Code   RO         7032    x$fpl$d2f           g_wm.l(d2f_clz.o)
    0x08009378   0x0000024c   Code   RO         7034    x$fpl$dadd          g_wm.l(daddsub_clz.o)
    0x080095c4   0x00000018   Code   RO         7199    x$fpl$dcmpinf       g_wm.l(dcmpi.o)
    0x080095dc   0x0000037c   Code   RO         7041    x$fpl$ddiv          g_wm.l(ddiv_clz.o)
    0x08009958   0x00000074   Code   RO         7044    x$fpl$deqf          g_wm.l(deqf.o)
    0x080099cc   0x000000dc   Code   RO         7046    x$fpl$dfixu         g_wm.l(dfixu.o)
    0x08009aa8   0x0000002e   Code   RO         7051    x$fpl$dflt          g_wm.l(dflt_clz.o)
    0x08009ad6   0x0000001a   Code   RO         7052    x$fpl$dfltn         g_wm.l(dflt_clz.o)
    0x08009af0   0x00000026   Code   RO         7050    x$fpl$dfltu         g_wm.l(dflt_clz.o)
    0x08009b16   0x00000002   PAD
    0x08009b18   0x000001c0   Code   RO         7056    x$fpl$dmul          g_wm.l(dmul_clz.o)
    0x08009cd8   0x00000102   Code   RO         7201    x$fpl$dnaninf       g_wm.l(dnaninf.o)
    0x08009dda   0x00000070   Code   RO         7203    x$fpl$drenorm       g_wm.l(drenorm_clz.o)
    0x08009e4a   0x0000000c   Code   RO         7205    x$fpl$dretinf       g_wm.l(dretinf.o)
    0x08009e56   0x00000002   PAD
    0x08009e58   0x0000029c   Code   RO         7036    x$fpl$dsub          g_wm.l(daddsub_clz.o)
    0x0800a0f4   0x0000017a   Code   RO         7209    x$fpl$dunder        g_wm.l(dunder_clz.o)
    0x0800a26e   0x00000002   PAD
    0x0800a270   0x000001ec   Code   RO         7211    x$fpl$exception     g_wm.l(except.o)
    0x0800a45c   0x0000007a   Code   RO         7058    x$fpl$f2d           g_wm.l(f2d.o)
    0x0800a4d6   0x000000f2   Code   RO         7213    x$fpl$fnaninf       g_wm.l(fnaninf.o)
    0x0800a5c8   0x0000000a   Code   RO         7335    x$fpl$fpinit        g_wm.l(fpinit.o)
    0x0800a5d2   0x0000000a   Code   RO         7215    x$fpl$fretinf       g_wm.l(fretinf.o)
    0x0800a5dc   0x0000013c   Code   RO         7217    x$fpl$funder        g_wm.l(funder_clz.o)
    0x0800a718   0x000000b2   Code   RO         7337    x$fpl$retnan        g_wm.l(retnan.o)
    0x0800a7ca   0x0000007e   Code   RO         7221    x$fpl$trapveneer    g_wm.l(trapv.o)
    0x0800a848   0x00000000   Code   RO         7223    x$fpl$usenofp       g_wm.l(usenofp.o)
    0x0800a848   0x00000300   Data   RO          909    .constdata          crc.o
    0x0800ab48   0x0000008c   Data   RO         1683    .constdata          freertos.o
    0x0800abd4   0x00000010   Data   RO         2158    .constdata          system_stm32f4xx.o
    0x0800abe4   0x00000008   Data   RO         2159    .constdata          system_stm32f4xx.o
    0x0800abec   0x00000008   Data   RO         4320    .constdata          stm32f4xx_hal_dma.o
    0x0800abf4   0x00000804   Data   RO         6925    .constdata          arm_cortexM4lf_math.lib(arm_common_tables.o)
    0x0800b3f8   0x00000049   Data   RO         1684    .conststring        freertos.o
    0x0800b441   0x00000003   PAD
    0x0800b444   0x00000020   Data   RO         7426    Region$$Table       anon$$obj.o


    Execution Region RW_IRAM1 (Base: 0x20000000, Size: 0x0000bd70, Max: 0x0001c000, ABSOLUTE, COMPRESSED[0x000000f0])

    Base Addr    Size         Type   Attr      Idx    E Section Name        Object

    0x20000000   0x00000144   Data   RW          112    .data               ins_task.o
    0x20000144   0x00000006   Data   RW          227    .data               cantxtask.o
    0x2000014a   0x00000002   PAD
    0x2000014c   0x000000d8   Data   RW          401    .data               chassistask.o
    0x20000224   0x00000002   Data   RW          471    .data               refereetask.o
    0x20000226   0x00000002   PAD
    0x20000228   0x00000024   Data   RW          550    .data               bsp_can.o
    0x2000024c   0x00000024   Data   RW          551    .data               bsp_can.o
    0x20000270   0x00000024   Data   RW          552    .data               bsp_can.o
    0x20000294   0x00000006   Data   RW          553    .data               bsp_can.o
    0x2000029a   0x00000002   Data   RW          910    .data               crc.o
    0x2000029c   0x0000002c   Data   RW         1338    .data               bmi088.o
    0x200002c8   0x00000078   Data   RW         1390    .data               motor.o
    0x20000340   0x00000008   Data   RW         1435    .data               remote_control.o
    0x20000348   0x0000002b   Data   RW         1489    .data               referee.o
    0x20000373   0x0000007c   Data   RW         1541    .data               ui.o
    0x200003ef   0x00000001   PAD
    0x200003f0   0x00000014   Data   RW         1685    .data               freertos.o
    0x20000404   0x00000004   Data   RW         1746    .data               can.o
    0x20000408   0x00000004   Data   RW         2160    .data               system_stm32f4xx.o
    0x2000040c   0x0000003c   Data   RW         2726    .data               tasks.o
    0x20000448   0x00000020   Data   RW         3429    .data               heap_4.o
    0x20000468   0x0000000c   Data   RW         3497    .data               port.o
    0x20000474   0x0000000c   Data   RW         4747    .data               stm32f4xx_hal.o
    0x20000480   0x0000029c   Zero   RW          111    .bss                ins_task.o
    0x2000071c   0x0000000a   Zero   RW          225    .bss                cantxtask.o
    0x20000726   0x0000000a   Zero   RW          226    .bss                cantxtask.o
    0x20000730   0x00000190   Zero   RW          400    .bss                chassistask.o
    0x200008c0   0x000008a1   Zero   RW          470    .bss                refereetask.o
    0x20001161   0x00000003   PAD
    0x20001164   0x00000028   Zero   RW          547    .bss                bsp_can.o
    0x2000118c   0x0000003c   Zero   RW         1337    .bss                bmi088.o
    0x200011c8   0x00000028   Zero   RW         1389    .bss                motor.o
    0x200011f0   0x00000060   Zero   RW         1433    .bss                remote_control.o
    0x20001250   0x00000063   Zero   RW         1488    .bss                referee.o
    0x200012b3   0x0000015e   Zero   RW         1540    .bss                ui.o
    0x20001411   0x00000003   PAD
    0x20001414   0x00000454   Zero   RW         1682    .bss                freertos.o
    0x20001868   0x00000050   Zero   RW         1745    .bss                can.o
    0x200018b8   0x00000058   Zero   RW         1817    .bss                spi.o
    0x20001910   0x000000d8   Zero   RW         1862    .bss                tim.o
    0x200019e8   0x000001ec   Zero   RW         1921    .bss                usart.o
    0x20001bd4   0x00000048   Zero   RW         2113    .bss                stm32f4xx_hal_timebase_tim.o
    0x20001c1c   0x000000f0   Zero   RW         2725    .bss                tasks.o
    0x20001d0c   0x00006000   Zero   RW         3428    .bss                heap_4.o
    0x20007d0c   0x00000060   Zero   RW         7286    .bss                c_w.l(libspace.o)
    0x20007d6c   0x00000004   PAD
    0x20007d70   0x00002000   Zero   RW         2147    HEAP                startup_stm32f407xx.o
    0x20009d70   0x00002000   Zero   RW         2146    STACK               startup_stm32f407xx.o


    Execution Region RW_IRAM2 (Base: 0x2001c000, Size: 0x00000000, Max: 0x00004000, ABSOLUTE)

    **** No section assigned to this execution region ****


==============================================================================

Image component sizes


      Code (inc. data)   RO Data    RW Data    ZI Data      Debug   Object Name

      2726         84          0          0          0      29344   api_quaternion.o
      1020         34          0         44         60       8989   bmi088.o
       402         40          0        114         40       5547   bsp_can.o
        64         24          0          0          0       1830   bsp_gpio.o
        36          4          0          0          0        577   bsp_spi.o
        70          0          0          0          0       1610   bsp_tick.o
        56          6          0          0          0       1373   bsp_tim.o
       400         46          0          4         80       2514   can.o
       256         44          0          6         20     712232   cantxtask.o
      2172        290          0        216        400       8743   chassistask.o
       182          0          0          0          0      29968   cmsis_os.o
       262         18        768          2          0       5190   crc.o
        92          4          0          0          0        826   dma.o
         0          0          0          0          0      15132   event_groups.o
       204          0          0          0          0       8683   fifo.o
       152         16        213         20       1108       2407   freertos.o
       300         18          0          0          0       1159   gpio.o
       480         26          0         32      24576       7551   heap_4.o
       564         72          0        324        668      40025   ins_task.o
      1712          0          0          0          0       5648   kalman.o
       138          0          0          0          0       3562   list.o
       128          6          0          0          0       3044   lpf.o
       258         14          0          0          0       2792   main.o
       336         28          0        120         40       2933   motor.o
       594         18          0          0          0       8286   pid.o
       786         84          0         12          0      11941   port.o
       158          0          0          0          0        843   ramp.o
       416         16          0         43         99       7887   referee.o
       880         94          0          2       2209       8514   refereetask.o
       548         34          0          8         96       5126   remote_control.o
       216         26          0          0         88       1749   spi.o
        64         26        392          0      16384        812   startup_stm32f407xx.o
        80         14          0         12          0       8086   stm32f4xx_hal.o
      1770          6          0          0          0      14671   stm32f4xx_hal_can.o
       158         14          0          0          0      33242   stm32f4xx_hal_cortex.o
      1170         14          8          0          0       7518   stm32f4xx_hal_dma.o
       504         50          0          0          0       3504   stm32f4xx_hal_gpio.o
        56          4          0          0          0        858   stm32f4xx_hal_msp.o
      1578         96          0          0          0       8640   stm32f4xx_hal_rcc.o
       954         14          0          0          0       4741   stm32f4xx_hal_spi.o
      1996        110          0          0          0      17446   stm32f4xx_hal_tim.o
       232         30          0          0          0       3373   stm32f4xx_hal_tim_ex.o
       152         18          0          0         72       1555   stm32f4xx_hal_timebase_tim.o
      1676         30          0          0          0      13746   stm32f4xx_hal_uart.o
       138         46          0          0          0       7154   stm32f4xx_it.o
        16          4         24          4          0       1127   system_stm32f4xx.o
      1828        140          0         60        240      23278   tasks.o
       812         76          0          0        216       4124   tim.o
      1186        104          0        124        350       6498   ui.o
        12          0          0          0          0        502   ui_task.o
       676         74          0          0        492       3477   usart.o

    ----------------------------------------------------------------------
     30712       1916       1440       1152      47244    1110377   Object Totals
         0          0         32          0          0          0   (incl. Generated)
        46          0          3          5          6          0   (incl. Padding)

    ----------------------------------------------------------------------

      Code (inc. data)   RO Data    RW Data    ZI Data      Debug   Library Member Name

         0          0       2052          0          0       4704   arm_common_tables.o
       120         12          0          0          0      17170   arm_cos_f32.o
       264          0          0          0          0       1826   arm_mat_add_f32.o
         8          0          0          0          0        999   arm_mat_init_f32.o
      1328          4          0          0          0       4782   arm_mat_inverse_f32.o
       316          4          0          0          0       2375   arm_mat_mult_f32.o
       264          0          0          0          0       1826   arm_mat_sub_f32.o
       276          0          0          0          0       2240   arm_mat_trans_f32.o
       148         18          0          0          0        814   arm_sin_f32.o
        90          0          0          0          0          0   __dczerorl2.o
         8          0          0          0          0         68   __main.o
         0          0          0          0          0          0   __rtentry.o
        12          0          0          0          0          0   __rtentry2.o
         6          0          0          0          0          0   __rtentry4.o
        52          8          0          0          0          0   __scatter.o
        28          0          0          0          0          0   __scatter_zi.o
        48          4          0          0          0         84   _fptrap.o
        22          0          0          0          0        100   _rserrno.o
        16          0          0          0          0         68   aeabi_memset.o
        10          0          0          0          0         68   defsig_exit.o
       172        110          0          0          0         76   defsig_fpe_inner.o
        14          0          0          0          0         80   defsig_fpe_outer.o
        50          0          0          0          0         88   defsig_general.o
        80         58          0          0          0         76   defsig_rtmem_inner.o
        14          0          0          0          0         80   defsig_rtmem_outer.o
        18          0          0          0          0         80   exit.o
        94          0          0          0          0         80   h1_alloc.o
        52          0          0          0          0         68   h1_extend.o
        78          0          0          0          0         80   h1_free.o
        14          0          0          0          0         84   h1_init.o
         6          0          0          0          0        152   heapauxi.o
         4          0          0          0          0        136   hguard.o
         0          0          0          0          0          0   indicate_semi.o
       138          0          0          0          0        168   init_alloc.o
         2          0          0          0          0          0   libinit.o
        14          0          0          0          0          0   libinit2.o
         2          0          0          0          0          0   libshutdown.o
         2          0          0          0          0          0   libshutdown2.o
         8          4          0          0         96         68   libspace.o
       238          0          0          0          0        100   lludivv7m.o
         0          0          0          0          0          0   maybetermalloc1.o
         8          4          0          0          0         68   rt_errno_addr_intlibspace.o
         8          4          0          0          0         68   rt_heap_descriptor_intlibspace.o
        68          0          0          0          0         68   rt_memclr.o
        78          0          0          0          0         80   rt_memclr_w.o
       138          0          0          0          0         68   rt_memcpy_v6.o
       100          0          0          0          0         80   rt_memcpy_w.o
         2          0          0          0          0          0   rtexit.o
        10          0          0          0          0          0   rtexit2.o
        62          0          0          0          0         76   strlen.o
        12          4          0          0          0         68   sys_exit.o
        74          0          0          0          0         80   sys_stackheap_outer.o
        14          0          0          0          0         76   sys_wrch.o
         2          0          0          0          0         68   use_no_semi.o
       708         16          0          0          0        140   d2f_clz.o
      1256         28          0          0          0        408   daddsub_clz.o
        24          0          0          0          0        116   dcmpi.o
       892        152          0          0          0        292   ddiv_clz.o
       116          8          0          0          0        140   deqf.o
       220         16          0          0          0        192   dfixu.o
       110          0          0          0          0        348   dflt_clz.o
       448         16          0          0          0        164   dmul_clz.o
       258          4          0          0          0        156   dnaninf.o
       112          0          0          0          0        160   drenorm_clz.o
        12          0          0          0          0        116   dretinf.o
       378          0          0          0          0        168   dunder_clz.o
       492         36          0          0          0        148   except.o
       122          8          0          0          0        132   f2d.o
       242          4          0          0          0        144   fnaninf.o
        10          0          0          0          0        116   fpinit.o
        10          0          0          0          0        116   fretinf.o
       316          0          0          0          0        132   funder_clz.o
       178          0          0          0          0        116   retnan.o
       126          0          0          0          0        148   trapv.o
         0          0          0          0          0          0   usenofp.o
       280         46          0          0          0        176   acosf.o
       300         42          0          0          0        176   asinf.o
       592         90          0          0          0        184   atan2f.o
        20          0          0          0          0        124   fabs.o
        38          0          0          0          0        116   fpclassifyf.o
        44         12          0          0          0        464   funder.o
        62          0          0          0          0        136   sqrtf_full.o

    ----------------------------------------------------------------------
     11976        712       2052          0        100      44168   Library Totals
        18          0          0          0          4          0   (incl. Padding)

    ----------------------------------------------------------------------

      Code (inc. data)   RO Data    RW Data    ZI Data      Debug   Library Name

      2724         38       2052          0          0      36736   arm_cortexM4lf_math.lib
      1868        196          0          0         96       2604   c_w.l
      6030        288          0          0          0       3452   g_wm.l
      1336        190          0          0          0       1376   m_wm.l

    ----------------------------------------------------------------------
     11976        712       2052          0        100      44168   Library Totals

    ----------------------------------------------------------------------

==============================================================================


      Code (inc. data)   RO Data    RW Data    ZI Data      Debug   

     42688       2628       3492       1152      47344    1123489   Grand Totals
     42688       2628       3492        240      47344    1123489   ELF Image Totals (compressed)
     42688       2628       3492        240          0          0   ROM Totals

==============================================================================

    Total RO  Size (Code + RO Data)                46180 (  45.10kB)
    Total RW  Size (RW Data + ZI Data)             48496 (  47.36kB)
    Total ROM Size (Code + RO Data + RW Data)      46420 (  45.33kB)

==============================================================================

