Component: ARM Compiler 5.06 update 7 (build 960) Tool: armlink [4d3601]

==============================================================================

Section Cross References

    api_quaternion.o(i.QuaternionEKF_A_Update) refers to rt_memclr_w.o(.text) for __aeabi_memclr4
    api_quaternion.o(i.QuaternionEKF_A_Update) refers to api_quaternion.o(i.Fast_InverseSqrt) for Fast_InverseSqrt
    api_quaternion.o(i.QuaternionEKF_ChiSqrtTest) refers to arm_mat_mult_f32.o(.text) for arm_mat_mult_f32
    api_quaternion.o(i.QuaternionEKF_ChiSqrtTest) refers to arm_mat_trans_f32.o(.text) for arm_mat_trans_f32
    api_quaternion.o(i.QuaternionEKF_ChiSqrtTest) refers to rt_memcpy_w.o(.text) for __aeabi_memcpy4
    api_quaternion.o(i.QuaternionEKF_H_Update) refers to rt_memclr_w.o(.text) for __aeabi_memclr4
    api_quaternion.o(i.QuaternionEKF_Init) refers to kalman.o(i.Kalman_Filter_Init) for Kalman_Filter_Init
    api_quaternion.o(i.QuaternionEKF_Init) refers to rt_memcpy_w.o(.text) for __aeabi_memcpy4
    api_quaternion.o(i.QuaternionEKF_Init) refers to api_quaternion.o(i.QuaternionEKF_A_Update) for QuaternionEKF_A_Update
    api_quaternion.o(i.QuaternionEKF_Init) refers to api_quaternion.o(i.QuaternionEKF_H_Update) for QuaternionEKF_H_Update
    api_quaternion.o(i.QuaternionEKF_Init) refers to api_quaternion.o(i.QuaternionEKF_xhat_Update) for QuaternionEKF_xhat_Update
    api_quaternion.o(i.QuaternionEKF_Update) refers to api_quaternion.o(i.Fast_InverseSqrt) for Fast_InverseSqrt
    api_quaternion.o(i.QuaternionEKF_Update) refers to rt_memcpy_w.o(.text) for __aeabi_memcpy4
    api_quaternion.o(i.QuaternionEKF_Update) refers to kalman.o(i.Kalman_Filter_Update) for Kalman_Filter_Update
    api_quaternion.o(i.QuaternionEKF_Update) refers to atan2f.o(i.__hardfp_atan2f) for __hardfp_atan2f
    api_quaternion.o(i.QuaternionEKF_Update) refers to asinf.o(i.__hardfp_asinf) for __hardfp_asinf
    api_quaternion.o(i.QuaternionEKF_xhat_Update) refers to arm_mat_trans_f32.o(.text) for arm_mat_trans_f32
    api_quaternion.o(i.QuaternionEKF_xhat_Update) refers to arm_mat_mult_f32.o(.text) for arm_mat_mult_f32
    api_quaternion.o(i.QuaternionEKF_xhat_Update) refers to arm_mat_add_f32.o(.text) for arm_mat_add_f32
    api_quaternion.o(i.QuaternionEKF_xhat_Update) refers to arm_mat_inverse_f32.o(.text) for arm_mat_inverse_f32
    api_quaternion.o(i.QuaternionEKF_xhat_Update) refers to acosf.o(i.__hardfp_acosf) for __hardfp_acosf
    api_quaternion.o(i.QuaternionEKF_xhat_Update) refers to arm_mat_sub_f32.o(.text) for arm_mat_sub_f32
    api_quaternion.o(i.QuaternionEKF_xhat_Update) refers to api_quaternion.o(i.QuaternionEKF_ChiSqrtTest) for QuaternionEKF_ChiSqrtTest
    api_trajectory.o(i.SolveTrajectory_Transform) refers to bsp_dwt.o(i.DWT_GetTimeline_s) for DWT_GetTimeline_s
    api_trajectory.o(i.SolveTrajectory_Transform) refers to arm_cos_f32.o(.text) for arm_cos_f32
    api_trajectory.o(i.SolveTrajectory_Transform) refers to arm_sin_f32.o(.text) for arm_sin_f32
    api_trajectory.o(i.SolveTrajectory_Transform) refers to f2d.o(x$fpl$f2d) for __aeabi_f2d
    api_trajectory.o(i.SolveTrajectory_Transform) refers to sqrt_full.o(i.__hardfp_sqrt) for __hardfp_sqrt
    api_trajectory.o(i.SolveTrajectory_Transform) refers to d2f_clz.o(x$fpl$d2f) for __aeabi_d2f
    api_trajectory.o(i.SolveTrajectory_Transform) refers to atan2.o(i.__hardfp_atan2) for __hardfp_atan2
    api_trajectory.o(i.SolveTrajectory_Transform) refers to api_trajectory.o(i.Trajectory_Picth_Update) for Trajectory_Picth_Update
    api_trajectory.o(i.Trajectory_BulletModel) refers to f2d.o(x$fpl$f2d) for __aeabi_f2d
    api_trajectory.o(i.Trajectory_BulletModel) refers to cos.o(i.__hardfp_cos) for __hardfp_cos
    api_trajectory.o(i.Trajectory_BulletModel) refers to dmul_clz.o(x$fpl$dmul) for __aeabi_dmul
    api_trajectory.o(i.Trajectory_BulletModel) refers to exp.o(i.__hardfp_exp) for __hardfp_exp
    api_trajectory.o(i.Trajectory_BulletModel) refers to daddsub_clz.o(x$fpl$dsub) for __aeabi_dsub
    api_trajectory.o(i.Trajectory_BulletModel) refers to ddiv_clz.o(x$fpl$ddiv) for __aeabi_ddiv
    api_trajectory.o(i.Trajectory_BulletModel) refers to d2f_clz.o(x$fpl$d2f) for __aeabi_d2f
    api_trajectory.o(i.Trajectory_BulletModel) refers to arm_sin_f32.o(.text) for arm_sin_f32
    api_trajectory.o(i.Trajectory_Picth_Update) refers to f2d.o(x$fpl$f2d) for __aeabi_f2d
    api_trajectory.o(i.Trajectory_Picth_Update) refers to atan2.o(i.__hardfp_atan2) for __hardfp_atan2
    api_trajectory.o(i.Trajectory_Picth_Update) refers to d2f_clz.o(x$fpl$d2f) for __aeabi_d2f
    api_trajectory.o(i.Trajectory_Picth_Update) refers to api_trajectory.o(i.Trajectory_BulletModel) for Trajectory_BulletModel
    api_trajectory.o(i.Trajectory_Picth_Update) refers to fabs.o(i.__hardfp_fabs) for __hardfp_fabs
    api_trajectory.o(i.Trajectory_Picth_Update) refers to dleqf.o(x$fpl$dleqf) for __aeabi_cdcmple
[...]
    _dfltu                                   0x0800d441   Thumb Code    38  dflt_clz.o(x$fpl$dfltu)
    __aeabi_cdcmple                          0x0800d469   Thumb Code     0  dleqf.o(x$fpl$dleqf)
    _dcmple                                  0x0800d469   Thumb Code   120  dleqf.o(x$fpl$dleqf)
    __fpl_dcmple_InfNaN                      0x0800d4c1   Thumb Code     0  dleqf.o(x$fpl$dleqf)
    __aeabi_dmul                             0x0800d4e1   Thumb Code     0  dmul_clz.o(x$fpl$dmul)
    _dmul                                    0x0800d4e1   Thumb Code   440  dmul_clz.o(x$fpl$dmul)
    __fpl_dnaninf                            0x0800d6a1   Thumb Code   258  dnaninf.o(x$fpl$dnaninf)
    __fpl_drenorm2                           0x0800d7a3   Thumb Code   106  drenorm_clz.o(x$fpl$drenorm)
    __fpl_drenorm1                           0x0800d80d   Thumb Code     6  drenorm_clz.o(x$fpl$drenorm)
    __fpl_dretinf                            0x0800d813   Thumb Code    12  dretinf.o(x$fpl$dretinf)
    __aeabi_cdrcmple                         0x0800d81f   Thumb Code     0  drleqf.o(x$fpl$drleqf)
    _drcmple                                 0x0800d81f   Thumb Code    98  drleqf.o(x$fpl$drleqf)
    __aeabi_drsub                            0x0800d881   Thumb Code     0  daddsub_clz.o(x$fpl$drsb)
    _drsb                                    0x0800d881   Thumb Code    74  daddsub_clz.o(x$fpl$drsb)
    _dsqrt                                   0x0800d8d1   Thumb Code   520  dsqrt_umaalclz.o(x$fpl$dsqrt)
    __aeabi_dsub                             0x0800dad9   Thumb Code     0  daddsub_clz.o(x$fpl$dsub)
    _dsub                                    0x0800dad9   Thumb Code   664  daddsub_clz.o(x$fpl$dsub)
    __dunder                                 0x0800dd75   Thumb Code   314  dunder_clz.o(x$fpl$dunder)
    __dunder_d                               0x0800deaf   Thumb Code    64  dunder_clz.o(x$fpl$dunder)
    __fpl_exception                          0x0800def1   Thumb Code   454  except.o(x$fpl$exception)
    __aeabi_f2d                              0x0800e0dd   Thumb Code     0  f2d.o(x$fpl$f2d)
    _f2d                                     0x0800e0dd   Thumb Code   122  f2d.o(x$fpl$f2d)
    __fpl_fnaninf                            0x0800e157   Thumb Code   242  fnaninf.o(x$fpl$fnaninf)
    _fp_init                                 0x0800e249   Thumb Code    10  fpinit.o(x$fpl$fpinit)
    __fplib_config_fpu_vfp                   0x0800e251   Thumb Code     0  fpinit.o(x$fpl$fpinit)
    __fplib_config_pureend_doubles           0x0800e251   Thumb Code     0  fpinit.o(x$fpl$fpinit)
    __fpl_fretinf                            0x0800e253   Thumb Code    10  fretinf.o(x$fpl$fretinf)
    __funder                                 0x0800e25d   Thumb Code   254  funder_clz.o(x$fpl$funder)
    __funder_d                               0x0800e35b   Thumb Code    62  funder_clz.o(x$fpl$funder)
    __fpl_return_NaN                         0x0800e399   Thumb Code   178  retnan.o(x$fpl$retnan)
    _fp_trapveneer                           0x0800e44b   Thumb Code    36  trapv.o(x$fpl$trapveneer)
    __fpl_cmpreturn                          0x0800e46f   Thumb Code    90  trapv.o(x$fpl$trapveneer)
    CRC8_table                               0x0800e4c8   Data         256  crc.o(.constdata)
    __I$use$fp                               0x0800e4c8   Number         0  usenofp.o(x$fpl$usenofp)
    wCRC_table                               0x0800e5c8   Data         512  crc.o(.constdata)
    AHBPrescTable                            0x0800e854   Data          16  system_stm32f4xx.o(.constdata)
    APBPrescTable                            0x0800e864   Data           8  system_stm32f4xx.o(.constdata)
    sinTable_f32                             0x0800e874   Data        2052  arm_common_tables.o(.constdata)
    __mathlib_zero                           0x0800f198   Data           8  qnan.o(.constdata)
    Region$$Table$$Base                      0x0800f2e0   Number         0  anon$$obj.o(Region$$Table)
    Region$$Table$$Limit                     0x0800f300   Number         0  anon$$obj.o(Region$$Table)
    Vision_Task_Cnt                          0x20000144   Data           4  vision_task.o(.data)
    SolveTrajectory                          0x20000148   Data          64  vision_task.o(.data)
    systick                                  0x20000190   Data           4  statetask.o(.data)
    Yaw_Angle_Err                            0x200001a4   Data           4  controltask.o(.data)
    Yaw_Targer_Angle_Err                     0x200001a8   Data           4  controltask.o(.data)
    pit_Targer_Angle_Err                     0x200001ac   Data           4  controltask.o(.data)
    Pit_Angle_Err                            0x200001b0   Data           4  controltask.o(.data)
    Send2chassis_Message                     0x200001b4   Data           8  controltask.o(.data)
    Chassis_Message                          0x200001bc   Data           8  controltask.o(.data)
    gimbal_Ctrl                              0x200001c4   Data          68  controltask.o(.data)
    Shoot_Ctrl                               0x20000208   Data          56  controltask.o(.data)
    f_gimbal_Pid_Para                        0x20000240   Data          96  controltask.o(.data)
    wheel_PID_Param                          0x200002a0   Data          24  controltask.o(.data)
    trigger_PID_Param                        0x200002b8   Data          48  controltask.o(.data)
    GimbalTxFrame                            0x200002e8   Data          36  bsp_can.o(.data)
    ShootTxFrame                             0x2000030c   Data          36  bsp_can.o(.data)
    Send2ChassisTxFrame                      0x20000330   Data          36  bsp_can.o(.data)
    SysTime                                  0x20000388   Data           8  bsp_dwt.o(.data)
    CYCCNT64                                 0x20000390   Data           8  bsp_dwt.o(.data)
    CRC16_INIT                               0x20000398   Data           2  crc.o(.data)
    MiniPC_ReceivePacket                     0x200003c8   Data          48  minipc.o(.data)
    MiniPC_SendPacket                        0x200003f8   Data          28  minipc.o(.data)
    Gimbal_Motor                             0x20000414   Data         120  motor.o(.data)
    StartINSTaskTASHandle                    0x20000490   Data           4  freertos.o(.data)
    StartVisionTaskHandle                    0x20000494   Data           4  freertos.o(.data)
    StartStateTaskHandle                     0x20000498   Data           4  freertos.o(.data)
    myControl_TaskHandle                     0x2000049c   Data           4  freertos.o(.data)
    myCANTx_TaskHandle                       0x200004a0   Data           4  freertos.o(.data)
    SystemCoreClock                          0x200004a8   Data           4  system_stm32f4xx.o(.data)
    pxCurrentTCB                             0x200004ac   Data           4  tasks.o(.data)
    uwTickFreq                               0x20000514   Data           1  stm32f4xx_hal.o(.data)
    uwTickPrio                               0x20000518   Data           4  stm32f4xx_hal.o(.data)
    uwTick                                   0x2000051c   Data           4  stm32f4xx_hal.o(.data)
    FS_Desc                                  0x20000520   Data          28  usbd_desc.o(.data)
    USBD_LangIDDesc                          0x2000053c   Data           4  usbd_desc.o(.data)
    USBD_FS_DeviceDesc                       0x20000540   Data          18  usbd_desc.o(.data)
    USBD_StringSerial                        0x20000554   Data          26  usbd_desc.o(.data)
    USBD_Interface_fops_FS                   0x20000570   Data          20  usbd_cdc_if.o(.data)
    USBD_CDC                                 0x200005dc   Data          56  usbd_cdc.o(.data)
    INS_Info                                 0x20000614   Data          72  ins_task.o(.bss)
    INS_AcceLPF2p                            0x2000065c   Data          96  ins_task.o(.bss)
    TempCtrl_PID                             0x200006bc   Data          80  ins_task.o(.bss)
    Quaternion_Info                          0x2000070c   Data         420  ins_task.o(.bss)
    Vision_Info                              0x200008b0   Data          12  vision_task.o(.bss)
    rc_s_flag                                0x200008bc   Data          16  statetask.o(.bss)
    Gimbal_PID                               0x200008cc   Data         320  controltask.o(.bss)
    ShootSpeed_PID                           0x20000a0c   Data         160  controltask.o(.bss)
    Trigger_PID                              0x20000aac   Data         160  controltask.o(.bss)
    hcanRxFrame                              0x20000b4c   Data          40  bsp_can.o(.bss)
    BMI088_Info                              0x20000b74   Data          60  bmi088.o(.bss)
    MiniPC_SendBuf                           0x20000bb0   Data          28  minipc.o(.bss)
    rc_ctrl                                  0x20000c1c   Data          24  remote_control.o(.bss)
    SBUS_rx_buf                              0x20000c34   Data          72  remote_control.o(.bss)
    hcan1                                    0x200010d0   Data          40  can.o(.bss)
    hcan2                                    0x200010f8   Data          40  can.o(.bss)
    hspi1                                    0x20001120   Data          88  spi.o(.bss)
    htim4                                    0x20001178   Data          72  tim.o(.bss)
    htim8                                    0x200011c0   Data          72  tim.o(.bss)
    htim10                                   0x20001208   Data          72  tim.o(.bss)
    huart3                                   0x20001250   Data          68  usart.o(.bss)
    hdma_usart3_rx                           0x20001294   Data          96  usart.o(.bss)
    htim2                                    0x200012f4   Data          72  stm32f4xx_hal_timebase_tim.o(.bss)
    hUsbDeviceFS                             0x2000742c   Data         732  usb_device.o(.bss)
    USBD_StrDesc                             0x20007708   Data         512  usbd_desc.o(.bss)
    UserRxBufferFS                           0x20007908   Data        2048  usbd_cdc_if.o(.bss)
    UserTxBufferFS                           0x20008108   Data        2048  usbd_cdc_if.o(.bss)
    hpcd_USB_OTG_FS                          0x20008b28   Data        1292  usbd_conf.o(.bss)
    __libspace_start                         0x20009034   Data          96  libspace.o(.bss)
    __temporary_stack_top$libspace           0x20009094   Data           0  libspace.o(.bss)



==============================================================================

Memory Map of the image

  Image Entry point : 0x08000189

  Load Region LR_IROM1 (Base: 0x08000000, Size: 0x0000f914, Max: 0x00100000, ABSOLUTE, COMPRESSED[0x0000f4e0])

    Execution Region ER_IROM1 (Exec base: 0x08000000, Load base: 0x08000000, Size: 0x0000f300, Max: 0x00100000, ABSOLUTE)

    Exec Addr    Load Addr    Size         Type   Attr      Idx    E Section Name        Object

    0x08000000   0x08000000   0x00000188   Data   RO         1901    RESET               startup_stm32f407xx.o
    0x08000188   0x08000188   0x00000008   Code   RO         8180  * !!!main             c_w.l(__main.o)
    0x08000190   0x08000190   0x00000034   Code   RO         8654    !!!scatter          c_w.l(__scatter.o)
    0x080001c4   0x080001c4   0x0000005a   Code   RO         8652    !!dczerorl2         c_w.l(__dczerorl2.o)
    0x0800021e   0x0800021e   0x00000002   PAD
    0x08000220   0x08000220   0x0000001c   Code   RO         8656    !!handler_zi        c_w.l(__scatter_zi.o)
    0x0800023c   0x0800023c   0x00000002   Code   RO         8589    .ARM.Collect$$libinit$$00000000  c_w.l(libinit.o)
    0x0800023e   0x0800023e   0x00000004   Code   RO         8354    .ARM.Collect$$libinit$$00000001  c_w.l(libinit2.o)
    0x08000242   0x08000242   0x00000000   Code   RO         8357    .ARM.Collect$$libinit$$00000004  c_w.l(libinit2.o)
    0x08000242   0x08000242   0x00000008   Code   RO         8358    .ARM.Collect$$libinit$$00000005  c_w.l(libinit2.o)
    0x0800024a   0x0800024a   0x00000000   Code   RO         8360    .ARM.Collect$$libinit$$0000000A  c_w.l(libinit2.o)
    0x0800024a   0x0800024a   0x00000000   Code   RO         8362    .ARM.Collect$$libinit$$0000000C  c_w.l(libinit2.o)
    0x0800024a   0x0800024a   0x00000000   Code   RO         8364    .ARM.Collect$$libinit$$0000000E  c_w.l(libinit2.o)
    0x0800024a   0x0800024a   0x00000000   Code   RO         8367    .ARM.Collect$$libinit$$00000011  c_w.l(libinit2.o)
    0x0800024a   0x0800024a   0x00000000   Code   RO         8369    .ARM.Collect$$libinit$$00000013  c_w.l(libinit2.o)
    0x0800024a   0x0800024a   0x00000000   Code   RO         8371    .ARM.Collect$$libinit$$00000015  c_w.l(libinit2.o)
    0x0800024a   0x0800024a   0x00000000   Code   RO         8373    .ARM.Collect$$libinit$$00000017  c_w.l(libinit2.o)
    0x0800024a   0x0800024a   0x00000000   Code   RO         8375    .ARM.Collect$$libinit$$00000019  c_w.l(libinit2.o)
    0x0800024a   0x0800024a   0x00000000   Code   RO         8377    .ARM.Collect$$libinit$$0000001B  c_w.l(libinit2.o)
    0x0800024a   0x0800024a   0x00000000   Code   RO         8379    .ARM.Collect$$libinit$$0000001D  c_w.l(libinit2.o)
    0x0800024a   0x0800024a   0x00000000   Code   RO         8381    .ARM.Collect$$libinit$$0000001F  c_w.l(libinit2.o)
    0x0800024a   0x0800024a   0x00000000   Code   RO         8383    .ARM.Collect$$libinit$$00000021  c_w.l(libinit2.o)
    0x0800024a   0x0800024a   0x00000000   Code   RO         8385    .ARM.Collect$$libinit$$00000023  c_w.l(libinit2.o)
    0x0800024a   0x0800024a   0x00000000   Code   RO         8387    .ARM.Collect$$libinit$$00000025  c_w.l(libinit2.o)
    0x0800024a   0x0800024a   0x00000000   Code   RO         8391    .ARM.Collect$$libinit$$0000002C  c_w.l(libinit2.o)
    0x0800024a   0x0800024a   0x00000000   Code   RO         8393    .ARM.Collect$$libinit$$0000002E  c_w.l(libinit2.o)
    0x0800024a   0x0800024a   0x00000000   Code   RO         8395    .ARM.Collect$$libinit$$00000030  c_w.l(libinit2.o)
    0x0800024a   0x0800024a   0x00000000   Code   RO         8397    .ARM.Collect$$libinit$$00000032  c_w.l(libinit2.o)
    0x0800024a   0x0800024a   0x00000002   Code   RO         8398    .ARM.Collect$$libinit$$00000033  c_w.l(libinit2.o)
    0x0800024c   0x0800024c   0x00000002   Code   RO         8649    .ARM.Collect$$libshutdown$$00000000  c_w.l(libshutdown.o)
    0x0800024e   0x0800024e   0x00000000   Code   RO         8605    .ARM.Collect$$libshutdown$$00000002  c_w.l(libshutdown2.o)
    0x0800024e   0x0800024e   0x00000000   Code   RO         8607    .ARM.Collect$$libshutdown$$00000004  c_w.l(libshutdown2.o)
    0x0800024e   0x0800024e   0x00000000   Code   RO         8609    .ARM.Collect$$libshutdown$$00000006  c_w.l(libshutdown2.o)
    0x0800024e   0x0800024e   0x00000000   Code   RO         8612    .ARM.Collect$$libshutdown$$00000009  c_w.l(libshutdown2.o)
    0x0800024e   0x0800024e   0x00000000   Code   RO         8615    .ARM.Collect$$libshutdown$$0000000C  c_w.l(libshutdown2.o)
    0x0800024e   0x0800024e   0x00000000   Code   RO         8617    .ARM.Collect$$libshutdown$$0000000E  c_w.l(libshutdown2.o)
    0x0800024e   0x0800024e   0x00000000   Code   RO         8620    .ARM.Collect$$libshutdown$$00000011  c_w.l(libshutdown2.o)
    0x0800024e   0x0800024e   0x00000002   Code   RO         8621    .ARM.Collect$$libshutdown$$00000012  c_w.l(libshutdown2.o)
    0x08000250   0x08000250   0x00000000   Code   RO         8314    .ARM.Collect$$rtentry$$00000000  c_w.l(__rtentry.o)
    0x08000250   0x08000250   0x00000000   Code   RO         8515    .ARM.Collect$$rtentry$$00000002  c_w.l(__rtentry2.o)
    0x08000250   0x08000250   0x00000006   Code   RO         8527    .ARM.Collect$$rtentry$$00000004  c_w.l(__rtentry4.o)
    0x08000256   0x08000256   0x00000000   Code   RO         8517    .ARM.Collect$$rtentry$$00000009  c_w.l(__rtentry2.o)
    0x08000256   0x08000256   0x00000004   Code   RO         8518    .ARM.Collect$$rtentry$$0000000A  c_w.l(__rtentry2.o)
    0x0800025a   0x0800025a   0x00000000   Code   RO         8520    .ARM.Collect$$rtentry$$0000000C  c_w.l(__rtentry2.o)
    0x0800025a   0x0800025a   0x00000008   Code   RO         8521    .ARM.Collect$$rtentry$$0000000D  c_w.l(__rtentry2.o)
    0x08000262   0x08000262   0x00000002   Code   RO         8592    .ARM.Collect$$rtexit$$00000000  c_w.l(rtexit.o)
    0x08000264   0x08000264   0x00000000   Code   RO         8625    .ARM.Collect$$rtexit$$00000002  c_w.l(rtexit2.o)
    0x08000264   0x08000264   0x00000004   Code   RO         8626    .ARM.Collect$$rtexit$$00000003  c_w.l(rtexit2.o)
    0x08000268   0x08000268   0x00000006   Code   RO         8627    .ARM.Collect$$rtexit$$00000004  c_w.l(rtexit2.o)
    0x0800026e   0x0800026e   0x00000002   PAD
    0x08000270   0x08000270   0x000000be   Code   RO         3243    .emb_text           port.o
    0x0800032e   0x0800032e   0x00000002   PAD
    0x08000330   0x08000330   0x00000000   Code   RO         8538    .emb_text           c_w.l(maybetermalloc1.o)
    0x08000330   0x08000330   0x00000040   Code   RO         1902    .text               startup_stm32f407xx.o
    0x08000370   0x08000370   0x00000078   Code   RO         7807    .text               arm_cortexM4lf_math.lib(arm_cos_f32.o)
    0x080003e8   0x080003e8   0x00000094   Code   RO         7857    .text               arm_cortexM4lf_math.lib(arm_sin_f32.o)
    0x0800047c   0x0800047c   0x00000108   Code   RO         7881    .text               arm_cortexM4lf_math.lib(arm_mat_add_f32.o)
    0x08000584   0x08000584   0x00000008   Code   RO         7905    .text               arm_cortexM4lf_math.lib(arm_mat_init_f32.o)
    0x0800058c   0x0800058c   0x00000530   Code   RO         7929    .text               arm_cortexM4lf_math.lib(arm_mat_inverse_f32.o)
    0x08000abc   0x08000abc   0x0000013c   Code   RO         7953    .text               arm_cortexM4lf_math.lib(arm_mat_mult_f32.o)
    0x08000bf8   0x08000bf8   0x00000108   Code   RO         7977    .text               arm_cortexM4lf_math.lib(arm_mat_sub_f32.o)
    0x08000d00   0x08000d00   0x00000114   Code   RO         8001    .text               arm_cortexM4lf_math.lib(arm_mat_trans_f32.o)
    0x08000e14   0x08000e14   0x0000005e   Code   RO         8108    .text               c_w.l(h1_alloc.o)
    0x08000e72   0x08000e72   0x000000ee   Code   RO         8162    .text               c_w.l(lludivv7m.o)
    0x08000f60   0x08000f60   0x0000008a   Code   RO         8166    .text               c_w.l(rt_memcpy_v6.o)
    0x08000fea   0x08000fea   0x00000064   Code   RO         8168    .text               c_w.l(rt_memcpy_w.o)
    0x0800104e   0x0800104e   0x00000010   Code   RO         8172    .text               c_w.l(aeabi_memset.o)
    0x0800105e   0x0800105e   0x00000044   Code   RO         8174    .text               c_w.l(rt_memclr.o)
    0x080010a2   0x080010a2   0x0000004e   Code   RO         8176    .text               c_w.l(rt_memclr_w.o)
    0x080010f0   0x080010f0   0x00000006   Code   RO         8178    .text               c_w.l(heapauxi.o)
    0x080010f6   0x080010f6   0x00000002   PAD
    0x080010f8   0x080010f8   0x00000008   Code   RO         8322    .text               c_w.l(rt_heap_descriptor_intlibspace.o)
    0x08001100   0x08001100   0x00000004   Code   RO         8324    .text               c_w.l(hguard.o)
    0x08001104   0x08001104   0x0000008a   Code   RO         8326    .text               c_w.l(init_alloc.o)
    0x0800118e   0x0800118e   0x0000000e   Code   RO         8332    .text               c_w.l(h1_init.o)
    0x0800119c   0x0800119c   0x0000004e   Code   RO         8334    .text               c_w.l(h1_free.o)
    0x080011ea   0x080011ea   0x00000016   Code   RO         8350    .text               c_w.l(_rserrno.o)
    0x08001200   0x08001200   0x00000008   Code   RO         8511    .text               c_w.l(libspace.o)
    0x08001208   0x08001208   0x00000008   Code   RO         8534    .text               c_w.l(rt_errno_addr_intlibspace.o)
    0x08001210   0x08001210   0x00000034   Code   RO         8540    .text               c_w.l(h1_extend.o)
    0x08001244   0x08001244   0x00000030   Code   RO         8544    .text               c_w.l(_fptrap.o)
    0x08001274   0x08001274   0x0000000e   Code   RO         8546    .text               c_w.l(defsig_rtmem_outer.o)
    0x08001282   0x08001282   0x00000002   Code   RO         8561    .text               c_w.l(use_no_semi.o)
    0x08001284   0x08001284   0x00000000   Code   RO         8563    .text               c_w.l(indicate_semi.o)
    0x08001284   0x08001284   0x0000004a   Code   RO         8564    .text               c_w.l(sys_stackheap_outer.o)
    0x080012ce   0x080012ce   0x00000012   Code   RO         8570    .text               c_w.l(exit.o)
    0x080012e0   0x080012e0   0x0000000a   Code   RO         8572    .text               c_w.l(defsig_exit.o)
    0x080012ea   0x080012ea   0x0000000e   Code   RO         8574    .text               c_w.l(defsig_fpe_outer.o)
    0x080012f8   0x080012f8   0x00000050   Code   RO         8578    .text               c_w.l(defsig_rtmem_inner.o)
    0x08001348   0x08001348   0x0000000c   Code   RO         8590    .text               c_w.l(sys_exit.o)
    0x08001354   0x08001354   0x00000032   Code   RO         8600    .text               c_w.l(defsig_general.o)
    0x08001386   0x08001386   0x00000002   PAD
    0x08001388   0x08001388   0x000000ac   Code   RO         8602    .text               c_w.l(defsig_fpe_inner.o)
    0x08001434   0x08001434   0x0000000e   Code   RO         8622    .text               c_w.l(sys_wrch.o)
    0x08001442   0x08001442   0x00000002   PAD
    0x08001444   0x08001444   0x00000010   Code   RO          708    i.BMI088_ACCEL_NS_H  bsp_gpio.o
    0x08001454   0x08001454   0x00000010   Code   RO          709    i.BMI088_ACCEL_NS_L  bsp_gpio.o
    0x08001464   0x08001464   0x0000010c   Code   RO         1156    i.BMI088_Accel_Init  bmi088.o
    0x08001570   0x08001570   0x00000010   Code   RO          710    i.BMI088_GYRO_NS_H  bsp_gpio.o
    0x08001580   0x08001580   0x00000010   Code   RO          711    i.BMI088_GYRO_NS_L  bsp_gpio.o
    0x08001590   0x08001590   0x000000dc   Code   RO         1157    i.BMI088_Gyro_Init  bmi088.o
    0x0800166c   0x0800166c   0x00000170   Code   RO         1158    i.BMI088_Info_Update  bmi088.o
    0x080017dc   0x080017dc   0x0000002c   Code   RO         1159    i.BMI088_Init       bmi088.o
    0x08001808   0x08001808   0x0000002c   Code   RO         1160    i.BMI088_Offset_Update  bmi088.o
    0x08001834   0x08001834   0x00000024   Code   RO         1161    i.BMI088_Read_Multi_Reg  bmi088.o
    0x08001858   0x08001858   0x00000016   Code   RO         1162    i.BMI088_Read_Single_Reg  bmi088.o
    0x0800186e   0x0800186e   0x00000002   PAD
    0x08001870   0x08001870   0x00000024   Code   RO          796    i.BMI088_Read_Write_Byte  bsp_spi.o
    0x08001894   0x08001894   0x00000068   Code   RO          158    i.BMI088_Temp_Control  ins_task.o
    0x080018fc   0x080018fc   0x00000012   Code   RO         1163    i.BMI088_Write_Single_Reg  bmi088.o
    0x0800190e   0x0800190e   0x00000002   PAD
    0x08001910   0x08001910   0x00000048   Code   RO          634    i.BSP_DWT_Init      bsp_dwt.o
    0x08001958   0x08001958   0x00000002   Code   RO         1739    i.BusFault_Handler  stm32f4xx_it.o
    0x0800195a   0x0800195a   0x00000002   PAD
    0x0800195c   0x0800195c   0x0000000c   Code   RO         1740    i.CAN1_RX0_IRQHandler  stm32f4xx_it.o
    0x08001968   0x08001968   0x00000080   Code   RO          570    i.CAN1_rxDataHandler  bsp_can.o
    0x080019e8   0x080019e8   0x0000000c   Code   RO         1741    i.CAN2_RX0_IRQHandler  stm32f4xx_it.o
    0x080019f4   0x080019f4   0x0000003c   Code   RO          571    i.CAN2_rxDataHandler  bsp_can.o
    0x08001a30   0x08001a30   0x000000b4   Code   RO          274    i.CANTx_Task        cantxtask.o
    0x08001ae4   0x08001ae4   0x00000060   Code   RO          572    i.CAN_Init          bsp_can.o
    0x08001b44   0x08001b44   0x00000008   Code   RO         7112    i.CDC_Control_FS    usbd_cdc_if.o
    0x08001b4c   0x08001b4c   0x00000004   Code   RO         7113    i.CDC_DeInit_FS     usbd_cdc_if.o
    0x08001b50   0x08001b50   0x00000024   Code   RO         7114    i.CDC_Init_FS       usbd_cdc_if.o
    0x08001b74   0x08001b74   0x00000020   Code   RO         7115    i.CDC_Receive_FS    usbd_cdc_if.o
    0x08001b94   0x08001b94   0x00000004   Code   RO         7116    i.CDC_TransmitCplt_FS  usbd_cdc_if.o
    0x08001b98   0x08001b98   0x0000002c   Code   RO         7117    i.CDC_Transmit_FS   usbd_cdc_if.o
    0x08001bc4   0x08001bc4   0x00000044   Code   RO          495    i.Control_Task      controltask.o
    0x08001c08   0x08001c08   0x000000e0   Code   RO         1282    i.DJI_MotorEncoder2Angle  motor.o
    0x08001ce8   0x08001ce8   0x0000000c   Code   RO         1742    i.DMA1_Stream1_IRQHandler  stm32f4xx_it.o
    0x08001cf4   0x08001cf4   0x0000002c   Code   RO         4423    i.DMA_CalcBaseAndBitshift  stm32f4xx_hal_dma.o
    0x08001d20   0x08001d20   0x00000078   Code   RO         4424    i.DMA_CheckFifoParam  stm32f4xx_hal_dma.o
    0x08001d98   0x08001d98   0x00000028   Code   RO          635    i.DWT_CNT_Update    bsp_dwt.o
    0x08001dc0   0x08001dc0   0x00000044   Code   RO          640    i.DWT_GetTimeline_s  bsp_dwt.o
    0x08001e04   0x08001e04   0x00000090   Code   RO          642    i.DWT_SysTimeUpdate  bsp_dwt.o
    0x08001e94   0x08001e94   0x00000002   Code   RO         1743    i.DebugMon_Handler  stm32f4xx_it.o
    0x08001e96   0x08001e96   0x00000016   Code   RO          827    i.Delay_ms          bsp_tick.o
    0x08001eac   0x08001eac   0x00000016   Code   RO          828    i.Delay_us          bsp_tick.o
    0x08001ec2   0x08001ec2   0x00000006   Code   RO         1744    i.EXTI9_5_IRQHandler  stm32f4xx_it.o
    0x08001ec8   0x08001ec8   0x00000004   Code   RO         1381    i.Error_Handler     main.o
    0x08001ecc   0x08001ecc   0x0000002c   Code   RO            4    i.Fast_InverseSqrt  api_quaternion.o
    0x08001ef8   0x08001ef8   0x00000038   Code   RO         7034    i.Get_SerialNum     usbd_desc.o
    0x08001f30   0x08001f30   0x000002ec   Code   RO          496    i.Gimbal_Control    controltask.o
    0x0800221c   0x0800221c   0x00000024   Code   RO         5097    i.HAL_CAN_ActivateNotification  stm32f4xx_hal_can.o
    0x08002240   0x08002240   0x000000f2   Code   RO         5098    i.HAL_CAN_AddTxMessage  stm32f4xx_hal_can.o
    0x08002332   0x08002332   0x00000002   PAD
    0x08002334   0x08002334   0x00000110   Code   RO         5099    i.HAL_CAN_ConfigFilter  stm32f4xx_hal_can.o
    0x08002444   0x08002444   0x00000002   Code   RO         5102    i.HAL_CAN_ErrorCallback  stm32f4xx_hal_can.o
    0x08002446   0x08002446   0x00000106   Code   RO         5105    i.HAL_CAN_GetRxMessage  stm32f4xx_hal_can.o
    0x0800254c   0x0800254c   0x000001fc   Code   RO         5109    i.HAL_CAN_IRQHandler  stm32f4xx_hal_can.o
    0x08002748   0x08002748   0x00000152   Code   RO         5110    i.HAL_CAN_Init      stm32f4xx_hal_can.o
    0x0800289a   0x0800289a   0x00000002   PAD
    0x0800289c   0x0800289c   0x00000100   Code   RO         1523    i.HAL_CAN_MspInit   can.o
    0x0800299c   0x0800299c   0x00000002   Code   RO         5117    i.HAL_CAN_RxFifo0FullCallback  stm32f4xx_hal_can.o
    0x0800299e   0x0800299e   0x00000002   PAD
    0x080029a0   0x080029a0   0x00000050   Code   RO          573    i.HAL_CAN_RxFifo0MsgPendingCallback  bsp_can.o
    0x080029f0   0x080029f0   0x00000002   Code   RO         5119    i.HAL_CAN_RxFifo1FullCallback  stm32f4xx_hal_can.o
    0x080029f2   0x080029f2   0x00000002   Code   RO         5120    i.HAL_CAN_RxFifo1MsgPendingCallback  stm32f4xx_hal_can.o
    0x080029f4   0x080029f4   0x00000002   Code   RO         5121    i.HAL_CAN_SleepCallback  stm32f4xx_hal_can.o
    0x080029f6   0x080029f6   0x00000058   Code   RO         5122    i.HAL_CAN_Start     stm32f4xx_hal_can.o
    0x08002a4e   0x08002a4e   0x00000002   Code   RO         5124    i.HAL_CAN_TxMailbox0AbortCallback  stm32f4xx_hal_can.o
    0x08002a50   0x08002a50   0x00000002   Code   RO         5125    i.HAL_CAN_TxMailbox0CompleteCallback  stm32f4xx_hal_can.o
    0x08002a52   0x08002a52   0x00000002   Code   RO         5126    i.HAL_CAN_TxMailbox1AbortCallback  stm32f4xx_hal_can.o
    0x08002a54   0x08002a54   0x00000002   Code   RO         5127    i.HAL_CAN_TxMailbox1CompleteCallback  stm32f4xx_hal_can.o
    0x08002a56   0x08002a56   0x00000002   Code   RO         5128    i.HAL_CAN_TxMailbox2AbortCallback  stm32f4xx_hal_can.o
    0x08002a58   0x08002a58   0x00000002   Code   RO         5129    i.HAL_CAN_TxMailbox2CompleteCallback  stm32f4xx_hal_can.o
    0x08002a5a   0x08002a5a   0x00000002   Code   RO         5131    i.HAL_CAN_WakeUpFromRxMsgCallback  stm32f4xx_hal_can.o
    0x08002a5c   0x08002a5c   0x0000008e   Code   RO         4426    i.HAL_DMA_Abort     stm32f4xx_hal_dma.o
    0x08002aea   0x08002aea   0x00000024   Code   RO         4427    i.HAL_DMA_Abort_IT  stm32f4xx_hal_dma.o
    0x08002b0e   0x08002b0e   0x00000002   PAD
    0x08002b10   0x08002b10   0x000001d0   Code   RO         4431    i.HAL_DMA_IRQHandler  stm32f4xx_hal_dma.o
    0x08002ce0   0x08002ce0   0x000000d4   Code   RO         4432    i.HAL_DMA_Init      stm32f4xx_hal_dma.o
    0x08002db4   0x08002db4   0x00000024   Code   RO         4845    i.HAL_Delay         stm32f4xx_hal.o
    0x08002dd8   0x08002dd8   0x00000002   Code   RO         4317    i.HAL_GPIO_EXTI_Callback  stm32f4xx_hal_gpio.o
    0x08002dda   0x08002dda   0x00000002   PAD
    0x08002ddc   0x08002ddc   0x00000018   Code   RO         4318    i.HAL_GPIO_EXTI_IRQHandler  stm32f4xx_hal_gpio.o
    0x08002df4   0x08002df4   0x000001d0   Code   RO         4319    i.HAL_GPIO_Init     stm32f4xx_hal_gpio.o
    0x08002fc4   0x08002fc4   0x0000000e   Code   RO         4323    i.HAL_GPIO_WritePin  stm32f4xx_hal_gpio.o
    0x08002fd2   0x08002fd2   0x00000002   PAD
    0x08002fd4   0x08002fd4   0x0000000c   Code   RO         4851    i.HAL_GetTick       stm32f4xx_hal.o
    0x08002fe0   0x08002fe0   0x00000010   Code   RO         4857    i.HAL_IncTick       stm32f4xx_hal.o
    0x08002ff0   0x08002ff0   0x00000034   Code   RO         4858    i.HAL_Init          stm32f4xx_hal.o
    0x08003024   0x08003024   0x00000098   Code   RO         1863    i.HAL_InitTick      stm32f4xx_hal_timebase_tim.o
    0x080030bc   0x080030bc   0x00000038   Code   RO         1839    i.HAL_MspInit       stm32f4xx_hal_msp.o
    0x080030f4   0x080030f4   0x0000001a   Code   RO         4708    i.HAL_NVIC_EnableIRQ  stm32f4xx_hal_cortex.o
    0x0800310e   0x0800310e   0x00000002   PAD
    0x08003110   0x08003110   0x00000040   Code   RO         4714    i.HAL_NVIC_SetPriority  stm32f4xx_hal_cortex.o
    0x08003150   0x08003150   0x00000024   Code   RO         4715    i.HAL_NVIC_SetPriorityGrouping  stm32f4xx_hal_cortex.o
    0x08003174   0x08003174   0x00000002   Code   RO         3567    i.HAL_PCDEx_LPM_Callback  stm32f4xx_hal_pcd_ex.o
    0x08003176   0x08003176   0x00000008   Code   RO         3568    i.HAL_PCDEx_SetRxFiFo  stm32f4xx_hal_pcd_ex.o
    0x0800317e   0x0800317e   0x00000042   Code   RO         3569    i.HAL_PCDEx_SetTxFiFo  stm32f4xx_hal_pcd_ex.o
    0x080031c0   0x080031c0   0x00000008   Code   RO         7169    i.HAL_PCD_ConnectCallback  usbd_conf.o
    0x080031c8   0x080031c8   0x00000012   Code   RO         7170    i.HAL_PCD_DataInStageCallback  usbd_conf.o
    0x080031da   0x080031da   0x00000014   Code   RO         7171    i.HAL_PCD_DataOutStageCallback  usbd_conf.o
    0x080031ee   0x080031ee   0x00000008   Code   RO         7172    i.HAL_PCD_DisconnectCallback  usbd_conf.o
    0x080031f6   0x080031f6   0x0000001e   Code   RO         3332    i.HAL_PCD_EP_Abort  stm32f4xx_hal_pcd.o
    0x08003214   0x08003214   0x00000048   Code   RO         3333    i.HAL_PCD_EP_Close  stm32f4xx_hal_pcd.o
    0x0800325c   0x0800325c   0x00000058   Code   RO         3334    i.HAL_PCD_EP_ClrStall  stm32f4xx_hal_pcd.o
    0x080032b4   0x080032b4   0x00000012   Code   RO         3336    i.HAL_PCD_EP_GetRxCount  stm32f4xx_hal_pcd.o
    0x080032c6   0x080032c6   0x0000005c   Code   RO         3337    i.HAL_PCD_EP_Open   stm32f4xx_hal_pcd.o
    0x08003322   0x08003322   0x00000042   Code   RO         3338    i.HAL_PCD_EP_Receive  stm32f4xx_hal_pcd.o
    0x08003364   0x08003364   0x00000070   Code   RO         3339    i.HAL_PCD_EP_SetStall  stm32f4xx_hal_pcd.o
    0x080033d4   0x080033d4   0x00000042   Code   RO         3340    i.HAL_PCD_EP_Transmit  stm32f4xx_hal_pcd.o
    0x08003416   0x08003416   0x0000050a   Code   RO         3342    i.HAL_PCD_IRQHandler  stm32f4xx_hal_pcd.o
    0x08003920   0x08003920   0x00000008   Code   RO         7173    i.HAL_PCD_ISOINIncompleteCallback  usbd_conf.o
    0x08003928   0x08003928   0x00000008   Code   RO         7174    i.HAL_PCD_ISOOUTIncompleteCallback  usbd_conf.o
    0x08003930   0x08003930   0x000000e4   Code   RO         3345    i.HAL_PCD_Init      stm32f4xx_hal_pcd.o
    0x08003a14   0x08003a14   0x00000084   Code   RO         7176    i.HAL_PCD_MspInit   usbd_conf.o
    0x08003a98   0x08003a98   0x0000002e   Code   RO         7177    i.HAL_PCD_ResetCallback  usbd_conf.o
    0x08003ac6   0x08003ac6   0x00000008   Code   RO         7178    i.HAL_PCD_ResumeCallback  usbd_conf.o
    0x08003ace   0x08003ace   0x00000008   Code   RO         7179    i.HAL_PCD_SOFCallback  usbd_conf.o
    0x08003ad6   0x08003ad6   0x00000028   Code   RO         3351    i.HAL_PCD_SetAddress  stm32f4xx_hal_pcd.o
    0x08003afe   0x08003afe   0x0000000e   Code   RO         7180    i.HAL_PCD_SetupStageCallback  usbd_conf.o
    0x08003b0c   0x08003b0c   0x00000042   Code   RO         3354    i.HAL_PCD_Start     stm32f4xx_hal_pcd.o
    0x08003b4e   0x08003b4e   0x00000002   PAD
    0x08003b50   0x08003b50   0x00000030   Code   RO         7181    i.HAL_PCD_SuspendCallback  usbd_conf.o
    0x08003b80   0x08003b80   0x00000002   Code   RO         3919    i.HAL_RCC_CSSCallback  stm32f4xx_hal_rcc.o
    0x08003b82   0x08003b82   0x00000002   PAD
    0x08003b84   0x08003b84   0x0000014c   Code   RO         3920    i.HAL_RCC_ClockConfig  stm32f4xx_hal_rcc.o
    0x08003cd0   0x08003cd0   0x0000000c   Code   RO         3923    i.HAL_RCC_EnableCSS  stm32f4xx_hal_rcc.o
    0x08003cdc   0x08003cdc   0x0000003c   Code   RO         3924    i.HAL_RCC_GetClockConfig  stm32f4xx_hal_rcc.o
    0x08003d18   0x08003d18   0x0000000c   Code   RO         3925    i.HAL_RCC_GetHCLKFreq  stm32f4xx_hal_rcc.o
    0x08003d24   0x08003d24   0x00000020   Code   RO         3927    i.HAL_RCC_GetPCLK1Freq  stm32f4xx_hal_rcc.o
    0x08003d44   0x08003d44   0x00000020   Code   RO         3928    i.HAL_RCC_GetPCLK2Freq  stm32f4xx_hal_rcc.o
    0x08003d64   0x08003d64   0x0000006c   Code   RO         3929    i.HAL_RCC_GetSysClockFreq  stm32f4xx_hal_rcc.o
    0x08003dd0   0x08003dd0   0x0000001c   Code   RO         3931    i.HAL_RCC_NMI_IRQHandler  stm32f4xx_hal_rcc.o
    0x08003dec   0x08003dec   0x000003c0   Code   RO         3932    i.HAL_RCC_OscConfig  stm32f4xx_hal_rcc.o
    0x080041ac   0x080041ac   0x000000be   Code   RO         5341    i.HAL_SPI_Init      stm32f4xx_hal_spi.o
    0x0800426a   0x0800426a   0x00000002   PAD
    0x0800426c   0x0800426c   0x00000090   Code   RO         1596    i.HAL_SPI_MspInit   spi.o
    0x080042fc   0x080042fc   0x000001e4   Code   RO         5350    i.HAL_SPI_TransmitReceive  stm32f4xx_hal_spi.o
    0x080044e0   0x080044e0   0x00000002   Code   RO         6369    i.HAL_TIMEx_BreakCallback  stm32f4xx_hal_tim_ex.o
    0x080044e2   0x080044e2   0x00000002   Code   RO         6370    i.HAL_TIMEx_CommutCallback  stm32f4xx_hal_tim_ex.o
    0x080044e4   0x080044e4   0x00000054   Code   RO         6372    i.HAL_TIMEx_ConfigBreakDeadTime  stm32f4xx_hal_tim_ex.o
    0x08004538   0x08004538   0x00000090   Code   RO         6388    i.HAL_TIMEx_MasterConfigSynchronization  stm32f4xx_hal_tim_ex.o
    0x080045c8   0x080045c8   0x0000004a   Code   RO         5654    i.HAL_TIM_Base_Init  stm32f4xx_hal_tim.o
    0x08004612   0x08004612   0x00000002   PAD
    0x08004614   0x08004614   0x00000064   Code   RO         1638    i.HAL_TIM_Base_MspInit  tim.o
    0x08004678   0x08004678   0x00000080   Code   RO         5657    i.HAL_TIM_Base_Start  stm32f4xx_hal_tim.o
    0x080046f8   0x080046f8   0x0000008c   Code   RO         5659    i.HAL_TIM_Base_Start_IT  stm32f4xx_hal_tim.o
    0x08004784   0x08004784   0x000000e8   Code   RO         5663    i.HAL_TIM_ConfigClockSource  stm32f4xx_hal_tim.o
    0x0800486c   0x0800486c   0x00000002   Code   RO         5688    i.HAL_TIM_IC_CaptureCallback  stm32f4xx_hal_tim.o
    0x0800486e   0x0800486e   0x0000016e   Code   RO         5702    i.HAL_TIM_IRQHandler  stm32f4xx_hal_tim.o
    0x080049dc   0x080049dc   0x000000bc   Code   RO         1639    i.HAL_TIM_MspPostInit  tim.o
    0x08004a98   0x08004a98   0x00000002   Code   RO         5705    i.HAL_TIM_OC_DelayElapsedCallback  stm32f4xx_hal_tim.o
    0x08004a9a   0x08004a9a   0x000000d8   Code   RO         5726    i.HAL_TIM_PWM_ConfigChannel  stm32f4xx_hal_tim.o
    0x08004b72   0x08004b72   0x0000004a   Code   RO         5729    i.HAL_TIM_PWM_Init  stm32f4xx_hal_tim.o
    0x08004bbc   0x08004bbc   0x00000002   Code   RO         5731    i.HAL_TIM_PWM_MspInit  stm32f4xx_hal_tim.o
    0x08004bbe   0x08004bbe   0x00000002   Code   RO         5732    i.HAL_TIM_PWM_PulseFinishedCallback  stm32f4xx_hal_tim.o
    0x08004bc0   0x08004bc0   0x000000dc   Code   RO         5734    i.HAL_TIM_PWM_Start  stm32f4xx_hal_tim.o
    0x08004c9c   0x08004c9c   0x0000000e   Code   RO         1382    i.HAL_TIM_PeriodElapsedCallback  main.o
    0x08004caa   0x08004caa   0x00000002   Code   RO         5745    i.HAL_TIM_TriggerCallback  stm32f4xx_hal_tim.o
    0x08004cac   0x08004cac   0x00000002   Code   RO         6647    i.HAL_UARTEx_RxEventCallback  stm32f4xx_hal_uart.o
    0x08004cae   0x08004cae   0x00000002   Code   RO         6661    i.HAL_UART_ErrorCallback  stm32f4xx_hal_uart.o
    0x08004cb0   0x08004cb0   0x00000228   Code   RO         6664    i.HAL_UART_IRQHandler  stm32f4xx_hal_uart.o
    0x08004ed8   0x08004ed8   0x00000064   Code   RO         6665    i.HAL_UART_Init     stm32f4xx_hal_uart.o
    0x08004f3c   0x08004f3c   0x000000b4   Code   RO         1698    i.HAL_UART_MspInit  usart.o
    0x08004ff0   0x08004ff0   0x00000002   Code   RO         6671    i.HAL_UART_RxCpltCallback  stm32f4xx_hal_uart.o
    0x08004ff2   0x08004ff2   0x00000002   Code   RO         6676    i.HAL_UART_TxCpltCallback  stm32f4xx_hal_uart.o
    0x08004ff4   0x08004ff4   0x0000001a   Code   RO          829    i.Haltick           bsp_tick.o
    0x0800500e   0x0800500e   0x00000002   Code   RO         1745    i.HardFault_Handler  stm32f4xx_it.o
    0x08005010   0x08005010   0x00000010   Code   RO          866    i.Heat_Power_Control  bsp_tim.o
    0x08005020   0x08005020   0x00000060   Code   RO          159    i.INSTask_Init      ins_task.o
    0x08005080   0x08005080   0x0000016c   Code   RO          160    i.INS_Task          ins_task.o
    0x080051ec   0x080051ec   0x0000003a   Code   RO         7035    i.IntToUnicode      usbd_desc.o
    0x08005226   0x08005226   0x0000036a   Code   RO          974    i.Kalman_Filter_Init  kalman.o
    0x08005590   0x08005590   0x000000c0   Code   RO          975    i.Kalman_Filter_K_Update  kalman.o
    0x08005650   0x08005650   0x0000003a   Code   RO          976    i.Kalman_Filter_Measurement_Update  kalman.o
    0x0800568a   0x0800568a   0x00000068   Code   RO          977    i.Kalman_Filter_P_Update  kalman.o
    0x080056f2   0x080056f2   0x0000006a   Code   RO          978    i.Kalman_Filter_Pminus_Update  kalman.o
    0x0800575c   0x0800575c   0x00000086   Code   RO          979    i.Kalman_Filter_Update  kalman.o
    0x080057e2   0x080057e2   0x00000080   Code   RO          980    i.Kalman_Filter_xhat_Update  kalman.o
    0x08005862   0x08005862   0x00000074   Code   RO          981    i.Kalman_Filter_xhatminus_Update  kalman.o
    0x080058d6   0x080058d6   0x00000002   PAD
    0x080058d8   0x080058d8   0x00000164   Code   RO          443    i.KeyBoard_Control  statetask.o
    0x08005a3c   0x08005a3c   0x00000034   Code   RO         1055    i.LowPassFilter2p_Init  lpf.o
    0x08005a70   0x08005a70   0x0000004c   Code   RO         1056    i.LowPassFilter2p_Update  lpf.o
    0x08005abc   0x08005abc   0x00000048   Code   RO         1524    i.MX_CAN1_Init      can.o
    0x08005b04   0x08005b04   0x00000048   Code   RO         1525    i.MX_CAN2_Init      can.o
    0x08005b4c   0x08005b4c   0x0000002c   Code   RO         1571    i.MX_DMA_Init       dma.o
    0x08005b78   0x08005b78   0x00000080   Code   RO         1459    i.MX_FREERTOS_Init  freertos.o
    0x08005bf8   0x08005bf8   0x0000011c   Code   RO         1432    i.MX_GPIO_Init      gpio.o
    0x08005d14   0x08005d14   0x00000048   Code   RO         1597    i.MX_SPI1_Init      spi.o
    0x08005d5c   0x08005d5c   0x00000068   Code   RO         1640    i.MX_TIM10_Init     tim.o
    0x08005dc4   0x08005dc4   0x00000098   Code   RO         1641    i.MX_TIM4_Init      tim.o
    0x08005e5c   0x08005e5c   0x000000cc   Code   RO         1642    i.MX_TIM8_Init      tim.o
    0x08005f28   0x08005f28   0x0000003c   Code   RO         1699    i.MX_USART3_UART_Init  usart.o
    0x08005f64   0x08005f64   0x00000080   Code   RO         7003    i.MX_USB_DEVICE_Init  usb_device.o
    0x08005fe4   0x08005fe4   0x00000002   Code   RO         1746    i.MemManage_Handler  stm32f4xx_it.o
    0x08005fe6   0x08005fe6   0x00000002   PAD
    0x08005fe8   0x08005fe8   0x00000030   Code   RO         1214    i.MiniPC_RecvFrameInfo  minipc.o
    0x08006018   0x08006018   0x0000002c   Code   RO         1215    i.MiniPC_SendFrameInfo  minipc.o
    0x08006044   0x08006044   0x00000006   Code   RO         1747    i.NMI_Handler       stm32f4xx_it.o
    0x0800604a   0x0800604a   0x00000002   PAD
    0x0800604c   0x0800604c   0x0000000c   Code   RO         1748    i.OTG_FS_IRQHandler  stm32f4xx_it.o
    0x08006058   0x08006058   0x00000048   Code   RO         3358    i.PCD_EP_OutSetupPacket_int  stm32f4xx_hal_pcd.o
    0x080060a0   0x080060a0   0x000000e4   Code   RO         3359    i.PCD_EP_OutXfrComplete_int  stm32f4xx_hal_pcd.o
    0x08006184   0x08006184   0x0000009c   Code   RO         3360    i.PCD_WriteEmptyTxFifo  stm32f4xx_hal_pcd.o
    0x08006220   0x08006220   0x00000028   Code   RO         1119    i.PID_Calc_Clear    pid.o
    0x08006248   0x08006248   0x0000002c   Code   RO         1120    i.PID_ErrorHandle   pid.o
    0x08006274   0x08006274   0x0000002c   Code   RO         1121    i.PID_Init          pid.o
    0x080062a0   0x080062a0   0x00000046   Code   RO         1122    i.PID_Param_Init    pid.o
    0x080062e6   0x080062e6   0x00000002   PAD
    0x080062e8   0x080062e8   0x000001a4   Code   RO            5    i.QuaternionEKF_A_Update  api_quaternion.o
    0x0800648c   0x0800648c   0x00000138   Code   RO            6    i.QuaternionEKF_ChiSqrtTest  api_quaternion.o
    0x080065c4   0x080065c4   0x000000e6   Code   RO            7    i.QuaternionEKF_H_Update  api_quaternion.o
    0x080066aa   0x080066aa   0x00000002   PAD
    0x080066ac   0x080066ac   0x000000bc   Code   RO            8    i.QuaternionEKF_Init  api_quaternion.o
    0x08006768   0x08006768   0x00000340   Code   RO            9    i.QuaternionEKF_Update  api_quaternion.o
    0x08006aa8   0x08006aa8   0x000002bc   Code   RO           10    i.QuaternionEKF_xhat_Update  api_quaternion.o
    0x08006d64   0x08006d64   0x00000108   Code   RO          444    i.RC_Control        statetask.o
    0x08006e6c   0x08006e6c   0x000000c4   Code   RO         1326    i.SBUS_TO_RC        remote_control.o
    0x08006f30   0x08006f30   0x0000005c   Code   RO         5379    i.SPI_EndRxTxTransaction  stm32f4xx_hal_spi.o
    0x08006f8c   0x08006f8c   0x000000bc   Code   RO         5384    i.SPI_WaitFlagStateUntilTimeout  stm32f4xx_hal_spi.o
    0x08007048   0x08007048   0x0000000a   Code   RO         7538    i.SWAPBYTE          usbd_ctlreq.o
    0x08007052   0x08007052   0x00000002   PAD
    0x08007054   0x08007054   0x000000d8   Code   RO          497    i.Shoot_Control     controltask.o
    0x0800712c   0x0800712c   0x000003c0   Code   RO          108    i.SolveTrajectory_Transform  api_trajectory.o
    0x080074ec   0x080074ec   0x0000000e   Code   RO          109    i.SolveTrajectory_Update  api_trajectory.o
    0x080074fa   0x080074fa   0x00000002   PAD
    0x080074fc   0x080074fc   0x0000009c   Code   RO          445    i.State_Task        statetask.o
    0x08007598   0x08007598   0x0000002c   Code   RO         3244    i.SysTick_Handler   port.o
    0x080075c4   0x080075c4   0x00000098   Code   RO         1383    i.SystemClock_Config  main.o
    0x0800765c   0x0800765c   0x00000010   Code   RO         1910    i.SystemInit        system_stm32f4xx.o
    0x0800766c   0x0800766c   0x0000000c   Code   RO         1749    i.TIM2_IRQHandler   stm32f4xx_it.o
    0x08007678   0x08007678   0x000000cc   Code   RO         5747    i.TIM_Base_SetConfig  stm32f4xx_hal_tim.o
    0x08007744   0x08007744   0x0000001a   Code   RO         5748    i.TIM_CCxChannelCmd  stm32f4xx_hal_tim.o
    0x0800775e   0x0800775e   0x00000014   Code   RO         5758    i.TIM_ETR_SetConfig  stm32f4xx_hal_tim.o
    0x08007772   0x08007772   0x00000010   Code   RO         5759    i.TIM_ITRx_SetConfig  stm32f4xx_hal_tim.o
    0x08007782   0x08007782   0x00000002   PAD
    0x08007784   0x08007784   0x00000068   Code   RO         5760    i.TIM_OC1_SetConfig  stm32f4xx_hal_tim.o
    0x080077ec   0x080077ec   0x00000074   Code   RO         5761    i.TIM_OC2_SetConfig  stm32f4xx_hal_tim.o
    0x08007860   0x08007860   0x00000070   Code   RO         5762    i.TIM_OC3_SetConfig  stm32f4xx_hal_tim.o
    0x080078d0   0x080078d0   0x00000054   Code   RO         5763    i.TIM_OC4_SetConfig  stm32f4xx_hal_tim.o
    0x08007924   0x08007924   0x00000022   Code   RO         5765    i.TIM_TI1_ConfigInputStage  stm32f4xx_hal_tim.o
    0x08007946   0x08007946   0x00000024   Code   RO         5767    i.TIM_TI2_ConfigInputStage  stm32f4xx_hal_tim.o
    0x0800796a   0x0800796a   0x00000002   PAD
    0x0800796c   0x0800796c   0x000000b4   Code   RO          110    i.Trajectory_BulletModel  api_trajectory.o
    0x08007a20   0x08007a20   0x000000b8   Code   RO          111    i.Trajectory_Picth_Update  api_trajectory.o
    0x08007ad8   0x08007ad8   0x00000010   Code   RO         6678    i.UART_DMAAbortOnError  stm32f4xx_hal_uart.o
    0x08007ae8   0x08007ae8   0x0000004e   Code   RO         6688    i.UART_EndRxTransfer  stm32f4xx_hal_uart.o
    0x08007b36   0x08007b36   0x0000001a   Code   RO         6689    i.UART_EndTransmit_IT  stm32f4xx_hal_uart.o
    0x08007b50   0x08007b50   0x000000c6   Code   RO         6691    i.UART_Receive_IT   stm32f4xx_hal_uart.o
    0x08007c16   0x08007c16   0x00000002   PAD
    0x08007c18   0x08007c18   0x00000114   Code   RO         6692    i.UART_SetConfig    stm32f4xx_hal_uart.o
    0x08007d2c   0x08007d2c   0x0000005e   Code   RO         6695    i.UART_Transmit_IT  stm32f4xx_hal_uart.o
    0x08007d8a   0x08007d8a   0x00000002   PAD
    0x08007d8c   0x08007d8c   0x00000018   Code   RO         1750    i.USART3_IRQHandler  stm32f4xx_it.o
    0x08007da4   0x08007da4   0x000000a0   Code   RO         1327    i.USAR_UART3_IDLECallback  remote_control.o
    0x08007e44   0x08007e44   0x00000078   Code   RO         7701    i.USBD_CDC_DataIn   usbd_cdc.o
    0x08007ebc   0x08007ebc   0x0000003e   Code   RO         7702    i.USBD_CDC_DataOut  usbd_cdc.o
    0x08007efa   0x08007efa   0x00000002   PAD
    0x08007efc   0x08007efc   0x00000094   Code   RO         7703    i.USBD_CDC_DeInit   usbd_cdc.o
    0x08007f90   0x08007f90   0x00000038   Code   RO         7704    i.USBD_CDC_EP0_RxReady  usbd_cdc.o
    0x08007fc8   0x08007fc8   0x0000000c   Code   RO         7705    i.USBD_CDC_GetDeviceQualifierDescriptor  usbd_cdc.o
    0x08007fd4   0x08007fd4   0x0000003c   Code   RO         7706    i.USBD_CDC_GetFSCfgDesc  usbd_cdc.o
    0x08008010   0x08008010   0x00000040   Code   RO         7707    i.USBD_CDC_GetHSCfgDesc  usbd_cdc.o
    0x08008050   0x08008050   0x0000003c   Code   RO         7708    i.USBD_CDC_GetOtherSpeedCfgDesc  usbd_cdc.o
    0x0800808c   0x0800808c   0x0000015c   Code   RO         7709    i.USBD_CDC_Init     usbd_cdc.o
    0x080081e8   0x080081e8   0x00000040   Code   RO         7710    i.USBD_CDC_ReceivePacket  usbd_cdc.o
    0x08008228   0x08008228   0x00000018   Code   RO         7711    i.USBD_CDC_RegisterInterface  usbd_cdc.o
    0x08008240   0x08008240   0x0000001c   Code   RO         7712    i.USBD_CDC_SetRxBuffer  usbd_cdc.o
    0x0800825c   0x0800825c   0x00000020   Code   RO         7713    i.USBD_CDC_SetTxBuffer  usbd_cdc.o
    0x0800827c   0x0800827c   0x0000010a   Code   RO         7714    i.USBD_CDC_Setup    usbd_cdc.o
    0x08008386   0x08008386   0x00000002   PAD
    0x08008388   0x08008388   0x00000050   Code   RO         7715    i.USBD_CDC_TransmitPacket  usbd_cdc.o
    0x080083d8   0x080083d8   0x00000014   Code   RO         7376    i.USBD_ClrClassConfig  usbd_core.o
    0x080083ec   0x080083ec   0x00000026   Code   RO         7539    i.USBD_ClrFeature   usbd_ctlreq.o
    0x08008412   0x08008412   0x00000004   Code   RO         7377    i.USBD_CoreFindEP   usbd_core.o
    0x08008416   0x08008416   0x00000004   Code   RO         7378    i.USBD_CoreFindIF   usbd_core.o
    0x0800841a   0x0800841a   0x00000010   Code   RO         7641    i.USBD_CtlContinueRx  usbd_ioreq.o
    0x0800842a   0x0800842a   0x00000010   Code   RO         7642    i.USBD_CtlContinueSendData  usbd_ioreq.o
    0x0800843a   0x0800843a   0x00000018   Code   RO         7540    i.USBD_CtlError     usbd_ctlreq.o
    0x08008452   0x08008452   0x0000001e   Code   RO         7643    i.USBD_CtlPrepareRx  usbd_ioreq.o
    0x08008470   0x08008470   0x00000016   Code   RO         7644    i.USBD_CtlReceiveStatus  usbd_ioreq.o
    0x08008486   0x08008486   0x0000001a   Code   RO         7645    i.USBD_CtlSendData  usbd_ioreq.o
    0x080084a0   0x080084a0   0x00000016   Code   RO         7646    i.USBD_CtlSendStatus  usbd_ioreq.o
    0x080084b6   0x080084b6   0x00000002   PAD
    0x080084b8   0x080084b8   0x00000030   Code   RO         7036    i.USBD_FS_ConfigStrDescriptor  usbd_desc.o
    0x080084e8   0x080084e8   0x0000000c   Code   RO         7037    i.USBD_FS_DeviceDescriptor  usbd_desc.o
    0x080084f4   0x080084f4   0x00000034   Code   RO         7038    i.USBD_FS_InterfaceStrDescriptor  usbd_desc.o
    0x08008528   0x08008528   0x0000000c   Code   RO         7039    i.USBD_FS_LangIDStrDescriptor  usbd_desc.o
    0x08008534   0x08008534   0x00000028   Code   RO         7040    i.USBD_FS_ManufacturerStrDescriptor  usbd_desc.o
    0x0800855c   0x0800855c   0x0000003c   Code   RO         7041    i.USBD_FS_ProductStrDescriptor  usbd_desc.o
    0x08008598   0x08008598   0x00000014   Code   RO         7042    i.USBD_FS_SerialStrDescriptor  usbd_desc.o
    0x080085ac   0x080085ac   0x0000003a   Code   RO         7541    i.USBD_GetConfig    usbd_ctlreq.o
    0x080085e6   0x080085e6   0x000001b0   Code   RO         7542    i.USBD_GetDescriptor  usbd_ctlreq.o
    0x08008796   0x08008796   0x0000003a   Code   RO         7380    i.USBD_GetEpDesc    usbd_core.o
    0x080087d0   0x080087d0   0x00000014   Code   RO         7543    i.USBD_GetLen       usbd_ctlreq.o
    0x080087e4   0x080087e4   0x0000000e   Code   RO         7381    i.USBD_GetNextDesc  usbd_core.o
    0x080087f2   0x080087f2   0x0000003c   Code   RO         7544    i.USBD_GetStatus    usbd_ctlreq.o
    0x0800882e   0x0800882e   0x0000003e   Code   RO         7545    i.USBD_GetString    usbd_ctlreq.o
    0x0800886c   0x0800886c   0x00000024   Code   RO         7182    i.USBD_Get_USB_Status  usbd_conf.o
    0x08008890   0x08008890   0x00000028   Code   RO         7382    i.USBD_Init         usbd_core.o
    0x080088b8   0x080088b8   0x00000012   Code   RO         7183    i.USBD_LL_ClearStallEP  usbd_conf.o
    0x080088ca   0x080088ca   0x00000012   Code   RO         7184    i.USBD_LL_CloseEP   usbd_conf.o
    0x080088dc   0x080088dc   0x000000dc   Code   RO         7383    i.USBD_LL_DataInStage  usbd_core.o
    0x080089b8   0x080089b8   0x000000ca   Code   RO         7384    i.USBD_LL_DataOutStage  usbd_core.o
    0x08008a82   0x08008a82   0x00000004   Code   RO         7385    i.USBD_LL_DevConnected  usbd_core.o
    0x08008a86   0x08008a86   0x00000020   Code   RO         7386    i.USBD_LL_DevDisconnected  usbd_core.o
    0x08008aa6   0x08008aa6   0x00000008   Code   RO         7188    i.USBD_LL_GetRxDataSize  usbd_conf.o
    0x08008aae   0x08008aae   0x00000002   PAD
    0x08008ab0   0x08008ab0   0x00000060   Code   RO         7189    i.USBD_LL_Init      usbd_conf.o
    0x08008b10   0x08008b10   0x00000020   Code   RO         7190    i.USBD_LL_IsStallEP  usbd_conf.o
    0x08008b30   0x08008b30   0x0000002a   Code   RO         7387    i.USBD_LL_IsoINIncomplete  usbd_core.o
    0x08008b5a   0x08008b5a   0x0000002a   Code   RO         7388    i.USBD_LL_IsoOUTIncomplete  usbd_core.o
    0x08008b84   0x08008b84   0x00000018   Code   RO         7191    i.USBD_LL_OpenEP    usbd_conf.o
    0x08008b9c   0x08008b9c   0x00000012   Code   RO         7192    i.USBD_LL_PrepareReceive  usbd_conf.o
    0x08008bae   0x08008bae   0x00000060   Code   RO         7389    i.USBD_LL_Reset     usbd_core.o
    0x08008c0e   0x08008c0e   0x00000014   Code   RO         7390    i.USBD_LL_Resume    usbd_core.o
    0x08008c22   0x08008c22   0x0000001a   Code   RO         7391    i.USBD_LL_SOF       usbd_core.o
    0x08008c3c   0x08008c3c   0x00000006   Code   RO         7392    i.USBD_LL_SetSpeed  usbd_core.o
    0x08008c42   0x08008c42   0x00000012   Code   RO         7193    i.USBD_LL_SetUSBAddress  usbd_conf.o
    0x08008c54   0x08008c54   0x00000060   Code   RO         7393    i.USBD_LL_SetupStage  usbd_core.o
    0x08008cb4   0x08008cb4   0x00000012   Code   RO         7194    i.USBD_LL_StallEP   usbd_conf.o
    0x08008cc6   0x08008cc6   0x00000012   Code   RO         7195    i.USBD_LL_Start     usbd_conf.o
    0x08008cd8   0x08008cd8   0x00000010   Code   RO         7394    i.USBD_LL_Suspend   usbd_core.o
    0x08008ce8   0x08008ce8   0x00000012   Code   RO         7197    i.USBD_LL_Transmit  usbd_conf.o
    0x08008cfa   0x08008cfa   0x00000032   Code   RO         7546    i.USBD_ParseSetupRequest  usbd_ctlreq.o
    0x08008d2c   0x08008d2c   0x0000003a   Code   RO         7395    i.USBD_RegisterClass  usbd_core.o
    0x08008d66   0x08008d66   0x00000004   Code   RO         7396    i.USBD_RunTestMode  usbd_core.o
    0x08008d6a   0x08008d6a   0x00000058   Code   RO         7547    i.USBD_SetAddress   usbd_ctlreq.o
    0x08008dc2   0x08008dc2   0x00000014   Code   RO         7397    i.USBD_SetClassConfig  usbd_core.o
    0x08008dd6   0x08008dd6   0x00000002   PAD
    0x08008dd8   0x08008dd8   0x000000dc   Code   RO         7548    i.USBD_SetConfig    usbd_ctlreq.o
    0x08008eb4   0x08008eb4   0x00000024   Code   RO         7549    i.USBD_SetFeature   usbd_ctlreq.o
    0x08008ed8   0x08008ed8   0x00000004   Code   RO         7398    i.USBD_Start        usbd_core.o
    0x08008edc   0x08008edc   0x00000076   Code   RO         7550    i.USBD_StdDevReq    usbd_ctlreq.o
    0x08008f52   0x08008f52   0x00000220   Code   RO         7551    i.USBD_StdEPReq     usbd_ctlreq.o
    0x08009172   0x08009172   0x0000008e   Code   RO         7552    i.USBD_StdItfReq    usbd_ctlreq.o
    0x08009200   0x08009200   0x00000002   Code   RO         7198    i.USBD_static_free  usbd_conf.o
    0x08009202   0x08009202   0x00000002   PAD
    0x08009204   0x08009204   0x00000008   Code   RO         7199    i.USBD_static_malloc  usbd_conf.o
    0x0800920c   0x0800920c   0x00000084   Code   RO         3609    i.USB_ActivateEndpoint  stm32f4xx_ll_usb.o
    0x08009290   0x08009290   0x0000001c   Code   RO         3611    i.USB_ActivateSetup  stm32f4xx_ll_usb.o
    0x080092ac   0x080092ac   0x00000080   Code   RO         3613    i.USB_CoreInit      stm32f4xx_ll_usb.o
    0x0800932c   0x0800932c   0x00000048   Code   RO         3614    i.USB_CoreReset     stm32f4xx_ll_usb.o
    0x08009374   0x08009374   0x000000c8   Code   RO         3617    i.USB_DeactivateEndpoint  stm32f4xx_ll_usb.o
    0x0800943c   0x0800943c   0x0000001c   Code   RO         3618    i.USB_DevConnect    stm32f4xx_ll_usb.o
    0x08009458   0x08009458   0x0000001c   Code   RO         3619    i.USB_DevDisconnect  stm32f4xx_ll_usb.o
    0x08009474   0x08009474   0x00000170   Code   RO         3620    i.USB_DevInit       stm32f4xx_ll_usb.o
    0x080095e4   0x080095e4   0x0000000c   Code   RO         3621    i.USB_DisableGlobalInt  stm32f4xx_ll_usb.o
    0x080095f0   0x080095f0   0x00000118   Code   RO         3624    i.USB_EP0StartXfer  stm32f4xx_ll_usb.o
    0x08009708   0x08009708   0x00000054   Code   RO         3625    i.USB_EP0_OutStart  stm32f4xx_ll_usb.o
    0x0800975c   0x0800975c   0x00000058   Code   RO         3626    i.USB_EPClearStall  stm32f4xx_ll_usb.o
    0x080097b4   0x080097b4   0x00000058   Code   RO         3627    i.USB_EPSetStall    stm32f4xx_ll_usb.o
    0x0800980c   0x0800980c   0x000001f8   Code   RO         3628    i.USB_EPStartXfer   stm32f4xx_ll_usb.o
    0x08009a04   0x08009a04   0x000000a4   Code   RO         3629    i.USB_EPStopXfer    stm32f4xx_ll_usb.o
    0x08009aa8   0x08009aa8   0x0000000c   Code   RO         3630    i.USB_EnableGlobalInt  stm32f4xx_ll_usb.o
    0x08009ab4   0x08009ab4   0x00000044   Code   RO         3631    i.USB_FlushRxFifo   stm32f4xx_ll_usb.o
    0x08009af8   0x08009af8   0x00000048   Code   RO         3632    i.USB_FlushTxFifo   stm32f4xx_ll_usb.o
    0x08009b40   0x08009b40   0x00000020   Code   RO         3634    i.USB_GetDevSpeed   stm32f4xx_ll_usb.o
    0x08009b60   0x08009b60   0x00000008   Code   RO         3636    i.USB_GetMode       stm32f4xx_ll_usb.o
    0x08009b68   0x08009b68   0x0000000e   Code   RO         3643    i.USB_ReadDevAllInEpInterrupt  stm32f4xx_ll_usb.o
    0x08009b76   0x08009b76   0x0000000e   Code   RO         3644    i.USB_ReadDevAllOutEpInterrupt  stm32f4xx_ll_usb.o
    0x08009b84   0x08009b84   0x00000024   Code   RO         3645    i.USB_ReadDevInEPInterrupt  stm32f4xx_ll_usb.o
    0x08009ba8   0x08009ba8   0x00000010   Code   RO         3646    i.USB_ReadDevOutEPInterrupt  stm32f4xx_ll_usb.o
    0x08009bb8   0x08009bb8   0x00000008   Code   RO         3647    i.USB_ReadInterrupts  stm32f4xx_ll_usb.o
    0x08009bc0   0x08009bc0   0x0000003e   Code   RO         3648    i.USB_ReadPacket    stm32f4xx_ll_usb.o
    0x08009bfe   0x08009bfe   0x00000060   Code   RO         3650    i.USB_SetCurrentMode  stm32f4xx_ll_usb.o
    0x08009c5e   0x08009c5e   0x0000001e   Code   RO         3651    i.USB_SetDevAddress  stm32f4xx_ll_usb.o
    0x08009c7c   0x08009c7c   0x0000000e   Code   RO         3652    i.USB_SetDevSpeed   stm32f4xx_ll_usb.o
    0x08009c8a   0x08009c8a   0x00000002   PAD
    0x08009c8c   0x08009c8c   0x000000f4   Code   RO         3653    i.USB_SetTurnaroundTime  stm32f4xx_ll_usb.o
    0x08009d80   0x08009d80   0x00000028   Code   RO         3656    i.USB_WritePacket   stm32f4xx_ll_usb.o
    0x08009da8   0x08009da8   0x00000022   Code   RO          574    i.USER_CAN_TxMessage  bsp_can.o
    0x08009dca   0x08009dca   0x00000002   PAD
    0x08009dcc   0x08009dcc   0x00000044   Code   RO         1328    i.USER_UART_IRQHandler  remote_control.o
    0x08009e10   0x08009e10   0x00000002   Code   RO         1751    i.UsageFault_Handler  stm32f4xx_it.o
    0x08009e12   0x08009e12   0x00000028   Code   RO          867    i.User_Tim_SetCompare  bsp_tim.o
    0x08009e3a   0x08009e3a   0x00000002   PAD
    0x08009e3c   0x08009e3c   0x000000d0   Code   RO          421    i.Vision_Task       vision_task.o
    0x08009f0c   0x08009f0c   0x00000030   Code   RO         8465    i.__ARM_fpclassify  m_wm.l(fpclassify.o)
    0x08009f3c   0x08009f3c   0x00000026   Code   RO         8467    i.__ARM_fpclassifyf  m_wm.l(fpclassifyf.o)
    0x08009f62   0x08009f62   0x00000020   Code   RO         4721    i.__NVIC_SetPriority  stm32f4xx_hal_cortex.o
    0x08009f82   0x08009f82   0x00000002   PAD
    0x08009f84   0x08009f84   0x00000118   Code   RO         8206    i.__hardfp_acosf    m_wm.l(acosf.o)
    0x0800a09c   0x0800a09c   0x0000012c   Code   RO         8218    i.__hardfp_asinf    m_wm.l(asinf.o)
    0x0800a1c8   0x0800a1c8   0x000002d8   Code   RO         8434    i.__hardfp_atan     m_wm.l(atan.o)
    0x0800a4a0   0x0800a4a0   0x00000200   Code   RO         8230    i.__hardfp_atan2    m_wm.l(atan2.o)
    0x0800a6a0   0x0800a6a0   0x000002ac   Code   RO         8242    i.__hardfp_atan2f   m_wm.l(atan2f.o)
    0x0800a94c   0x0800a94c   0x00000004   PAD
    0x0800a950   0x0800a950   0x000000c8   Code   RO         8254    i.__hardfp_cos      m_wm.l(cos.o)
    0x0800aa18   0x0800aa18   0x00000358   Code   RO         8266    i.__hardfp_exp      m_wm.l(exp.o)
    0x0800ad70   0x0800ad70   0x00000014   Code   RO         8280    i.__hardfp_fabs     m_wm.l(fabs.o)
    0x0800ad84   0x0800ad84   0x0000007a   Code   RO         8300    i.__hardfp_sqrt     m_wm.l(sqrt_full.o)
    0x0800adfe   0x0800adfe   0x00000002   PAD
    0x0800ae00   0x0800ae00   0x00000438   Code   RO         8486    i.__ieee754_rem_pio2  m_wm.l(rred.o)
    0x0800b238   0x0800b238   0x00000170   Code   RO         8448    i.__kernel_cos      m_wm.l(cos_i.o)
    0x0800b3a8   0x0800b3a8   0x000000f8   Code   RO         8483    i.__kernel_poly     m_wm.l(poly.o)
    0x0800b4a0   0x0800b4a0   0x00000130   Code   RO         8491    i.__kernel_sin      m_wm.l(sin_i.o)
    0x0800b5d0   0x0800b5d0   0x00000014   Code   RO         8452    i.__mathlib_dbl_infnan  m_wm.l(dunder.o)
    0x0800b5e4   0x0800b5e4   0x00000014   Code   RO         8453    i.__mathlib_dbl_infnan2  m_wm.l(dunder.o)
    0x0800b5f8   0x0800b5f8   0x00000020   Code   RO         8454    i.__mathlib_dbl_invalid  m_wm.l(dunder.o)
    0x0800b618   0x0800b618   0x00000020   Code   RO         8455    i.__mathlib_dbl_overflow  m_wm.l(dunder.o)
    0x0800b638   0x0800b638   0x00000020   Code   RO         8457    i.__mathlib_dbl_underflow  m_wm.l(dunder.o)
    0x0800b658   0x0800b658   0x00000006   Code   RO         8470    i.__mathlib_flt_infnan  m_wm.l(funder.o)
    0x0800b65e   0x0800b65e   0x00000006   Code   RO         8471    i.__mathlib_flt_infnan2  m_wm.l(funder.o)
    0x0800b664   0x0800b664   0x00000010   Code   RO         8472    i.__mathlib_flt_invalid  m_wm.l(funder.o)
    0x0800b674   0x0800b674   0x00000010   Code   RO         8475    i.__mathlib_flt_underflow  m_wm.l(funder.o)
    0x0800b684   0x0800b684   0x00000010   Code   RO         8436    i.atan              m_wm.l(atan.o)
    0x0800b694   0x0800b694   0x000000a4   Code   RO         1283    i.encoder2Angle     motor.o
    0x0800b738   0x0800b738   0x0000018c   Code   RO         1123    i.f_PID_Calculate   pid.o
    0x0800b8c4   0x0800b8c4   0x00000018   Code   RO         8282    i.fabs              m_wm.l(fabs.o)
    0x0800b8dc   0x0800b8dc   0x000001c0   Code   RO          498    i.fire_ctrl         controltask.o
    0x0800ba9c   0x0800ba9c   0x00000030   Code   RO          921    i.get_CRC16_check_sum  crc.o
    0x0800bacc   0x0800bacc   0x00000094   Code   RO         1284    i.get_Motor_Data    motor.o
    0x0800bb60   0x0800bb60   0x0000007c   Code   RO          499    i.gimbal_init       controltask.o
    0x0800bbdc   0x0800bbdc   0x00000010   Code   RO         2795    i.inHandlerMode     cmsis_os.o
    0x0800bbec   0x0800bbec   0x0000006c   Code   RO         1384    i.main              main.o
    0x0800bc58   0x0800bc58   0x0000000c   Code   RO         2797    i.makeFreeRtosPriority  cmsis_os.o
    0x0800bc64   0x0800bc64   0x00000010   Code   RO         2799    i.osDelay           cmsis_os.o
    0x0800bc74   0x0800bc74   0x00000010   Code   RO         2800    i.osDelayUntil      cmsis_os.o
    0x0800bc84   0x0800bc84   0x0000000a   Code   RO         2802    i.osKernelStart     cmsis_os.o
    0x0800bc8e   0x0800bc8e   0x00000018   Code   RO         2803    i.osKernelSysTick   cmsis_os.o
    0x0800bca6   0x0800bca6   0x00000058   Code   RO         2836    i.osThreadCreate    cmsis_os.o
    0x0800bcfe   0x0800bcfe   0x00000002   PAD
    0x0800bd00   0x0800bd00   0x00000078   Code   RO         2423    i.prvAddCurrentTaskToDelayedList  tasks.o
    0x0800bd78   0x0800bd78   0x00000088   Code   RO         2424    i.prvAddNewTaskToReadyList  tasks.o
    0x0800be00   0x0800be00   0x0000003c   Code   RO         2425    i.prvCheckTasksWaitingTermination  tasks.o
    0x0800be3c   0x0800be3c   0x00000040   Code   RO         2426    i.prvDeleteTCB      tasks.o
    0x0800be7c   0x0800be7c   0x0000004c   Code   RO         3176    i.prvHeapInit       heap_4.o
    0x0800bec8   0x0800bec8   0x00000028   Code   RO         2427    i.prvIdleTask       tasks.o
    0x0800bef0   0x0800bef0   0x000000ac   Code   RO         2428    i.prvInitialiseNewTask  tasks.o
    0x0800bf9c   0x0800bf9c   0x00000058   Code   RO         2429    i.prvInitialiseTaskLists  tasks.o
    0x0800bff4   0x0800bff4   0x00000054   Code   RO         3177    i.prvInsertBlockIntoFreeList  heap_4.o
    0x0800c048   0x0800c048   0x00000024   Code   RO         2430    i.prvResetNextTaskUnblockTime  tasks.o
    0x0800c06c   0x0800c06c   0x0000002c   Code   RO         3245    i.prvTaskExitError  port.o
    0x0800c098   0x0800c098   0x000000dc   Code   RO         3178    i.pvPortMalloc      heap_4.o
    0x0800c174   0x0800c174   0x00000024   Code   RO         3246    i.pxPortInitialiseStack  port.o
    0x0800c198   0x0800c198   0x0000002a   Code   RO          446    i.rc_ctrl_monitor   statetask.o
    0x0800c1c2   0x0800c1c2   0x0000000c   Code   RO          447    i.rc_ctrl_protect   statetask.o
    0x0800c1ce   0x0800c1ce   0x00000002   PAD
    0x0800c1d0   0x0800c1d0   0x0000006c   Code   RO         1329    i.rc_init           remote_control.o
    0x0800c23c   0x0800c23c   0x00000010   Code   RO         1330    i.remote_control_init  remote_control.o
    0x0800c24c   0x0800c24c   0x0000003e   Code   RO         8499    i.sqrtf             m_wm.l(sqrtf_full.o)
    0x0800c28a   0x0800c28a   0x00000026   Code   RO         2042    i.uxListRemove      list.o
    0x0800c2b0   0x0800c2b0   0x00000018   Code   RO         1462    i.vApplicationGetIdleTaskMemory  freertos.o
    0x0800c2c8   0x0800c2c8   0x00000016   Code   RO         2043    i.vListInitialise   list.o
    0x0800c2de   0x0800c2de   0x00000006   Code   RO         2044    i.vListInitialiseItem  list.o
    0x0800c2e4   0x0800c2e4   0x00000030   Code   RO         2045    i.vListInsert       list.o
    0x0800c314   0x0800c314   0x00000018   Code   RO         2046    i.vListInsertEnd    list.o
    0x0800c32c   0x0800c32c   0x00000040   Code   RO         3248    i.vPortEnterCritical  port.o
    0x0800c36c   0x0800c36c   0x0000002c   Code   RO         3249    i.vPortExitCritical  port.o
    0x0800c398   0x0800c398   0x00000064   Code   RO         3179    i.vPortFree         heap_4.o
    0x0800c3fc   0x0800c3fc   0x00000024   Code   RO         3250    i.vPortSetupTimerInterrupt  port.o
    0x0800c420   0x0800c420   0x00000054   Code   RO         3251    i.vPortValidateInterruptPriority  port.o
    0x0800c474   0x0800c474   0x00000050   Code   RO         2443    i.vTaskDelay        tasks.o
    0x0800c4c4   0x0800c4c4   0x00000098   Code   RO         2444    i.vTaskDelayUntil   tasks.o
    0x0800c55c   0x0800c55c   0x00000088   Code   RO         2457    i.vTaskStartScheduler  tasks.o
    0x0800c5e4   0x0800c5e4   0x00000010   Code   RO         2459    i.vTaskSuspendAll   tasks.o
    0x0800c5f4   0x0800c5f4   0x00000060   Code   RO         2460    i.vTaskSwitchContext  tasks.o
    0x0800c654   0x0800c654   0x00000040   Code   RO          923    i.verify_CRC16_check_sum  crc.o
    0x0800c694   0x0800c694   0x000000f4   Code   RO         3252    i.xPortStartScheduler  port.o
    0x0800c788   0x0800c788   0x00000064   Code   RO         2464    i.xTaskCreate       tasks.o
    0x0800c7ec   0x0800c7ec   0x0000005c   Code   RO         2465    i.xTaskCreateStatic  tasks.o
    0x0800c848   0x0800c848   0x0000000c   Code   RO         2471    i.xTaskGetTickCount  tasks.o
    0x0800c854   0x0800c854   0x00000010   Code   RO         2472    i.xTaskGetTickCountFromISR  tasks.o
    0x0800c864   0x0800c864   0x000000d0   Code   RO         2473    i.xTaskIncrementTick  tasks.o
    0x0800c934   0x0800c934   0x000000cc   Code   RO         2479    i.xTaskResumeAll    tasks.o
    0x0800ca00   0x0800ca00   0x00000018   Code   RO         8399    x$fpl$basic         g_wm.l(basic.o)
    0x0800ca18   0x0800ca18   0x000002c4   Code   RO         8182    x$fpl$d2f           g_wm.l(d2f_clz.o)
    0x0800ccdc   0x0800ccdc   0x0000024c   Code   RO         8184    x$fpl$dadd          g_wm.l(daddsub_clz.o)
    0x0800cf28   0x0800cf28   0x00000018   Code   RO         8401    x$fpl$dcmpinf       g_wm.l(dcmpi.o)
    0x0800cf40   0x0800cf40   0x0000037c   Code   RO         8191    x$fpl$ddiv          g_wm.l(ddiv_clz.o)
    0x0800d2bc   0x0800d2bc   0x00000074   Code   RO         8403    x$fpl$deqf          g_wm.l(deqf.o)
    0x0800d330   0x0800d330   0x000000c8   Code   RO         8405    x$fpl$dfix          g_wm.l(dfix.o)
    0x0800d3f8   0x0800d3f8   0x0000002e   Code   RO         8195    x$fpl$dflt          g_wm.l(dflt_clz.o)
    0x0800d426   0x0800d426   0x0000001a   Code   RO         8196    x$fpl$dfltn         g_wm.l(dflt_clz.o)
    0x0800d440   0x0800d440   0x00000026   Code   RO         8194    x$fpl$dfltu         g_wm.l(dflt_clz.o)
    0x0800d466   0x0800d466   0x00000002   PAD
    0x0800d468   0x0800d468   0x00000078   Code   RO         8200    x$fpl$dleqf         g_wm.l(dleqf.o)
    0x0800d4e0   0x0800d4e0   0x000001c0   Code   RO         8202    x$fpl$dmul          g_wm.l(dmul_clz.o)
    0x0800d6a0   0x0800d6a0   0x00000102   Code   RO         8409    x$fpl$dnaninf       g_wm.l(dnaninf.o)
    0x0800d7a2   0x0800d7a2   0x00000070   Code   RO         8411    x$fpl$drenorm       g_wm.l(drenorm_clz.o)
    0x0800d812   0x0800d812   0x0000000c   Code   RO         8413    x$fpl$dretinf       g_wm.l(dretinf.o)
    0x0800d81e   0x0800d81e   0x00000062   Code   RO         8415    x$fpl$drleqf        g_wm.l(drleqf.o)
    0x0800d880   0x0800d880   0x00000050   Code   RO         8185    x$fpl$drsb          g_wm.l(daddsub_clz.o)
    0x0800d8d0   0x0800d8d0   0x00000208   Code   RO         8417    x$fpl$dsqrt         g_wm.l(dsqrt_umaalclz.o)
    0x0800dad8   0x0800dad8   0x0000029c   Code   RO         8186    x$fpl$dsub          g_wm.l(daddsub_clz.o)
    0x0800dd74   0x0800dd74   0x0000017a   Code   RO         8419    x$fpl$dunder        g_wm.l(dunder_clz.o)
    0x0800deee   0x0800deee   0x00000002   PAD
    0x0800def0   0x0800def0   0x000001ec   Code   RO         8421    x$fpl$exception     g_wm.l(except.o)
    0x0800e0dc   0x0800e0dc   0x0000007a   Code   RO         8204    x$fpl$f2d           g_wm.l(f2d.o)
    0x0800e156   0x0800e156   0x000000f2   Code   RO         8423    x$fpl$fnaninf       g_wm.l(fnaninf.o)
    0x0800e248   0x0800e248   0x0000000a   Code   RO         8557    x$fpl$fpinit        g_wm.l(fpinit.o)
    0x0800e252   0x0800e252   0x0000000a   Code   RO         8425    x$fpl$fretinf       g_wm.l(fretinf.o)
    0x0800e25c   0x0800e25c   0x0000013c   Code   RO         8427    x$fpl$funder        g_wm.l(funder_clz.o)
    0x0800e398   0x0800e398   0x000000b2   Code   RO         8559    x$fpl$retnan        g_wm.l(retnan.o)
    0x0800e44a   0x0800e44a   0x0000007e   Code   RO         8431    x$fpl$trapveneer    g_wm.l(trapv.o)
    0x0800e4c8   0x0800e4c8   0x00000000   Code   RO         8433    x$fpl$usenofp       g_wm.l(usenofp.o)
    0x0800e4c8   0x0800e4c8   0x00000300   Data   RO          926    .constdata          crc.o
    0x0800e7c8   0x0800e7c8   0x0000008c   Data   RO         1464    .constdata          freertos.o
    0x0800e854   0x0800e854   0x00000010   Data   RO         1911    .constdata          system_stm32f4xx.o
    0x0800e864   0x0800e864   0x00000008   Data   RO         1912    .constdata          system_stm32f4xx.o
    0x0800e86c   0x0800e86c   0x00000008   Data   RO         4438    .constdata          stm32f4xx_hal_dma.o
    0x0800e874   0x0800e874   0x00000804   Data   RO         8081    .constdata          arm_cortexM4lf_math.lib(arm_common_tables.o)
    0x0800f078   0x0800f078   0x00000058   Data   RO         8269    .constdata          m_wm.l(exp.o)
    0x0800f0d0   0x0800f0d0   0x00000098   Data   RO         8437    .constdata          m_wm.l(atan.o)
    0x0800f168   0x0800f168   0x00000030   Data   RO         8449    .constdata          m_wm.l(cos_i.o)
    0x0800f198   0x0800f198   0x00000008   Data   RO         8485    .constdata          m_wm.l(qnan.o)
    0x0800f1a0   0x0800f1a0   0x000000c8   Data   RO         8488    .constdata          m_wm.l(rred.o)
    0x0800f268   0x0800f268   0x00000028   Data   RO         8492    .constdata          m_wm.l(sin_i.o)
    0x0800f290   0x0800f290   0x00000050   Data   RO         1465    .conststring        freertos.o
    0x0800f2e0   0x0800f2e0   0x00000020   Data   RO         8650    Region$$Table       anon$$obj.o


    Execution Region RW_IRAM1 (Exec base: 0x20000000, Load base: 0x0800f300, Size: 0x0000d098, Max: 0x0001c000, ABSOLUTE, COMPRESSED[0x000001e0])

    Exec Addr    Load Addr    Size         Type   Attr      Idx    E Section Name        Object

    0x20000000   COMPRESSED   0x00000144   Data   RW          162    .data               ins_task.o
    0x20000144   COMPRESSED   0x00000044   Data   RW          423    .data               vision_task.o
    0x20000188   COMPRESSED   0x00000014   Data   RW          449    .data               statetask.o
    0x2000019c   COMPRESSED   0x0000014c   Data   RW          505    .data               controltask.o
    0x200002e8   COMPRESSED   0x00000024   Data   RW          577    .data               bsp_can.o
    0x2000030c   COMPRESSED   0x00000024   Data   RW          578    .data               bsp_can.o
    0x20000330   COMPRESSED   0x00000024   Data   RW          579    .data               bsp_can.o
    0x20000354   COMPRESSED   0x00000004   PAD
    0x20000358   COMPRESSED   0x00000040   Data   RW          643    .data               bsp_dwt.o
    0x20000398   COMPRESSED   0x00000002   Data   RW          927    .data               crc.o
    0x2000039a   COMPRESSED   0x00000002   PAD
    0x2000039c   COMPRESSED   0x0000002c   Data   RW         1165    .data               bmi088.o
    0x200003c8   COMPRESSED   0x00000030   Data   RW         1217    .data               minipc.o
    0x200003f8   COMPRESSED   0x0000001c   Data   RW         1218    .data               minipc.o
    0x20000414   COMPRESSED   0x00000078   Data   RW         1286    .data               motor.o
    0x2000048c   COMPRESSED   0x00000002   Data   RW         1335    .data               remote_control.o
    0x2000048e   COMPRESSED   0x00000002   PAD
    0x20000490   COMPRESSED   0x00000014   Data   RW         1466    .data               freertos.o
    0x200004a4   COMPRESSED   0x00000004   Data   RW         1527    .data               can.o
    0x200004a8   COMPRESSED   0x00000004   Data   RW         1913    .data               system_stm32f4xx.o
    0x200004ac   COMPRESSED   0x0000003c   Data   RW         2482    .data               tasks.o
    0x200004e8   COMPRESSED   0x00000020   Data   RW         3185    .data               heap_4.o
    0x20000508   COMPRESSED   0x0000000c   Data   RW         3253    .data               port.o
    0x20000514   COMPRESSED   0x0000000c   Data   RW         4865    .data               stm32f4xx_hal.o
    0x20000520   COMPRESSED   0x0000001c   Data   RW         7044    .data               usbd_desc.o
    0x2000053c   COMPRESSED   0x00000032   Data   RW         7045    .data               usbd_desc.o
    0x2000056e   COMPRESSED   0x00000002   PAD
    0x20000570   COMPRESSED   0x00000014   Data   RW         7119    .data               usbd_cdc_if.o
    0x20000584   COMPRESSED   0x00000001   Data   RW         7553    .data               usbd_ctlreq.o
    0x20000585   COMPRESSED   0x00000003   PAD
    0x20000588   COMPRESSED   0x00000053   Data   RW         7716    .data               usbd_cdc.o
    0x200005db   COMPRESSED   0x00000001   PAD
    0x200005dc   COMPRESSED   0x00000038   Data   RW         7717    .data               usbd_cdc.o
    0x20000614        -       0x0000029c   Zero   RW          161    .bss                ins_task.o
    0x200008b0        -       0x0000000c   Zero   RW          422    .bss                vision_task.o
    0x200008bc        -       0x00000010   Zero   RW          448    .bss                statetask.o
    0x200008cc        -       0x00000280   Zero   RW          502    .bss                controltask.o
    0x20000b4c        -       0x00000028   Zero   RW          575    .bss                bsp_can.o
    0x20000b74        -       0x0000003c   Zero   RW         1164    .bss                bmi088.o
    0x20000bb0        -       0x0000001c   Zero   RW         1216    .bss                minipc.o
    0x20000bcc        -       0x00000050   Zero   RW         1285    .bss                motor.o
    0x20000c1c        -       0x00000060   Zero   RW         1332    .bss                remote_control.o
    0x20000c7c        -       0x00000454   Zero   RW         1463    .bss                freertos.o
    0x200010d0        -       0x00000050   Zero   RW         1526    .bss                can.o
    0x20001120        -       0x00000058   Zero   RW         1598    .bss                spi.o
    0x20001178        -       0x000000d8   Zero   RW         1643    .bss                tim.o
    0x20001250        -       0x000000a4   Zero   RW         1700    .bss                usart.o
    0x200012f4        -       0x00000048   Zero   RW         1866    .bss                stm32f4xx_hal_timebase_tim.o
    0x2000133c        -       0x000000f0   Zero   RW         2481    .bss                tasks.o
    0x2000142c        -       0x00006000   Zero   RW         3184    .bss                heap_4.o
    0x2000742c        -       0x000002dc   Zero   RW         7004    .bss                usb_device.o
    0x20007708        -       0x00000200   Zero   RW         7043    .bss                usbd_desc.o
    0x20007908        -       0x00001000   Zero   RW         7118    .bss                usbd_cdc_if.o
    0x20008908        -       0x0000072c   Zero   RW         7200    .bss                usbd_conf.o
    0x20009034        -       0x00000060   Zero   RW         8512    .bss                c_w.l(libspace.o)
    0x20009094   COMPRESSED   0x00000004   PAD
    0x20009098        -       0x00002000   Zero   RW         1900    HEAP                startup_stm32f407xx.o
    0x2000b098        -       0x00002000   Zero   RW         1899    STACK               startup_stm32f407xx.o


    Execution Region RW_IRAM2 (Exec base: 0x2001c000, Load base: 0x0800f4e0, Size: 0x00000000, Max: 0x00004000, ABSOLUTE)

    **** No section assigned to this execution region ****


==============================================================================

Image component sizes


      Code (inc. data)   RO Data    RW Data    ZI Data      Debug   Object Name

      2726         84          0          0          0      29392   api_quaternion.o
      1338         52          0          0          0       7254   api_trajectory.o
      1020         34          0         44         60       8933   bmi088.o
       398         42          0        108         40       4476   bsp_can.o
       324         50          0         64          0       2858   bsp_dwt.o
        64         24          0          0          0       1806   bsp_gpio.o
         0          0          0          0          0       5788   bsp_mcu.o
        36          4          0          0          0        569   bsp_spi.o
        70          0          0          0          0       1586   bsp_tick.o
        56          6          0          0          0       1357   bsp_tim.o
       400         46          0          4         80       2490   can.o
       180         24          0          0          0     715733   cantxtask.o
       182          0          0          0          0      29908   cmsis_os.o
      1604        168          0        332        640       7877   controltask.o
       112          8        768          2          0       2304   crc.o
        44          4          0          0          0        762   dma.o
         0          0          0          0          0      15120   event_groups.o
       152         16        220         20       1108       2398   freertos.o
       284         16          0          0          0       1107   gpio.o
       480         26          0         32      24576       7519   heap_4.o
       564         72          0        324        668      40009   ins_task.o
      1712          0          0          0          0       5600   kalman.o
       138          0          0          0          0       3546   list.o
       128          6          0          0          0       3052   lpf.o
       278         20          0          0          0       2824   main.o
        92          8          0         76         28       4689   minipc.o
       536         36          0        120         80       3760   motor.o
       594         18          0          0          0       8306   pid.o
       786         84          0         12          0      11885   port.o
       548         34          0          2         96       5094   remote_control.o
       216         26          0          0         88       1729   spi.o
        64         26        392          0      16384        808   startup_stm32f407xx.o
       830         48          0         20         16       5029   statetask.o
       116         18          0         12          0       8678   stm32f4xx_hal.o
      1770          6          0          0          0      14547   stm32f4xx_hal_can.o
       158         14          0          0          0      33222   stm32f4xx_hal_cortex.o
      1018         14          8          0          0       5787   stm32f4xx_hal_dma.o
       504         50          0          0          0       3480   stm32f4xx_hal_gpio.o
        56          4          0          0          0        846   stm32f4xx_hal_msp.o
      2624         14          0          0          0      14240   stm32f4xx_hal_pcd.o
        76          0          0          0          0       2477   stm32f4xx_hal_pcd_ex.o
      1578         96          0          0          0       8564   stm32f4xx_hal_rcc.o
       954         14          0          0          0       4709   stm32f4xx_hal_spi.o
      2212        168          0          0          0      17549   stm32f4xx_hal_tim.o
       232         30          0          0          0       3341   stm32f4xx_hal_tim_ex.o
       152         18          0          0         72       1539   stm32f4xx_hal_timebase_tim.o
      1348         16          0          0          0       9572   stm32f4xx_hal_uart.o
       106         36          0          0          0       6066   stm32f4xx_it.o
      2970        138          0          0          0      24351   stm32f4xx_ll_usb.o
        16          4         24          4          0       1115   system_stm32f4xx.o
      1828        140          0         60        240      23146   tasks.o
       748         74          0          0        216       4040   tim.o
       240         36          0          0        164       1785   usart.o
       128         22          0          0        732        856   usb_device.o
      1424         40          0        139          0      14537   usbd_cdc.o
       128         20          0         20       4096       4144   usbd_cdc_if.o
       658         22          0          0       1836      16752   usbd_conf.o
      1028          0          0          0          0      16245   usbd_core.o
      1902         30          0          1          0      18020   usbd_ctlreq.o
       358        112          0         78        512       6849   usbd_desc.o
       132          0          0          0          0       4484   usbd_ioreq.o
       208         26          0         68         12       1484   vision_task.o

    ----------------------------------------------------------------------
     40704       2144       1444       1556      51744    1217993   Object Totals
         0          0         32          0          0          0   (incl. Generated)
        76          0          0         14          0          0   (incl. Padding)

    ----------------------------------------------------------------------

      Code (inc. data)   RO Data    RW Data    ZI Data      Debug   Library Member Name

         0          0       2052          0          0       4704   arm_common_tables.o
       120         12          0          0          0      17170   arm_cos_f32.o
       264          0          0          0          0       1826   arm_mat_add_f32.o
         8          0          0          0          0        999   arm_mat_init_f32.o
      1328          4          0          0          0       4782   arm_mat_inverse_f32.o
       316          4          0          0          0       2375   arm_mat_mult_f32.o
       264          0          0          0          0       1826   arm_mat_sub_f32.o
       276          0          0          0          0       2240   arm_mat_trans_f32.o
       148         18          0          0          0        814   arm_sin_f32.o
        90          0          0          0          0          0   __dczerorl2.o
         8          0          0          0          0         68   __main.o
         0          0          0          0          0          0   __rtentry.o
        12          0          0          0          0          0   __rtentry2.o
         6          0          0          0          0          0   __rtentry4.o
        52          8          0          0          0          0   __scatter.o
        28          0          0          0          0          0   __scatter_zi.o
        48          4          0          0          0         84   _fptrap.o
        22          0          0          0          0        100   _rserrno.o
        16          0          0          0          0         68   aeabi_memset.o
        10          0          0          0          0         68   defsig_exit.o
       172        110          0          0          0         76   defsig_fpe_inner.o
        14          0          0          0          0         80   defsig_fpe_outer.o
        50          0          0          0          0         88   defsig_general.o
        80         58          0          0          0         76   defsig_rtmem_inner.o
        14          0          0          0          0         80   defsig_rtmem_outer.o
        18          0          0          0          0         80   exit.o
        94          0          0          0          0         80   h1_alloc.o
        52          0          0          0          0         68   h1_extend.o
        78          0          0          0          0         80   h1_free.o
        14          0          0          0          0         84   h1_init.o
         6          0          0          0          0        152   heapauxi.o
         4          0          0          0          0        136   hguard.o
         0          0          0          0          0          0   indicate_semi.o
       138          0          0          0          0        168   init_alloc.o
         2          0          0          0          0          0   libinit.o
        14          0          0          0          0          0   libinit2.o
         2          0          0          0          0          0   libshutdown.o
         2          0          0          0          0          0   libshutdown2.o
         8          4          0          0         96         68   libspace.o
       238          0          0          0          0        100   lludivv7m.o
         0          0          0          0          0          0   maybetermalloc1.o
         8          4          0          0          0         68   rt_errno_addr_intlibspace.o
         8          4          0          0          0         68   rt_heap_descriptor_intlibspace.o
        68          0          0          0          0         68   rt_memclr.o
        78          0          0          0          0         80   rt_memclr_w.o
       138          0          0          0          0         68   rt_memcpy_v6.o
       100          0          0          0          0         80   rt_memcpy_w.o
         2          0          0          0          0          0   rtexit.o
        10          0          0          0          0          0   rtexit2.o
        12          4          0          0          0         68   sys_exit.o
        74          0          0          0          0         80   sys_stackheap_outer.o
        14          0          0          0          0         76   sys_wrch.o
         2          0          0          0          0         68   use_no_semi.o
        24          0          0          0          0        164   basic.o
       708         16          0          0          0        140   d2f_clz.o
      1336         32          0          0          0        532   daddsub_clz.o
        24          0          0          0          0        116   dcmpi.o
       892        152          0          0          0        292   ddiv_clz.o
       116          8          0          0          0        140   deqf.o
       200         16          0          0          0        184   dfix.o
       110          0          0          0          0        348   dflt_clz.o
       120          8          0          0          0        140   dleqf.o
       448         16          0          0          0        164   dmul_clz.o
       258          4          0          0          0        156   dnaninf.o
       112          0          0          0          0        160   drenorm_clz.o
        12          0          0          0          0        116   dretinf.o
        98          0          0          0          0        128   drleqf.o
       520         56          0          0          0        180   dsqrt_umaalclz.o
       378          0          0          0          0        168   dunder_clz.o
       492         36          0          0          0        148   except.o
       122          8          0          0          0        132   f2d.o
       242          4          0          0          0        144   fnaninf.o
        10          0          0          0          0        116   fpinit.o
        10          0          0          0          0        116   fretinf.o
       316          0          0          0          0        132   funder_clz.o
       178          0          0          0          0        116   retnan.o
       126          0          0          0          0        148   trapv.o
         0          0          0          0          0          0   usenofp.o
       280         46          0          0          0        176   acosf.o
       300         42          0          0          0        176   asinf.o
       744        106        152          0          0        352   atan.o
       512         64          0          0          0        208   atan2.o
       684         90          0          0          0        208   atan2f.o
       200         20          0          0          0        164   cos.o
       368         46         48          0          0        200   cos_i.o
       136         24          0          0          0        620   dunder.o
       856        142         88          0          0        288   exp.o
        44          0          0          0          0        248   fabs.o
        48          0          0          0          0        124   fpclassify.o
        38          0          0          0          0        116   fpclassifyf.o
        44         12          0          0          0        464   funder.o
       248          0          0          0          0        152   poly.o
         0          0          8          0          0          0   qnan.o
      1080        142        200          0          0        188   rred.o
       304         24         40          0          0        208   sin_i.o
       122          0          0          0          0        148   sqrt_full.o
        62          0          0          0          0        136   sqrtf_full.o

    ----------------------------------------------------------------------
     17472       1352       2588          0        100      47620   Library Totals
        20          4          0          0          4          0   (incl. Padding)

    ----------------------------------------------------------------------

      Code (inc. data)   RO Data    RW Data    ZI Data      Debug   Library Name

      2724         38       2052          0          0      36736   arm_cortexM4lf_math.lib
      1806        196          0          0         96       2528   c_w.l
      6852        356          0          0          0       4180   g_wm.l
      6070        758        536          0          0       4176   m_wm.l

    ----------------------------------------------------------------------
     17472       1352       2588          0        100      47620   Library Totals

    ----------------------------------------------------------------------

==============================================================================


      Code (inc. data)   RO Data    RW Data    ZI Data      Debug   

     58176       3496       4032       1556      51844    1219509   Grand Totals
     58176       3496       4032        480      51844    1219509   ELF Image Totals (compressed)
     58176       3496       4032        480          0          0   ROM Totals

==============================================================================

    Total RO  Size (Code + RO Data)                62208 (  60.75kB)
    Total RW  Size (RW Data + ZI Data)             53400 (  52.15kB)
    Total ROM Size (Code + RO Data + RW Data)      62688 (  61.22kB)

==============================================================================

